Component: ARM Compiler 5.06 update 5 (build 528) Tool: armlink [4d35e2]

==============================================================================

Section Cross References

    startup_stm32f407xx.o(STACK) refers (Special) to heapauxi.o(.text) for __use_two_region_memory
    startup_stm32f407xx.o(HEAP) refers (Special) to heapauxi.o(.text) for __use_two_region_memory
    startup_stm32f407xx.o(RESET) refers (Special) to heapauxi.o(.text) for __use_two_region_memory
    startup_stm32f407xx.o(RESET) refers to startup_stm32f407xx.o(STACK) for __initial_sp
    startup_stm32f407xx.o(RESET) refers to startup_stm32f407xx.o(.text) for Reset_Handler
    startup_stm32f407xx.o(RESET) refers to stm32f4xx_it.o(i.NMI_Handler) for NMI_Handler
    startup_stm32f407xx.o(RESET) refers to stm32f4xx_it.o(i.HardFault_Handler) for HardFault_Handler
    startup_stm32f407xx.o(RESET) refers to stm32f4xx_it.o(i.MemManage_Handler) for MemManage_Handler
    startup_stm32f407xx.o(RESET) refers to stm32f4xx_it.o(i.BusFault_Handler) for BusFault_Handler
    startup_stm32f407xx.o(RESET) refers to stm32f4xx_it.o(i.UsageFault_Handler) for UsageFault_Handler
    startup_stm32f407xx.o(RESET) refers to port.o(.emb_text) for SVC_Handler
    startup_stm32f407xx.o(RESET) refers to stm32f4xx_it.o(i.DebugMon_Handler) for DebugMon_Handler
    startup_stm32f407xx.o(RESET) refers to port.o(i.SysTick_Handler) for SysTick_Handler
    startup_stm32f407xx.o(RESET) refers to stm32f4xx_it.o(i.DMA1_Stream1_IRQHandler) for DMA1_Stream1_IRQHandler
    startup_stm32f407xx.o(RESET) refers to stm32f4xx_it.o(i.CAN1_TX_IRQHandler) for CAN1_TX_IRQHandler
    startup_stm32f407xx.o(RESET) refers to stm32f4xx_it.o(i.CAN1_RX0_IRQHandler) for CAN1_RX0_IRQHandler
    startup_stm32f407xx.o(RESET) refers to stm32f4xx_it.o(i.CAN1_RX1_IRQHandler) for CAN1_RX1_IRQHandler
    startup_stm32f407xx.o(RESET) refers to stm32f4xx_it.o(i.USART1_IRQHandler) for USART1_IRQHandler
    startup_stm32f407xx.o(RESET) refers to remote_control.o(i.USART3_IRQHandler) for USART3_IRQHandler
    startup_stm32f407xx.o(RESET) refers to stm32f4xx_it.o(i.TIM6_DAC_IRQHandler) for TIM6_DAC_IRQHandler
    startup_stm32f407xx.o(RESET) refers to stm32f4xx_it.o(i.DMA2_Stream2_IRQHandler) for DMA2_Stream2_IRQHandler
    startup_stm32f407xx.o(RESET) refers to stm32f4xx_it.o(i.DMA2_Stream3_IRQHandler) for DMA2_Stream3_IRQHandler
    startup_stm32f407xx.o(RESET) refers to stm32f4xx_it.o(i.CAN2_TX_IRQHandler) for CAN2_TX_IRQHandler
    startup_stm32f407xx.o(RESET) refers to stm32f4xx_it.o(i.CAN2_RX0_IRQHandler) for CAN2_RX0_IRQHandler
    startup_stm32f407xx.o(RESET) refers to stm32f4xx_it.o(i.CAN2_RX1_IRQHandler) for CAN2_RX1_IRQHandler
    startup_stm32f407xx.o(RESET) refers to stm32f4xx_it.o(i.OTG_FS_IRQHandler) for OTG_FS_IRQHandler
    startup_stm32f407xx.o(RESET) refers to stm32f4xx_it.o(i.USART6_IRQHandler) for USART6_IRQHandler
    startup_stm32f407xx.o(.text) refers (Special) to heapauxi.o(.text) for __use_two_region_memory
    startup_stm32f407xx.o(.text) refers to system_stm32f4xx.o(i.SystemInit) for SystemInit
    startup_stm32f407xx.o(.text) refers to __main.o(!!!main) for __main
    startup_stm32f407xx.o(.text) refers to startup_stm32f407xx.o(HEAP) for Heap_Mem
    startup_stm32f407xx.o(.text) refers to startup_stm32f407xx.o(STACK) for Stack_Mem
    main.o(i.HAL_TIM_PeriodElapsedCallback) refers to stm32f4xx_hal.o(i.HAL_IncTick) for HAL_IncTick
    main.o(i.SystemClock_Config) refers to rt_memclr_w.o(.text) for __aeabi_memclr4
    main.o(i.SystemClock_Config) refers to stm32f4xx_hal_rcc.o(i.HAL_RCC_OscConfig) for HAL_RCC_OscConfig
    main.o(i.SystemClock_Config) refers to main.o(i.Error_Handler) for Error_Handler
    main.o(i.SystemClock_Config) refers to stm32f4xx_hal_rcc.o(i.HAL_RCC_ClockConfig) for HAL_RCC_ClockConfig
    main.o(i.main) refers to stm32f4xx_hal.o(i.HAL_Init) for HAL_Init
    main.o(i.main) refers to main.o(i.SystemClock_Config) for SystemClock_Config
    main.o(i.main) refers to gpio.o(i.MX_GPIO_Init) for MX_GPIO_Init
    main.o(i.main) refers to dma.o(i.MX_DMA_Init) for MX_DMA_Init
    main.o(i.main) refers to spi.o(i.MX_SPI1_Init) for MX_SPI1_Init
    main.o(i.main) refers to tim.o(i.MX_TIM4_Init) for MX_TIM4_Init
    main.o(i.main) refers to usart.o(i.MX_USART3_UART_Init) for MX_USART3_UART_Init
    main.o(i.main) refers to usart.o(i.MX_USART1_UART_Init) for MX_USART1_UART_Init
    main.o(i.main) refers to usart.o(i.MX_USART6_UART_Init) for MX_USART6_UART_Init
    main.o(i.main) refers to can.o(i.MX_CAN1_Init) for MX_CAN1_Init
    main.o(i.main) refers to can.o(i.MX_CAN2_Init) for MX_CAN2_Init
    main.o(i.main) refers to remote_control.o(i.remote_control_init) for remote_control_init
    main.o(i.main) refers to bsp_buzzer.o(i.Buzzer_Init) for Buzzer_Init
    main.o(i.main) refers to can_receive.o(i.canfilter_init_start) for canfilter_init_start
    main.o(i.main) refers to usb_device.o(i.MX_USB_DEVICE_Init) for MX_USB_DEVICE_Init
[...]
    pxPortInitialiseStack                    0x0800a529   Thumb Code    38  port.o(i.pxPortInitialiseStack)
    remote_control_init                      0x0800a555   Thumb Code    16  remote_control.o(i.remote_control_init)
    shoot_motor_mode_set                     0x0800aa5d   Thumb Code    12  shoot_behaviour.o(i.shoot_motor_mode_set)
    shoot_task                               0x0800aa69   Thumb Code    80  shoot_task.o(i.shoot_task)
    sqrtf                                    0x0800aabd   Thumb Code    62  sqrtf_full.o(i.sqrtf)
    test_task                                0x0800aafd   Thumb Code    48  test_task.o(i.test_task)
    toe_is_error                             0x0800ab39   Thumb Code    20  detect_task.o(i.toe_is_error)
    uxListRemove                             0x0800ab51   Thumb Code    38  list.o(i.uxListRemove)
    vApplicationGetIdleTaskMemory            0x0800ab79   Thumb Code    14  freertos.o(i.vApplicationGetIdleTaskMemory)
    vApplicationGetTimerTaskMemory           0x0800ab91   Thumb Code    16  freertos.o(i.vApplicationGetTimerTaskMemory)
    vListInitialise                          0x0800aba9   Thumb Code    22  list.o(i.vListInitialise)
    vListInitialiseItem                      0x0800abbf   Thumb Code     6  list.o(i.vListInitialiseItem)
    vListInsert                              0x0800abc5   Thumb Code    54  list.o(i.vListInsert)
    vListInsertEnd                           0x0800abfb   Thumb Code    24  list.o(i.vListInsertEnd)
    vPortEnterCritical                       0x0800ac15   Thumb Code    54  port.o(i.vPortEnterCritical)
    vPortExitCritical                        0x0800ac55   Thumb Code    38  port.o(i.vPortExitCritical)
    vPortFree                                0x0800ac81   Thumb Code    88  heap_4.o(i.vPortFree)
    vPortSetupTimerInterrupt                 0x0800acdd   Thumb Code    32  port.o(i.vPortSetupTimerInterrupt)
    vPortValidateInterruptPriority           0x0800ad01   Thumb Code    74  port.o(i.vPortValidateInterruptPriority)
    vQueueAddToRegistry                      0x0800ad55   Thumb Code    34  queue.o(i.vQueueAddToRegistry)
    vQueueWaitForMessageRestricted           0x0800ad7d   Thumb Code    74  queue.o(i.vQueueWaitForMessageRestricted)
    vTaskDelay                               0x0800adc9   Thumb Code    70  tasks.o(i.vTaskDelay)
    vTaskInternalSetTimeOutState             0x0800ae19   Thumb Code    12  tasks.o(i.vTaskInternalSetTimeOutState)
    vTaskMissedYield                         0x0800ae29   Thumb Code     8  tasks.o(i.vTaskMissedYield)
    vTaskPlaceOnEventList                    0x0800ae35   Thumb Code    48  tasks.o(i.vTaskPlaceOnEventList)
    vTaskPlaceOnEventListRestricted          0x0800ae69   Thumb Code    54  tasks.o(i.vTaskPlaceOnEventListRestricted)
    vTaskStartScheduler                      0x0800aea5   Thumb Code   128  tasks.o(i.vTaskStartScheduler)
    vTaskSuspendAll                          0x0800af35   Thumb Code    10  tasks.o(i.vTaskSuspendAll)
    vTaskSwitchContext                       0x0800af45   Thumb Code    86  tasks.o(i.vTaskSwitchContext)
    vofa_justfloat                           0x0800afa5   Thumb Code    84  vofa_task.o(i.vofa_justfloat)
    vofa_task                                0x0800aff9   Thumb Code    90  vofa_task.o(i.vofa_task)
    xPortStartScheduler                      0x0800b059   Thumb Code   232  port.o(i.xPortStartScheduler)
    xQueueGenericCreateStatic                0x0800b15d   Thumb Code   112  queue.o(i.xQueueGenericCreateStatic)
    xQueueGenericReset                       0x0800b1cd   Thumb Code   138  queue.o(i.xQueueGenericReset)
    xQueueGenericSend                        0x0800b25d   Thumb Code   362  queue.o(i.xQueueGenericSend)
    xQueueGenericSendFromISR                 0x0800b3cd   Thumb Code   188  queue.o(i.xQueueGenericSendFromISR)
    xQueueReceive                            0x0800b489   Thumb Code   322  queue.o(i.xQueueReceive)
    xTaskCheckForTimeOut                     0x0800b5d1   Thumb Code   122  tasks.o(i.xTaskCheckForTimeOut)
    xTaskCreate                              0x0800b651   Thumb Code   108  tasks.o(i.xTaskCreate)
    xTaskCreateStatic                        0x0800b6bd   Thumb Code    96  tasks.o(i.xTaskCreateStatic)
    xTaskGetSchedulerState                   0x0800b71d   Thumb Code    24  tasks.o(i.xTaskGetSchedulerState)
    xTaskGetTickCount                        0x0800b739   Thumb Code     6  tasks.o(i.xTaskGetTickCount)
    xTaskIncrementTick                       0x0800b745   Thumb Code   200  tasks.o(i.xTaskIncrementTick)
    xTaskPriorityDisinherit                  0x0800b815   Thumb Code   146  tasks.o(i.xTaskPriorityDisinherit)
    xTaskRemoveFromEventList                 0x0800b8b1   Thumb Code   108  tasks.o(i.xTaskRemoveFromEventList)
    xTaskResumeAll                           0x0800b929   Thumb Code   190  tasks.o(i.xTaskResumeAll)
    xTimerCreateTimerTask                    0x0800b9f5   Thumb Code    86  timers.o(i.xTimerCreateTimerTask)
    xTimerGenericCommand                     0x0800ba5d   Thumb Code   112  timers.o(i.xTimerGenericCommand)
    __aeabi_d2f                              0x0800bad1   Thumb Code     0  d2f_clz.o(x$fpl$d2f)
    _d2f                                     0x0800bad1   Thumb Code   700  d2f_clz.o(x$fpl$d2f)
    __aeabi_i2d                              0x0800bd95   Thumb Code     0  dflt_clz.o(x$fpl$dflt)
    _dflt                                    0x0800bd95   Thumb Code    46  dflt_clz.o(x$fpl$dflt)
    __aeabi_dmul                             0x0800bdc5   Thumb Code     0  dmul_clz.o(x$fpl$dmul)
    _dmul                                    0x0800bdc5   Thumb Code   440  dmul_clz.o(x$fpl$dmul)
    __fpl_dnaninf                            0x0800bf85   Thumb Code   258  dnaninf.o(x$fpl$dnaninf)
    __fpl_drenorm2                           0x0800c087   Thumb Code   106  drenorm_clz.o(x$fpl$drenorm)
    __fpl_drenorm1                           0x0800c0f1   Thumb Code     6  drenorm_clz.o(x$fpl$drenorm)
    __fpl_dretinf                            0x0800c0f7   Thumb Code    12  dretinf.o(x$fpl$dretinf)
    __dunder                                 0x0800c103   Thumb Code   314  dunder_clz.o(x$fpl$dunder)
    __dunder_d                               0x0800c23d   Thumb Code    64  dunder_clz.o(x$fpl$dunder)
    __fpl_exception                          0x0800c27d   Thumb Code   454  except.o(x$fpl$exception)
    _fp_init                                 0x0800c469   Thumb Code    10  fpinit.o(x$fpl$fpinit)
    __fplib_config_fpu_vfp                   0x0800c471   Thumb Code     0  fpinit.o(x$fpl$fpinit)
    __fplib_config_pureend_doubles           0x0800c471   Thumb Code     0  fpinit.o(x$fpl$fpinit)
    __fpl_fretinf                            0x0800c473   Thumb Code    10  fretinf.o(x$fpl$fretinf)
    __funder                                 0x0800c47d   Thumb Code   254  funder_clz.o(x$fpl$funder)
    __funder_d                               0x0800c57b   Thumb Code    62  funder_clz.o(x$fpl$funder)
    __fpl_return_NaN                         0x0800c5b9   Thumb Code   178  retnan.o(x$fpl$retnan)
    _fp_trapveneer                           0x0800c66b   Thumb Code    36  trapv.o(x$fpl$trapveneer)
    __fpl_cmpreturn                          0x0800c68f   Thumb Code    90  trapv.o(x$fpl$trapveneer)
    __I$use$fp                               0x0800c6e8   Number         0  usenofp.o(x$fpl$usenofp)
    AHBPrescTable                            0x0800c7c8   Data          16  system_stm32f4xx.o(.constdata)
    APBPrescTable                            0x0800c7d8   Data           8  system_stm32f4xx.o(.constdata)
    Region$$Table$$Base                      0x0800c90c   Number         0  anon$$obj.o(Region$$Table)
    Region$$Table$$Limit                     0x0800c92c   Number         0  anon$$obj.o(Region$$Table)
    TEST_TASKHandle                          0x20000000   Data           4  freertos.o(.data)
    GIMBAL_TASKHandle                        0x20000004   Data           4  freertos.o(.data)
    INS_TASKHandle                           0x20000008   Data           4  freertos.o(.data)
    DETECT_TASKHandle                        0x2000000c   Data           4  freertos.o(.data)
    SHOOT_TASKHandle                         0x20000010   Data           4  freertos.o(.data)
    VOFA_TASKHandle                          0x20000014   Data           4  freertos.o(.data)
    AIMBOTS_TASKHandle                       0x20000018   Data           4  freertos.o(.data)
    COMMUNICATE_TASHandle                    0x2000001c   Data           4  freertos.o(.data)
    FS_Desc                                  0x20000024   Data          28  usbd_desc.o(.data)
    USBD_FS_DeviceDesc                       0x20000040   Data          18  usbd_desc.o(.data)
    USBD_LangIDDesc                          0x20000054   Data           4  usbd_desc.o(.data)
    USBD_StringSerial                        0x20000058   Data          26  usbd_desc.o(.data)
    USBD_Interface_fops_FS                   0x20000074   Data          16  usbd_cdc_if.o(.data)
    SystemCoreClock                          0x20000084   Data           4  system_stm32f4xx.o(.data)
    aim_yaw_set                              0x20000090   Data           4  gimbal_behaviour.o(.data)
    aim_pitch_set                            0x20000094   Data           4  gimbal_behaviour.o(.data)
    yaw_relative_init                        0x200000a0   Data           4  gimbal_task.o(.data)
    imu_to_pc                                0x200000ac   Data           4  ins_task.o(.data)
    Bee_flag                                 0x200000b2   Data           1  test_task.o(.data)
    psc                                      0x200000b4   Data           2  test_task.o(.data)
    pwm                                      0x200000b6   Data           2  test_task.o(.data)
    rx_data1                                 0x200000b8   Data           7  can_receive.o(.data)
    rx_data2                                 0x200000bf   Data           7  can_receive.o(.data)
    fire_flag                                0x200000d0   Data           1  aimbots_task.o(.data)
    a                                        0x200000d1   Data          18  aimbots_task.o(.data)
    buffet_speed                             0x200000e4   Data           4  aimbots_task.o(.data)
    shoot_debug                              0x200000e8   Data           4  vofa_task.o(.data)
    fric1                                    0x200000ec   Data           2  shoot_task.o(.data)
    fric2                                    0x200000ee   Data           2  shoot_task.o(.data)
    chassis_data                             0x200000f8   Data           4  communicate_task.o(.data)
    BMI088_ACCEL_SEN                         0x20000100   Data           4  bmi088driver.o(.data)
    BMI088_GYRO_SEN                          0x20000104   Data           4  bmi088driver.o(.data)
    twoKp                                    0x2000012c   Data           4  mahonyahrs.o(.data)
    twoKi                                    0x20000130   Data           4  mahonyahrs.o(.data)
    integralFBx                              0x20000134   Data           4  mahonyahrs.o(.data)
    integralFBy                              0x20000138   Data           4  mahonyahrs.o(.data)
    integralFBz                              0x2000013c   Data           4  mahonyahrs.o(.data)
    uwTickFreq                               0x20000164   Data           1  stm32f4xx_hal.o(.data)
    uwTickPrio                               0x20000168   Data           4  stm32f4xx_hal.o(.data)
    uwTick                                   0x2000016c   Data           4  stm32f4xx_hal.o(.data)
    pxCurrentTCB                             0x20000170   Data           4  tasks.o(.data)
    USBD_CDC_CfgHSDesc                       0x200001f4   Data          67  usbd_cdc.o(.data)
    USBD_CDC_CfgFSDesc                       0x20000238   Data          67  usbd_cdc.o(.data)
    USBD_CDC_OtherSpeedCfgDesc               0x2000027c   Data          67  usbd_cdc.o(.data)
    USBD_CDC                                 0x200002c0   Data          56  usbd_cdc.o(.data)
    hcan1                                    0x200009a0   Data          40  can.o(.bss)
    hcan2                                    0x200009c8   Data          40  can.o(.bss)
    hspi1                                    0x200009f0   Data          88  spi.o(.bss)
    hdma_spi1_rx                             0x20000a48   Data          96  spi.o(.bss)
    hdma_spi1_tx                             0x20000aa8   Data          96  spi.o(.bss)
    htim4                                    0x20000b08   Data          64  tim.o(.bss)
    huart1                                   0x20000b48   Data          64  usart.o(.bss)
    huart3                                   0x20000b88   Data          64  usart.o(.bss)
    huart6                                   0x20000bc8   Data          64  usart.o(.bss)
    hdma_usart3_rx                           0x20000c08   Data          96  usart.o(.bss)
    hUsbDeviceFS                             0x20000c68   Data         668  usb_device.o(.bss)
    hpcd_USB_OTG_FS                          0x20000f04   Data        1032  usbd_conf.o(.bss)
    USBD_StrDesc                             0x2000130c   Data         512  usbd_desc.o(.bss)
    usb_recive_buffer                        0x2000150c   Data         100  usbd_cdc_if.o(.bss)
    UserRxBufferFS                           0x20001570   Data        2048  usbd_cdc_if.o(.bss)
    UserTxBufferFS                           0x20001d70   Data        2048  usbd_cdc_if.o(.bss)
    htim6                                    0x20002570   Data          64  stm32f4xx_hal_timebase_tim.o(.bss)
    error_list                               0x200025b0   Data         216  detect_task.o(.bss)
    gimbal_control                           0x20002688   Data        1336  gimbal_task.o(.bss)
    bmi088_real_data                         0x20002bc0   Data          48  ins_task.o(.bss)
    INS_quat                                 0x20002c58   Data          16  ins_task.o(.bss)
    INS_angle                                0x20002c68   Data          12  ins_task.o(.bss)
    gyro_offset                              0x20002c74   Data          12  ins_task.o(.bss)
    bmi088_radians                           0x20002c80   Data          12  ins_task.o(.bss)
    rc_ctrl                                  0x20002c8c   Data          22  remote_control.o(.bss)
    yaw_motor                                0x20002cea   Data          10  can_receive.o(.bss)
    pitch_motor                              0x20002cf4   Data          10  can_receive.o(.bss)
    friction_motor                           0x20002cfe   Data          20  can_receive.o(.bss)
    trigger_motor                            0x20002d12   Data          10  can_receive.o(.bss)
    auto_data                                0x20002d1c   Data          16  aimbots_task.o(.bss)
    Send_to_minpc                            0x20002d2c   Data          18  aimbots_task.o(.bss)
    Vofa_Data                                0x20002d40   Data          24  vofa_task.o(.bss)
    shoot_control                            0x20002d58   Data         272  shoot_task.o(.bss)
    xQueueRegistry                           0x20002e68   Data          64  queue.o(.bss)
    __libspace_start                         0x20006ca8   Data          96  libspace.o(.bss)
    __temporary_stack_top$libspace           0x20006d08   Data           0  libspace.o(.bss)



==============================================================================

Memory Map of the image

  Image Entry point : 0x08000189

  Load Region LR_IROM1 (Base: 0x08000000, Size: 0x0000cc24, Max: 0x00100000, ABSOLUTE, COMPRESSED[0x0000ca44])

    Execution Region ER_IROM1 (Exec base: 0x08000000, Load base: 0x08000000, Size: 0x0000c92c, Max: 0x00100000, ABSOLUTE)

    Exec Addr    Load Addr    Size         Type   Attr      Idx    E Section Name        Object

    0x08000000   0x08000000   0x00000188   Data   RO            3    RESET               startup_stm32f407xx.o
    0x08000188   0x08000188   0x00000008   Code   RO         8528  * !!!main             c_w.l(__main.o)
    0x08000190   0x08000190   0x00000034   Code   RO         8882    !!!scatter          c_w.l(__scatter.o)
    0x080001c4   0x080001c4   0x0000005a   Code   RO         8880    !!dczerorl2         c_w.l(__dczerorl2.o)
    0x0800021e   0x0800021e   0x00000002   PAD
    0x08000220   0x08000220   0x0000001c   Code   RO         8884    !!handler_zi        c_w.l(__scatter_zi.o)
    0x0800023c   0x0800023c   0x00000002   Code   RO         8819    .ARM.Collect$$libinit$$00000000  c_w.l(libinit.o)
    0x0800023e   0x0800023e   0x00000004   Code   RO         8652    .ARM.Collect$$libinit$$00000001  c_w.l(libinit2.o)
    0x08000242   0x08000242   0x00000000   Code   RO         8655    .ARM.Collect$$libinit$$00000004  c_w.l(libinit2.o)
    0x08000242   0x08000242   0x00000008   Code   RO         8656    .ARM.Collect$$libinit$$00000005  c_w.l(libinit2.o)
    0x0800024a   0x0800024a   0x00000000   Code   RO         8658    .ARM.Collect$$libinit$$0000000A  c_w.l(libinit2.o)
    0x0800024a   0x0800024a   0x00000000   Code   RO         8660    .ARM.Collect$$libinit$$0000000C  c_w.l(libinit2.o)
    0x0800024a   0x0800024a   0x00000000   Code   RO         8662    .ARM.Collect$$libinit$$0000000E  c_w.l(libinit2.o)
    0x0800024a   0x0800024a   0x00000000   Code   RO         8665    .ARM.Collect$$libinit$$00000011  c_w.l(libinit2.o)
    0x0800024a   0x0800024a   0x00000000   Code   RO         8667    .ARM.Collect$$libinit$$00000013  c_w.l(libinit2.o)
    0x0800024a   0x0800024a   0x00000000   Code   RO         8669    .ARM.Collect$$libinit$$00000015  c_w.l(libinit2.o)
    0x0800024a   0x0800024a   0x00000000   Code   RO         8671    .ARM.Collect$$libinit$$00000017  c_w.l(libinit2.o)
    0x0800024a   0x0800024a   0x00000000   Code   RO         8673    .ARM.Collect$$libinit$$00000019  c_w.l(libinit2.o)
    0x0800024a   0x0800024a   0x00000000   Code   RO         8675    .ARM.Collect$$libinit$$0000001B  c_w.l(libinit2.o)
    0x0800024a   0x0800024a   0x00000000   Code   RO         8677    .ARM.Collect$$libinit$$0000001D  c_w.l(libinit2.o)
    0x0800024a   0x0800024a   0x00000000   Code   RO         8679    .ARM.Collect$$libinit$$0000001F  c_w.l(libinit2.o)
    0x0800024a   0x0800024a   0x00000000   Code   RO         8681    .ARM.Collect$$libinit$$00000021  c_w.l(libinit2.o)
    0x0800024a   0x0800024a   0x00000000   Code   RO         8683    .ARM.Collect$$libinit$$00000023  c_w.l(libinit2.o)
    0x0800024a   0x0800024a   0x00000000   Code   RO         8685    .ARM.Collect$$libinit$$00000025  c_w.l(libinit2.o)
    0x0800024a   0x0800024a   0x00000000   Code   RO         8689    .ARM.Collect$$libinit$$0000002C  c_w.l(libinit2.o)
    0x0800024a   0x0800024a   0x00000000   Code   RO         8691    .ARM.Collect$$libinit$$0000002E  c_w.l(libinit2.o)
    0x0800024a   0x0800024a   0x00000000   Code   RO         8693    .ARM.Collect$$libinit$$00000030  c_w.l(libinit2.o)
    0x0800024a   0x0800024a   0x00000000   Code   RO         8695    .ARM.Collect$$libinit$$00000032  c_w.l(libinit2.o)
    0x0800024a   0x0800024a   0x00000002   Code   RO         8696    .ARM.Collect$$libinit$$00000033  c_w.l(libinit2.o)
    0x0800024c   0x0800024c   0x00000002   Code   RO         8877    .ARM.Collect$$libshutdown$$00000000  c_w.l(libshutdown.o)
    0x0800024e   0x0800024e   0x00000000   Code   RO         8835    .ARM.Collect$$libshutdown$$00000002  c_w.l(libshutdown2.o)
    0x0800024e   0x0800024e   0x00000000   Code   RO         8837    .ARM.Collect$$libshutdown$$00000004  c_w.l(libshutdown2.o)
    0x0800024e   0x0800024e   0x00000000   Code   RO         8840    .ARM.Collect$$libshutdown$$00000007  c_w.l(libshutdown2.o)
    0x0800024e   0x0800024e   0x00000000   Code   RO         8843    .ARM.Collect$$libshutdown$$0000000A  c_w.l(libshutdown2.o)
    0x0800024e   0x0800024e   0x00000000   Code   RO         8845    .ARM.Collect$$libshutdown$$0000000C  c_w.l(libshutdown2.o)
    0x0800024e   0x0800024e   0x00000000   Code   RO         8848    .ARM.Collect$$libshutdown$$0000000F  c_w.l(libshutdown2.o)
    0x0800024e   0x0800024e   0x00000002   Code   RO         8849    .ARM.Collect$$libshutdown$$00000010  c_w.l(libshutdown2.o)
    0x08000250   0x08000250   0x00000000   Code   RO         8616    .ARM.Collect$$rtentry$$00000000  c_w.l(__rtentry.o)
    0x08000250   0x08000250   0x00000000   Code   RO         8745    .ARM.Collect$$rtentry$$00000002  c_w.l(__rtentry2.o)
    0x08000250   0x08000250   0x00000006   Code   RO         8757    .ARM.Collect$$rtentry$$00000004  c_w.l(__rtentry4.o)
    0x08000256   0x08000256   0x00000000   Code   RO         8747    .ARM.Collect$$rtentry$$00000009  c_w.l(__rtentry2.o)
    0x08000256   0x08000256   0x00000004   Code   RO         8748    .ARM.Collect$$rtentry$$0000000A  c_w.l(__rtentry2.o)
    0x0800025a   0x0800025a   0x00000000   Code   RO         8750    .ARM.Collect$$rtentry$$0000000C  c_w.l(__rtentry2.o)
    0x0800025a   0x0800025a   0x00000008   Code   RO         8751    .ARM.Collect$$rtentry$$0000000D  c_w.l(__rtentry2.o)
    0x08000262   0x08000262   0x00000002   Code   RO         8822    .ARM.Collect$$rtexit$$00000000  c_w.l(rtexit.o)
    0x08000264   0x08000264   0x00000000   Code   RO         8853    .ARM.Collect$$rtexit$$00000002  c_w.l(rtexit2.o)
    0x08000264   0x08000264   0x00000004   Code   RO         8854    .ARM.Collect$$rtexit$$00000003  c_w.l(rtexit2.o)
    0x08000268   0x08000268   0x00000006   Code   RO         8855    .ARM.Collect$$rtexit$$00000004  c_w.l(rtexit2.o)
    0x0800026e   0x0800026e   0x00000002   PAD
    0x08000270   0x08000270   0x000000be   Code   RO         7815    .emb_text           port.o
    0x0800032e   0x0800032e   0x00000002   PAD
    0x08000330   0x08000330   0x00000000   Code   RO         8768    .emb_text           c_w.l(maybetermalloc1.o)
    0x08000330   0x08000330   0x00000040   Code   RO            4    .text               startup_stm32f407xx.o
    0x08000370   0x08000370   0x0000005e   Code   RO         8456    .text               c_w.l(h1_alloc.o)
    0x080003ce   0x080003ce   0x0000004e   Code   RO         8458    .text               c_w.l(h1_free.o)
    0x0800041c   0x0800041c   0x000000ee   Code   RO         8514    .text               c_w.l(lludivv7m.o)
    0x0800050a   0x0800050a   0x00000058   Code   RO         8516    .text               c_w.l(memcmp.o)
    0x08000562   0x08000562   0x0000008a   Code   RO         8518    .text               c_w.l(rt_memcpy_v6.o)
    0x080005ec   0x080005ec   0x00000064   Code   RO         8520    .text               c_w.l(rt_memcpy_w.o)
    0x08000650   0x08000650   0x0000004e   Code   RO         8524    .text               c_w.l(rt_memclr_w.o)
    0x0800069e   0x0800069e   0x00000006   Code   RO         8526    .text               c_w.l(heapauxi.o)
    0x080006a4   0x080006a4   0x00000008   Code   RO         8624    .text               c_w.l(rt_heap_descriptor_intlibspace.o)
    0x080006ac   0x080006ac   0x00000004   Code   RO         8626    .text               c_w.l(hguard.o)
    0x080006b0   0x080006b0   0x0000008a   Code   RO         8628    .text               c_w.l(init_alloc.o)
    0x0800073a   0x0800073a   0x0000000e   Code   RO         8632    .text               c_w.l(h1_init.o)
    0x08000748   0x08000748   0x00000016   Code   RO         8646    .text               c_w.l(_rserrno.o)
    0x0800075e   0x0800075e   0x00000002   PAD
    0x08000760   0x08000760   0x00000008   Code   RO         8741    .text               c_w.l(libspace.o)
    0x08000768   0x08000768   0x00000008   Code   RO         8764    .text               c_w.l(rt_errno_addr_intlibspace.o)
    0x08000770   0x08000770   0x00000034   Code   RO         8770    .text               c_w.l(h1_extend.o)
    0x080007a4   0x080007a4   0x00000030   Code   RO         8774    .text               c_w.l(_fptrap.o)
    0x080007d4   0x080007d4   0x0000000e   Code   RO         8776    .text               c_w.l(defsig_rtmem_outer.o)
    0x080007e2   0x080007e2   0x00000002   Code   RO         8791    .text               c_w.l(use_no_semi.o)
    0x080007e4   0x080007e4   0x00000000   Code   RO         8793    .text               c_w.l(indicate_semi.o)
    0x080007e4   0x080007e4   0x0000004a   Code   RO         8794    .text               c_w.l(sys_stackheap_outer.o)
    0x0800082e   0x0800082e   0x00000012   Code   RO         8800    .text               c_w.l(exit.o)
    0x08000840   0x08000840   0x0000000a   Code   RO         8802    .text               c_w.l(defsig_exit.o)
    0x0800084a   0x0800084a   0x0000000e   Code   RO         8804    .text               c_w.l(defsig_fpe_outer.o)
    0x08000858   0x08000858   0x00000050   Code   RO         8808    .text               c_w.l(defsig_rtmem_inner.o)
    0x080008a8   0x080008a8   0x0000000c   Code   RO         8820    .text               c_w.l(sys_exit.o)
    0x080008b4   0x080008b4   0x00000032   Code   RO         8830    .text               c_w.l(defsig_general.o)
    0x080008e6   0x080008e6   0x00000002   PAD
    0x080008e8   0x080008e8   0x000000ac   Code   RO         8832    .text               c_w.l(defsig_fpe_inner.o)
    0x08000994   0x08000994   0x0000000e   Code   RO         8850    .text               c_w.l(sys_wrch.o)
    0x080009a2   0x080009a2   0x00000002   PAD
    0x080009a4   0x080009a4   0x00000028   Code   RO         1762    i.AHRS_init         ins_task.o
    0x080009cc   0x080009cc   0x00000014   Code   RO         2396    i.BMI088_ACCEL_NS_H  bmi088middleware.o
    0x080009e0   0x080009e0   0x00000014   Code   RO         2397    i.BMI088_ACCEL_NS_L  bmi088middleware.o
    0x080009f4   0x080009f4   0x00000002   Code   RO         2398    i.BMI088_GPIO_init  bmi088middleware.o
    0x080009f6   0x080009f6   0x00000002   PAD
    0x080009f8   0x080009f8   0x00000014   Code   RO         2399    i.BMI088_GYRO_NS_H  bmi088middleware.o
    0x08000a0c   0x08000a0c   0x00000014   Code   RO         2400    i.BMI088_GYRO_NS_L  bmi088middleware.o
    0x08000a20   0x08000a20   0x00000002   Code   RO         2401    i.BMI088_com_init   bmi088middleware.o
    0x08000a22   0x08000a22   0x0000001a   Code   RO         2402    i.BMI088_delay_ms   bmi088middleware.o
    0x08000a3c   0x08000a3c   0x0000004a   Code   RO         2403    i.BMI088_delay_us   bmi088middleware.o
    0x08000a86   0x08000a86   0x0000001c   Code   RO         2327    i.BMI088_init       bmi088driver.o
    0x08000aa2   0x08000aa2   0x00000002   PAD
    0x08000aa4   0x08000aa4   0x0000017c   Code   RO         2328    i.BMI088_read       bmi088driver.o
    0x08000c20   0x08000c20   0x00000026   Code   RO         2329    i.BMI088_read_muli_reg  bmi088driver.o
    0x08000c46   0x08000c46   0x00000018   Code   RO         2330    i.BMI088_read_single_reg  bmi088driver.o
    0x08000c5e   0x08000c5e   0x00000002   PAD
    0x08000c60   0x08000c60   0x00000020   Code   RO         2404    i.BMI088_read_write_byte  bmi088middleware.o
    0x08000c80   0x08000c80   0x00000014   Code   RO         2331    i.BMI088_write_single_reg  bmi088driver.o
    0x08000c94   0x08000c94   0x00000004   Code   RO         1022    i.BusFault_Handler  stm32f4xx_it.o
    0x08000c98   0x08000c98   0x00000018   Code   RO         1258    i.Buzzer_Init       bsp_buzzer.o
    0x08000cb0   0x08000cb0   0x00000010   Code   RO         1023    i.CAN1_RX0_IRQHandler  stm32f4xx_it.o
    0x08000cc0   0x08000cc0   0x00000010   Code   RO         1024    i.CAN1_RX1_IRQHandler  stm32f4xx_it.o
    0x08000cd0   0x08000cd0   0x00000010   Code   RO         1025    i.CAN1_TX_IRQHandler  stm32f4xx_it.o
    0x08000ce0   0x08000ce0   0x00000010   Code   RO         1026    i.CAN2_RX0_IRQHandler  stm32f4xx_it.o
    0x08000cf0   0x08000cf0   0x00000010   Code   RO         1027    i.CAN2_RX1_IRQHandler  stm32f4xx_it.o
    0x08000d00   0x08000d00   0x00000010   Code   RO         1028    i.CAN2_TX_IRQHandler  stm32f4xx_it.o
    0x08000d10   0x08000d10   0x00000040   Code   RO         2004    i.CAN_cmd_firc      can_receive.o
    0x08000d50   0x08000d50   0x00000038   Code   RO         2005    i.CAN_cmd_gimbal_pitch  can_receive.o
    0x08000d88   0x08000d88   0x00000038   Code   RO         2006    i.CAN_cmd_gimbal_yaw  can_receive.o
    0x08000dc0   0x08000dc0   0x00000044   Code   RO          970    i.CDC_Control_FS    usbd_cdc_if.o
    0x08000e04   0x08000e04   0x00000004   Code   RO          971    i.CDC_DeInit_FS     usbd_cdc_if.o
    0x08000e08   0x08000e08   0x00000024   Code   RO          972    i.CDC_Init_FS       usbd_cdc_if.o
    0x08000e2c   0x08000e2c   0x0000003c   Code   RO          973    i.CDC_Receive_FS    usbd_cdc_if.o
    0x08000e68   0x08000e68   0x00000038   Code   RO          974    i.CDC_Transmit_FS   usbd_cdc_if.o
    0x08000ea0   0x08000ea0   0x00000002   Code   RO         1029    i.DMA1_Stream1_IRQHandler  stm32f4xx_it.o
    0x08000ea2   0x08000ea2   0x00000002   PAD
    0x08000ea4   0x08000ea4   0x00000010   Code   RO         1030    i.DMA2_Stream2_IRQHandler  stm32f4xx_it.o
    0x08000eb4   0x08000eb4   0x00000010   Code   RO         1031    i.DMA2_Stream3_IRQHandler  stm32f4xx_it.o
    0x08000ec4   0x08000ec4   0x00000034   Code   RO         3949    i.DMA_CalcBaseAndBitshift  stm32f4xx_hal_dma.o
    0x08000ef8   0x08000ef8   0x0000007e   Code   RO         3950    i.DMA_CheckFifoParam  stm32f4xx_hal_dma.o
    0x08000f76   0x08000f76   0x00000002   Code   RO         1032    i.DebugMon_Handler  stm32f4xx_it.o
    0x08000f78   0x08000f78   0x00000006   Code   RO           13    i.Error_Handler     main.o
    0x08000f7e   0x08000f7e   0x00000002   PAD
    0x08000f80   0x08000f80   0x00000034   Code   RO          871    i.Get_SerialNum     usbd_desc.o
    0x08000fb4   0x08000fb4   0x00000148   Code   RO         2282    i.Gimbal_data_transfer  communicate_task.o
    0x080010fc   0x080010fc   0x00000024   Code   RO         4615    i.HAL_CAN_ActivateNotification  stm32f4xx_hal_can.o
    0x08001120   0x08001120   0x00000104   Code   RO         4616    i.HAL_CAN_AddTxMessage  stm32f4xx_hal_can.o
    0x08001224   0x08001224   0x00000128   Code   RO         4617    i.HAL_CAN_ConfigFilter  stm32f4xx_hal_can.o
    0x0800134c   0x0800134c   0x00000002   Code   RO         4620    i.HAL_CAN_ErrorCallback  stm32f4xx_hal_can.o
    0x0800134e   0x0800134e   0x0000016c   Code   RO         4623    i.HAL_CAN_GetRxMessage  stm32f4xx_hal_can.o
    0x080014ba   0x080014ba   0x00000234   Code   RO         4627    i.HAL_CAN_IRQHandler  stm32f4xx_hal_can.o
    0x080016ee   0x080016ee   0x00000168   Code   RO         4628    i.HAL_CAN_Init      stm32f4xx_hal_can.o
    0x08001856   0x08001856   0x00000002   PAD
    0x08001858   0x08001858   0x000001a0   Code   RO          412    i.HAL_CAN_MspInit   can.o
    0x080019f8   0x080019f8   0x00000002   Code   RO         4635    i.HAL_CAN_RxFifo0FullCallback  stm32f4xx_hal_can.o
    0x080019fa   0x080019fa   0x00000002   PAD
    0x080019fc   0x080019fc   0x000001a8   Code   RO         2007    i.HAL_CAN_RxFifo0MsgPendingCallback  can_receive.o
    0x08001ba4   0x08001ba4   0x00000002   Code   RO         4637    i.HAL_CAN_RxFifo1FullCallback  stm32f4xx_hal_can.o
    0x08001ba6   0x08001ba6   0x00000002   Code   RO         4638    i.HAL_CAN_RxFifo1MsgPendingCallback  stm32f4xx_hal_can.o
    0x08001ba8   0x08001ba8   0x00000002   Code   RO         4639    i.HAL_CAN_SleepCallback  stm32f4xx_hal_can.o
    0x08001baa   0x08001baa   0x00000064   Code   RO         4640    i.HAL_CAN_Start     stm32f4xx_hal_can.o
    0x08001c0e   0x08001c0e   0x00000002   Code   RO         4642    i.HAL_CAN_TxMailbox0AbortCallback  stm32f4xx_hal_can.o
    0x08001c10   0x08001c10   0x00000002   Code   RO         4643    i.HAL_CAN_TxMailbox0CompleteCallback  stm32f4xx_hal_can.o
    0x08001c12   0x08001c12   0x00000002   Code   RO         4644    i.HAL_CAN_TxMailbox1AbortCallback  stm32f4xx_hal_can.o
    0x08001c14   0x08001c14   0x00000002   Code   RO         4645    i.HAL_CAN_TxMailbox1CompleteCallback  stm32f4xx_hal_can.o
    0x08001c16   0x08001c16   0x00000002   Code   RO         4646    i.HAL_CAN_TxMailbox2AbortCallback  stm32f4xx_hal_can.o
    0x08001c18   0x08001c18   0x00000002   Code   RO         4647    i.HAL_CAN_TxMailbox2CompleteCallback  stm32f4xx_hal_can.o
    0x08001c1a   0x08001c1a   0x00000002   Code   RO         4649    i.HAL_CAN_WakeUpFromRxMsgCallback  stm32f4xx_hal_can.o
    0x08001c1c   0x08001c1c   0x00000024   Code   RO         3953    i.HAL_DMA_Abort_IT  stm32f4xx_hal_dma.o
    0x08001c40   0x08001c40   0x000001ec   Code   RO         3957    i.HAL_DMA_IRQHandler  stm32f4xx_hal_dma.o
    0x08001e2c   0x08001e2c   0x000000ec   Code   RO         3958    i.HAL_DMA_Init      stm32f4xx_hal_dma.o
    0x08001f18   0x08001f18   0x00000028   Code   RO         4366    i.HAL_Delay         stm32f4xx_hal.o
    0x08001f40   0x08001f40   0x0000021c   Code   RO         3845    i.HAL_GPIO_Init     stm32f4xx_hal_gpio.o
    0x0800215c   0x0800215c   0x0000000e   Code   RO         3849    i.HAL_GPIO_WritePin  stm32f4xx_hal_gpio.o
    0x0800216a   0x0800216a   0x00000002   PAD
    0x0800216c   0x0800216c   0x0000000c   Code   RO         4372    i.HAL_GetTick       stm32f4xx_hal.o
    0x08002178   0x08002178   0x00000010   Code   RO         4378    i.HAL_IncTick       stm32f4xx_hal.o
    0x08002188   0x08002188   0x00000034   Code   RO         4379    i.HAL_Init          stm32f4xx_hal.o
    0x080021bc   0x080021bc   0x0000008c   Code   RO         1182    i.HAL_InitTick      stm32f4xx_hal_timebase_tim.o
    0x08002248   0x08002248   0x00000054   Code   RO         1158    i.HAL_MspInit       stm32f4xx_hal_msp.o
    0x0800229c   0x0800229c   0x0000001c   Code   RO         4234    i.HAL_NVIC_EnableIRQ  stm32f4xx_hal_cortex.o
    0x080022b8   0x080022b8   0x00000068   Code   RO         4240    i.HAL_NVIC_SetPriority  stm32f4xx_hal_cortex.o
    0x08002320   0x08002320   0x00000024   Code   RO         4241    i.HAL_NVIC_SetPriorityGrouping  stm32f4xx_hal_cortex.o
    0x08002344   0x08002344   0x00000002   Code   RO         3098    i.HAL_PCDEx_LPM_Callback  stm32f4xx_hal_pcd_ex.o
    0x08002346   0x08002346   0x00000008   Code   RO         3099    i.HAL_PCDEx_SetRxFiFo  stm32f4xx_hal_pcd_ex.o
    0x0800234e   0x0800234e   0x0000004a   Code   RO         3100    i.HAL_PCDEx_SetTxFiFo  stm32f4xx_hal_pcd_ex.o
    0x08002398   0x08002398   0x0000000e   Code   RO          676    i.HAL_PCD_ConnectCallback  usbd_conf.o
    0x080023a6   0x080023a6   0x00000020   Code   RO          677    i.HAL_PCD_DataInStageCallback  usbd_conf.o
    0x080023c6   0x080023c6   0x00000020   Code   RO          678    i.HAL_PCD_DataOutStageCallback  usbd_conf.o
    0x080023e6   0x080023e6   0x0000000e   Code   RO          679    i.HAL_PCD_DisconnectCallback  usbd_conf.o
    0x080023f4   0x080023f4   0x0000004a   Code   RO         2881    i.HAL_PCD_EP_Close  stm32f4xx_hal_pcd.o
    0x0800243e   0x0800243e   0x0000005c   Code   RO         2882    i.HAL_PCD_EP_ClrStall  stm32f4xx_hal_pcd.o
    0x0800249a   0x0800249a   0x00000012   Code   RO         2884    i.HAL_PCD_EP_GetRxCount  stm32f4xx_hal_pcd.o
    0x080024ac   0x080024ac   0x0000005c   Code   RO         2885    i.HAL_PCD_EP_Open   stm32f4xx_hal_pcd.o
    0x08002508   0x08002508   0x00000046   Code   RO         2886    i.HAL_PCD_EP_Receive  stm32f4xx_hal_pcd.o
    0x0800254e   0x0800254e   0x00000074   Code   RO         2887    i.HAL_PCD_EP_SetStall  stm32f4xx_hal_pcd.o
    0x080025c2   0x080025c2   0x00000046   Code   RO         2888    i.HAL_PCD_EP_Transmit  stm32f4xx_hal_pcd.o
    0x08002608   0x08002608   0x0000042e   Code   RO         2890    i.HAL_PCD_IRQHandler  stm32f4xx_hal_pcd.o
    0x08002a36   0x08002a36   0x00000012   Code   RO          680    i.HAL_PCD_ISOINIncompleteCallback  usbd_conf.o
    0x08002a48   0x08002a48   0x00000012   Code   RO          681    i.HAL_PCD_ISOOUTIncompleteCallback  usbd_conf.o
    0x08002a5a   0x08002a5a   0x00000140   Code   RO         2893    i.HAL_PCD_Init      stm32f4xx_hal_pcd.o
    0x08002b9a   0x08002b9a   0x00000002   PAD
    0x08002b9c   0x08002b9c   0x000000a8   Code   RO          683    i.HAL_PCD_MspInit   usbd_conf.o
    0x08002c44   0x08002c44   0x00000030   Code   RO          684    i.HAL_PCD_ResetCallback  usbd_conf.o
    0x08002c74   0x08002c74   0x0000000e   Code   RO          685    i.HAL_PCD_ResumeCallback  usbd_conf.o
    0x08002c82   0x08002c82   0x0000000e   Code   RO          686    i.HAL_PCD_SOFCallback  usbd_conf.o
    0x08002c90   0x08002c90   0x00000028   Code   RO         2899    i.HAL_PCD_SetAddress  stm32f4xx_hal_pcd.o
    0x08002cb8   0x08002cb8   0x00000012   Code   RO          687    i.HAL_PCD_SetupStageCallback  usbd_conf.o
    0x08002cca   0x08002cca   0x00000042   Code   RO         2901    i.HAL_PCD_Start     stm32f4xx_hal_pcd.o
    0x08002d0c   0x08002d0c   0x00000034   Code   RO          688    i.HAL_PCD_SuspendCallback  usbd_conf.o
    0x08002d40   0x08002d40   0x00000174   Code   RO         3446    i.HAL_RCC_ClockConfig  stm32f4xx_hal_rcc.o
    0x08002eb4   0x08002eb4   0x0000003c   Code   RO         3450    i.HAL_RCC_GetClockConfig  stm32f4xx_hal_rcc.o
    0x08002ef0   0x08002ef0   0x0000000c   Code   RO         3451    i.HAL_RCC_GetHCLKFreq  stm32f4xx_hal_rcc.o
    0x08002efc   0x08002efc   0x00000020   Code   RO         3453    i.HAL_RCC_GetPCLK1Freq  stm32f4xx_hal_rcc.o
    0x08002f1c   0x08002f1c   0x00000020   Code   RO         3454    i.HAL_RCC_GetPCLK2Freq  stm32f4xx_hal_rcc.o
    0x08002f3c   0x08002f3c   0x00000070   Code   RO         3455    i.HAL_RCC_GetSysClockFreq  stm32f4xx_hal_rcc.o
    0x08002fac   0x08002fac   0x00000436   Code   RO         3458    i.HAL_RCC_OscConfig  stm32f4xx_hal_rcc.o
    0x080033e2   0x080033e2   0x00000082   Code   RO         4859    i.HAL_SPI_Init      stm32f4xx_hal_spi.o
    0x08003464   0x08003464   0x0000014c   Code   RO          485    i.HAL_SPI_MspInit   spi.o
    0x080035b0   0x080035b0   0x000001f8   Code   RO         4868    i.HAL_SPI_TransmitReceive  stm32f4xx_hal_spi.o
    0x080037a8   0x080037a8   0x00000002   Code   RO         5858    i.HAL_TIMEx_BreakCallback  stm32f4xx_hal_tim_ex.o
    0x080037aa   0x080037aa   0x00000002   Code   RO         5859    i.HAL_TIMEx_CommutCallback  stm32f4xx_hal_tim_ex.o
    0x080037ac   0x080037ac   0x0000004e   Code   RO         5876    i.HAL_TIMEx_MasterConfigSynchronization  stm32f4xx_hal_tim_ex.o
    0x080037fa   0x080037fa   0x00000038   Code   RO         5172    i.HAL_TIM_Base_Init  stm32f4xx_hal_tim.o
    0x08003832   0x08003832   0x00000002   PAD
    0x08003834   0x08003834   0x00000034   Code   RO          527    i.HAL_TIM_Base_MspInit  tim.o
    0x08003868   0x08003868   0x00000024   Code   RO         5175    i.HAL_TIM_Base_Start  stm32f4xx_hal_tim.o
    0x0800388c   0x0800388c   0x00000022   Code   RO         5177    i.HAL_TIM_Base_Start_IT  stm32f4xx_hal_tim.o
    0x080038ae   0x080038ae   0x000000e4   Code   RO         5181    i.HAL_TIM_ConfigClockSource  stm32f4xx_hal_tim.o
    0x08003992   0x08003992   0x00000002   Code   RO         5201    i.HAL_TIM_IC_CaptureCallback  stm32f4xx_hal_tim.o
    0x08003994   0x08003994   0x00000174   Code   RO         5215    i.HAL_TIM_IRQHandler  stm32f4xx_hal_tim.o
    0x08003b08   0x08003b08   0x00000064   Code   RO          528    i.HAL_TIM_MspPostInit  tim.o
    0x08003b6c   0x08003b6c   0x00000002   Code   RO         5218    i.HAL_TIM_OC_DelayElapsedCallback  stm32f4xx_hal_tim.o
    0x08003b6e   0x08003b6e   0x000000dc   Code   RO         5239    i.HAL_TIM_PWM_ConfigChannel  stm32f4xx_hal_tim.o
    0x08003c4a   0x08003c4a   0x00000038   Code   RO         5242    i.HAL_TIM_PWM_Init  stm32f4xx_hal_tim.o
    0x08003c82   0x08003c82   0x00000002   Code   RO         5244    i.HAL_TIM_PWM_MspInit  stm32f4xx_hal_tim.o
    0x08003c84   0x08003c84   0x00000002   Code   RO         5245    i.HAL_TIM_PWM_PulseFinishedCallback  stm32f4xx_hal_tim.o
    0x08003c86   0x08003c86   0x00000042   Code   RO         5247    i.HAL_TIM_PWM_Start  stm32f4xx_hal_tim.o
    0x08003cc8   0x08003cc8   0x00000018   Code   RO           14    i.HAL_TIM_PeriodElapsedCallback  main.o
    0x08003ce0   0x08003ce0   0x00000002   Code   RO         5258    i.HAL_TIM_TriggerCallback  stm32f4xx_hal_tim.o
    0x08003ce2   0x08003ce2   0x00000002   Code   RO         6130    i.HAL_UART_ErrorCallback  stm32f4xx_hal_uart.o
    0x08003ce4   0x08003ce4   0x00000138   Code   RO         6133    i.HAL_UART_IRQHandler  stm32f4xx_hal_uart.o
    0x08003e1c   0x08003e1c   0x00000064   Code   RO         6134    i.HAL_UART_Init     stm32f4xx_hal_uart.o
    0x08003e80   0x08003e80   0x00000224   Code   RO          575    i.HAL_UART_MspInit  usart.o
    0x080040a4   0x080040a4   0x00000002   Code   RO         6140    i.HAL_UART_RxCpltCallback  stm32f4xx_hal_uart.o
    0x080040a6   0x080040a6   0x000000dc   Code   RO         6142    i.HAL_UART_Transmit  stm32f4xx_hal_uart.o
    0x08004182   0x08004182   0x00000002   Code   RO         6145    i.HAL_UART_TxCpltCallback  stm32f4xx_hal_uart.o
    0x08004184   0x08004184   0x00000004   Code   RO         1033    i.HardFault_Handler  stm32f4xx_it.o
    0x08004188   0x08004188   0x0000013c   Code   RO         1763    i.INS_task          ins_task.o
    0x080042c4   0x080042c4   0x0000003e   Code   RO          872    i.IntToUnicode      usbd_desc.o
    0x08004302   0x08004302   0x00000002   PAD
    0x08004304   0x08004304   0x000005aa   Code   RO         2787    i.K_FF_Cal_shoot    pid.o
    0x080048ae   0x080048ae   0x00000002   PAD
    0x080048b0   0x080048b0   0x00000070   Code   RO         2788    i.K_FF_init         pid.o
    0x08004920   0x08004920   0x00000044   Code   RO          413    i.MX_CAN1_Init      can.o
    0x08004964   0x08004964   0x00000040   Code   RO          414    i.MX_CAN2_Init      can.o
    0x080049a4   0x080049a4   0x00000078   Code   RO          460    i.MX_DMA_Init       dma.o
    0x08004a1c   0x08004a1c   0x000000ec   Code   RO          297    i.MX_FREERTOS_Init  freertos.o
    0x08004b08   0x08004b08   0x00000114   Code   RO          269    i.MX_GPIO_Init      gpio.o
    0x08004c1c   0x08004c1c   0x00000048   Code   RO          486    i.MX_SPI1_Init      spi.o
    0x08004c64   0x08004c64   0x000000a4   Code   RO          529    i.MX_TIM4_Init      tim.o
    0x08004d08   0x08004d08   0x00000038   Code   RO          576    i.MX_USART1_UART_Init  usart.o
    0x08004d40   0x08004d40   0x00000038   Code   RO          577    i.MX_USART3_UART_Init  usart.o
    0x08004d78   0x08004d78   0x00000038   Code   RO          578    i.MX_USART6_UART_Init  usart.o
    0x08004db0   0x08004db0   0x0000004c   Code   RO          628    i.MX_USB_DEVICE_Init  usb_device.o
    0x08004dfc   0x08004dfc   0x000002fc   Code   RO         2752    i.MahonyAHRSupdateIMU  mahonyahrs.o
    0x080050f8   0x080050f8   0x00000004   Code   RO         1034    i.MemManage_Handler  stm32f4xx_it.o
    0x080050fc   0x080050fc   0x00000004   Code   RO         1035    i.NMI_Handler       stm32f4xx_it.o
    0x08005100   0x08005100   0x00000010   Code   RO         1036    i.OTG_FS_IRQHandler  stm32f4xx_it.o
    0x08005110   0x08005110   0x00000068   Code   RO         2904    i.PCD_EP_OutSetupPacket_int  stm32f4xx_hal_pcd.o
    0x08005178   0x08005178   0x000000f0   Code   RO         2905    i.PCD_EP_OutXfrComplete_int  stm32f4xx_hal_pcd.o
    0x08005268   0x08005268   0x000000a2   Code   RO         2906    i.PCD_WriteEmptyTxFifo  stm32f4xx_hal_pcd.o
    0x0800530a   0x0800530a   0x00000002   PAD
    0x0800530c   0x0800530c   0x00000498   Code   RO         2791    i.PID_calc          pid.o
    0x080057a4   0x080057a4   0x00000064   Code   RO         2793    i.PID_init          pid.o
    0x08005808   0x08005808   0x0000009c   Code   RO         1438    i.RC_init           bsp_rc.o
    0x080058a4   0x080058a4   0x00000064   Code   RO         4897    i.SPI_EndRxTxTransaction  stm32f4xx_hal_spi.o
    0x08005908   0x08005908   0x000000a6   Code   RO         4902    i.SPI_WaitFlagStateUntilTimeout  stm32f4xx_hal_spi.o
    0x080059ae   0x080059ae   0x00000002   PAD
    0x080059b0   0x080059b0   0x00000028   Code   RO         2183    i.Shoot_Debug_get_data  shoot_task.o
    0x080059d8   0x080059d8   0x0000002c   Code   RO         7816    i.SysTick_Handler   port.o
    0x08005a04   0x08005a04   0x000000b4   Code   RO           15    i.SystemClock_Config  main.o
    0x08005ab8   0x08005ab8   0x00000064   Code   RO         1222    i.SystemInit        system_stm32f4xx.o
    0x08005b1c   0x08005b1c   0x00000010   Code   RO         1037    i.TIM6_DAC_IRQHandler  stm32f4xx_it.o
    0x08005b2c   0x08005b2c   0x000000cc   Code   RO         5260    i.TIM_Base_SetConfig  stm32f4xx_hal_tim.o
    0x08005bf8   0x08005bf8   0x0000001e   Code   RO         5261    i.TIM_CCxChannelCmd  stm32f4xx_hal_tim.o
    0x08005c16   0x08005c16   0x00000016   Code   RO         5271    i.TIM_ETR_SetConfig  stm32f4xx_hal_tim.o
    0x08005c2c   0x08005c2c   0x00000010   Code   RO         5272    i.TIM_ITRx_SetConfig  stm32f4xx_hal_tim.o
    0x08005c3c   0x08005c3c   0x00000070   Code   RO         5273    i.TIM_OC1_SetConfig  stm32f4xx_hal_tim.o
    0x08005cac   0x08005cac   0x00000078   Code   RO         5274    i.TIM_OC2_SetConfig  stm32f4xx_hal_tim.o
    0x08005d24   0x08005d24   0x00000078   Code   RO         5275    i.TIM_OC3_SetConfig  stm32f4xx_hal_tim.o
    0x08005d9c   0x08005d9c   0x00000058   Code   RO         5276    i.TIM_OC4_SetConfig  stm32f4xx_hal_tim.o
    0x08005df4   0x08005df4   0x00000026   Code   RO         5278    i.TIM_TI1_ConfigInputStage  stm32f4xx_hal_tim.o
    0x08005e1a   0x08005e1a   0x00000024   Code   RO         5280    i.TIM_TI2_ConfigInputStage  stm32f4xx_hal_tim.o
    0x08005e3e   0x08005e3e   0x00000010   Code   RO         6147    i.UART_DMAAbortOnError  stm32f4xx_hal_uart.o
    0x08005e4e   0x08005e4e   0x0000001c   Code   RO         6157    i.UART_EndRxTransfer  stm32f4xx_hal_uart.o
    0x08005e6a   0x08005e6a   0x0000001a   Code   RO         6158    i.UART_EndTransmit_IT  stm32f4xx_hal_uart.o
    0x08005e84   0x08005e84   0x0000009c   Code   RO         6160    i.UART_Receive_IT   stm32f4xx_hal_uart.o
    0x08005f20   0x08005f20   0x00000340   Code   RO         6161    i.UART_SetConfig    stm32f4xx_hal_uart.o
    0x08006260   0x08006260   0x00000066   Code   RO         6162    i.UART_Transmit_IT  stm32f4xx_hal_uart.o
    0x080062c6   0x080062c6   0x00000078   Code   RO         6163    i.UART_WaitOnFlagUntilTimeout  stm32f4xx_hal_uart.o
    0x0800633e   0x0800633e   0x00000002   PAD
    0x08006340   0x08006340   0x00000010   Code   RO         1038    i.USART1_IRQHandler  stm32f4xx_it.o
    0x08006350   0x08006350   0x00000130   Code   RO         1846    i.USART3_IRQHandler  remote_control.o
    0x08006480   0x08006480   0x00000010   Code   RO         1039    i.USART6_IRQHandler  stm32f4xx_it.o
    0x08006490   0x08006490   0x0000004c   Code   RO         8188    i.USBD_CDC_DataIn   usbd_cdc.o
    0x080064dc   0x080064dc   0x00000030   Code   RO         8189    i.USBD_CDC_DataOut  usbd_cdc.o
    0x0800650c   0x0800650c   0x00000046   Code   RO         8190    i.USBD_CDC_DeInit   usbd_cdc.o
    0x08006552   0x08006552   0x0000002a   Code   RO         8191    i.USBD_CDC_EP0_RxReady  usbd_cdc.o
    0x0800657c   0x0800657c   0x0000000c   Code   RO         8192    i.USBD_CDC_GetDeviceQualifierDescriptor  usbd_cdc.o
    0x08006588   0x08006588   0x0000000c   Code   RO         8193    i.USBD_CDC_GetFSCfgDesc  usbd_cdc.o
    0x08006594   0x08006594   0x0000000c   Code   RO         8194    i.USBD_CDC_GetHSCfgDesc  usbd_cdc.o
    0x080065a0   0x080065a0   0x0000000c   Code   RO         8195    i.USBD_CDC_GetOtherSpeedCfgDesc  usbd_cdc.o
    0x080065ac   0x080065ac   0x000000ac   Code   RO         8196    i.USBD_CDC_Init     usbd_cdc.o
    0x08006658   0x08006658   0x00000032   Code   RO         8197    i.USBD_CDC_ReceivePacket  usbd_cdc.o
    0x0800668a   0x0800668a   0x00000010   Code   RO         8198    i.USBD_CDC_RegisterInterface  usbd_cdc.o
    0x0800669a   0x0800669a   0x0000000c   Code   RO         8199    i.USBD_CDC_SetRxBuffer  usbd_cdc.o
    0x080066a6   0x080066a6   0x00000010   Code   RO         8200    i.USBD_CDC_SetTxBuffer  usbd_cdc.o
    0x080066b6   0x080066b6   0x000000e6   Code   RO         8201    i.USBD_CDC_Setup    usbd_cdc.o
    0x0800679c   0x0800679c   0x00000038   Code   RO         8202    i.USBD_CDC_TransmitPacket  usbd_cdc.o
    0x080067d4   0x080067d4   0x0000000e   Code   RO         7895    i.USBD_ClrClassConfig  usbd_core.o
    0x080067e2   0x080067e2   0x00000026   Code   RO         8033    i.USBD_ClrFeature   usbd_ctlreq.o
    0x08006808   0x08006808   0x00000010   Code   RO         8128    i.USBD_CtlContinueRx  usbd_ioreq.o
    0x08006818   0x08006818   0x00000010   Code   RO         8129    i.USBD_CtlContinueSendData  usbd_ioreq.o
    0x08006828   0x08006828   0x00000018   Code   RO         8034    i.USBD_CtlError     usbd_ctlreq.o
    0x08006840   0x08006840   0x0000001e   Code   RO         8130    i.USBD_CtlPrepareRx  usbd_ioreq.o
    0x0800685e   0x0800685e   0x00000016   Code   RO         8131    i.USBD_CtlReceiveStatus  usbd_ioreq.o
    0x08006874   0x08006874   0x0000001a   Code   RO         8132    i.USBD_CtlSendData  usbd_ioreq.o
    0x0800688e   0x0800688e   0x00000016   Code   RO         8133    i.USBD_CtlSendStatus  usbd_ioreq.o
    0x080068a4   0x080068a4   0x00000034   Code   RO          873    i.USBD_FS_ConfigStrDescriptor  usbd_desc.o
    0x080068d8   0x080068d8   0x00000010   Code   RO          874    i.USBD_FS_DeviceDescriptor  usbd_desc.o
    0x080068e8   0x080068e8   0x00000038   Code   RO          875    i.USBD_FS_InterfaceStrDescriptor  usbd_desc.o
    0x08006920   0x08006920   0x00000010   Code   RO          876    i.USBD_FS_LangIDStrDescriptor  usbd_desc.o
    0x08006930   0x08006930   0x0000002c   Code   RO          877    i.USBD_FS_ManufacturerStrDescriptor  usbd_desc.o
    0x0800695c   0x0800695c   0x00000040   Code   RO          878    i.USBD_FS_ProductStrDescriptor  usbd_desc.o
    0x0800699c   0x0800699c   0x00000018   Code   RO          879    i.USBD_FS_SerialStrDescriptor  usbd_desc.o
    0x080069b4   0x080069b4   0x00000034   Code   RO         8035    i.USBD_GetConfig    usbd_ctlreq.o
    0x080069e8   0x080069e8   0x00000136   Code   RO         8036    i.USBD_GetDescriptor  usbd_ctlreq.o
    0x08006b1e   0x08006b1e   0x00000018   Code   RO         8037    i.USBD_GetLen       usbd_ctlreq.o
    0x08006b36   0x08006b36   0x00000036   Code   RO         8038    i.USBD_GetStatus    usbd_ctlreq.o
    0x08006b6c   0x08006b6c   0x00000044   Code   RO         8039    i.USBD_GetString    usbd_ctlreq.o
    0x08006bb0   0x08006bb0   0x0000002c   Code   RO          689    i.USBD_Get_USB_Status  usbd_conf.o
    0x08006bdc   0x08006bdc   0x0000002c   Code   RO         7897    i.USBD_Init         usbd_core.o
    0x08006c08   0x08006c08   0x00000026   Code   RO          690    i.USBD_LL_ClearStallEP  usbd_conf.o
    0x08006c2e   0x08006c2e   0x00000026   Code   RO          691    i.USBD_LL_CloseEP   usbd_conf.o
    0x08006c54   0x08006c54   0x000000d6   Code   RO         7898    i.USBD_LL_DataInStage  usbd_core.o
    0x08006d2a   0x08006d2a   0x0000008a   Code   RO         7899    i.USBD_LL_DataOutStage  usbd_core.o
    0x08006db4   0x08006db4   0x00000004   Code   RO         7900    i.USBD_LL_DevConnected  usbd_core.o
    0x08006db8   0x08006db8   0x00000016   Code   RO         7901    i.USBD_LL_DevDisconnected  usbd_core.o
    0x08006dce   0x08006dce   0x00000012   Code   RO          695    i.USBD_LL_GetRxDataSize  usbd_conf.o
    0x08006de0   0x08006de0   0x00000068   Code   RO          696    i.USBD_LL_Init      usbd_conf.o
    0x08006e48   0x08006e48   0x00000038   Code   RO          697    i.USBD_LL_IsStallEP  usbd_conf.o
    0x08006e80   0x08006e80   0x00000004   Code   RO         7902    i.USBD_LL_IsoINIncomplete  usbd_core.o
    0x08006e84   0x08006e84   0x00000004   Code   RO         7903    i.USBD_LL_IsoOUTIncomplete  usbd_core.o
    0x08006e88   0x08006e88   0x00000030   Code   RO          698    i.USBD_LL_OpenEP    usbd_conf.o
    0x08006eb8   0x08006eb8   0x00000030   Code   RO          699    i.USBD_LL_PrepareReceive  usbd_conf.o
    0x08006ee8   0x08006ee8   0x00000052   Code   RO         7904    i.USBD_LL_Reset     usbd_core.o
    0x08006f3a   0x08006f3a   0x0000000c   Code   RO         7905    i.USBD_LL_Resume    usbd_core.o
    0x08006f46   0x08006f46   0x00000018   Code   RO         7906    i.USBD_LL_SOF       usbd_core.o
    0x08006f5e   0x08006f5e   0x00000006   Code   RO         7907    i.USBD_LL_SetSpeed  usbd_core.o
    0x08006f64   0x08006f64   0x00000026   Code   RO          700    i.USBD_LL_SetUSBAddress  usbd_conf.o
    0x08006f8a   0x08006f8a   0x0000005e   Code   RO         7908    i.USBD_LL_SetupStage  usbd_core.o
    0x08006fe8   0x08006fe8   0x00000026   Code   RO          701    i.USBD_LL_StallEP   usbd_conf.o
    0x0800700e   0x0800700e   0x0000001e   Code   RO          702    i.USBD_LL_Start     usbd_conf.o
    0x0800702c   0x0800702c   0x00000012   Code   RO         7909    i.USBD_LL_Suspend   usbd_core.o
    0x0800703e   0x0800703e   0x00000030   Code   RO          704    i.USBD_LL_Transmit  usbd_conf.o
    0x0800706e   0x0800706e   0x00000028   Code   RO         8040    i.USBD_ParseSetupRequest  usbd_ctlreq.o
    0x08007096   0x08007096   0x00000012   Code   RO         7910    i.USBD_RegisterClass  usbd_core.o
    0x080070a8   0x080070a8   0x00000004   Code   RO         7911    i.USBD_RunTestMode  usbd_core.o
    0x080070ac   0x080070ac   0x00000058   Code   RO         8041    i.USBD_SetAddress   usbd_ctlreq.o
    0x08007104   0x08007104   0x00000018   Code   RO         7912    i.USBD_SetClassConfig  usbd_core.o
    0x0800711c   0x0800711c   0x000000cc   Code   RO         8042    i.USBD_SetConfig    usbd_ctlreq.o
    0x080071e8   0x080071e8   0x00000010   Code   RO         8043    i.USBD_SetFeature   usbd_ctlreq.o
    0x080071f8   0x080071f8   0x0000000a   Code   RO         7913    i.USBD_Start        usbd_core.o
    0x08007202   0x08007202   0x00000080   Code   RO         8044    i.USBD_StdDevReq    usbd_ctlreq.o
    0x08007282   0x08007282   0x000001f0   Code   RO         8045    i.USBD_StdEPReq     usbd_ctlreq.o
    0x08007472   0x08007472   0x0000006a   Code   RO         8046    i.USBD_StdItfReq    usbd_ctlreq.o
    0x080074dc   0x080074dc   0x0000009c   Code   RO         3140    i.USB_ActivateEndpoint  stm32f4xx_ll_usb.o
    0x08007578   0x08007578   0x00000034   Code   RO         3142    i.USB_ActivateSetup  stm32f4xx_ll_usb.o
    0x080075ac   0x080075ac   0x0000007e   Code   RO         3144    i.USB_CoreInit      stm32f4xx_ll_usb.o
    0x0800762a   0x0800762a   0x00000002   PAD
    0x0800762c   0x0800762c   0x0000003c   Code   RO         3145    i.USB_CoreReset     stm32f4xx_ll_usb.o
    0x08007668   0x08007668   0x00000090   Code   RO         3148    i.USB_DeactivateEndpoint  stm32f4xx_ll_usb.o
    0x080076f8   0x080076f8   0x00000018   Code   RO         3149    i.USB_DevConnect    stm32f4xx_ll_usb.o
    0x08007710   0x08007710   0x00000018   Code   RO         3150    i.USB_DevDisconnect  stm32f4xx_ll_usb.o
    0x08007728   0x08007728   0x0000018c   Code   RO         3151    i.USB_DevInit       stm32f4xx_ll_usb.o
    0x080078b4   0x080078b4   0x0000000c   Code   RO         3152    i.USB_DisableGlobalInt  stm32f4xx_ll_usb.o
    0x080078c0   0x080078c0   0x0000012a   Code   RO         3155    i.USB_EP0StartXfer  stm32f4xx_ll_usb.o
    0x080079ea   0x080079ea   0x00000002   PAD
    0x080079ec   0x080079ec   0x00000060   Code   RO         3156    i.USB_EP0_OutStart  stm32f4xx_ll_usb.o
    0x08007a4c   0x08007a4c   0x00000058   Code   RO         3157    i.USB_EPClearStall  stm32f4xx_ll_usb.o
    0x08007aa4   0x08007aa4   0x0000005e   Code   RO         3158    i.USB_EPSetStall    stm32f4xx_ll_usb.o
    0x08007b02   0x08007b02   0x00000228   Code   RO         3159    i.USB_EPStartXfer   stm32f4xx_ll_usb.o
    0x08007d2a   0x08007d2a   0x0000000c   Code   RO         3160    i.USB_EnableGlobalInt  stm32f4xx_ll_usb.o
    0x08007d36   0x08007d36   0x00000002   PAD
    0x08007d38   0x08007d38   0x00000024   Code   RO         3161    i.USB_FlushRxFifo   stm32f4xx_ll_usb.o
    0x08007d5c   0x08007d5c   0x00000028   Code   RO         3162    i.USB_FlushTxFifo   stm32f4xx_ll_usb.o
    0x08007d84   0x08007d84   0x00000020   Code   RO         3164    i.USB_GetDevSpeed   stm32f4xx_ll_usb.o
    0x08007da4   0x08007da4   0x00000008   Code   RO         3166    i.USB_GetMode       stm32f4xx_ll_usb.o
    0x08007dac   0x08007dac   0x0000000e   Code   RO         3173    i.USB_ReadDevAllInEpInterrupt  stm32f4xx_ll_usb.o
    0x08007dba   0x08007dba   0x0000000e   Code   RO         3174    i.USB_ReadDevAllOutEpInterrupt  stm32f4xx_ll_usb.o
    0x08007dc8   0x08007dc8   0x00000024   Code   RO         3175    i.USB_ReadDevInEPInterrupt  stm32f4xx_ll_usb.o
    0x08007dec   0x08007dec   0x00000010   Code   RO         3176    i.USB_ReadDevOutEPInterrupt  stm32f4xx_ll_usb.o
    0x08007dfc   0x08007dfc   0x00000008   Code   RO         3177    i.USB_ReadInterrupts  stm32f4xx_ll_usb.o
    0x08007e04   0x08007e04   0x00000024   Code   RO         3178    i.USB_ReadPacket    stm32f4xx_ll_usb.o
    0x08007e28   0x08007e28   0x00000030   Code   RO         3180    i.USB_SetCurrentMode  stm32f4xx_ll_usb.o
    0x08007e58   0x08007e58   0x00000022   Code   RO         3181    i.USB_SetDevAddress  stm32f4xx_ll_usb.o
    0x08007e7a   0x08007e7a   0x0000000e   Code   RO         3182    i.USB_SetDevSpeed   stm32f4xx_ll_usb.o
    0x08007e88   0x08007e88   0x000000f4   Code   RO         3183    i.USB_SetTurnaroundTime  stm32f4xx_ll_usb.o
    0x08007f7c   0x08007f7c   0x00000030   Code   RO         3186    i.USB_WritePacket   stm32f4xx_ll_usb.o
    0x08007fac   0x08007fac   0x00000004   Code   RO         1040    i.UsageFault_Handler  stm32f4xx_it.o
    0x08007fb0   0x08007fb0   0x00000010   Code   RO         2137    i.VofaInit          vofa_task.o
    0x08007fc0   0x08007fc0   0x00000050   Code   RO         2138    i.Vofa_Send         vofa_task.o
    0x08008010   0x08008010   0x00000026   Code   RO         8720    i.__ARM_fpclassifyf  m_wm.l(fpclassifyf.o)
    0x08008036   0x08008036   0x00000002   PAD
    0x08008038   0x08008038   0x0000012c   Code   RO         8554    i.__hardfp_asinf    m_wm.l(asinf.o)
    0x08008164   0x08008164   0x00000250   Code   RO         8566    i.__hardfp_atan2f   m_wm.l(atan2f.o)
    0x080083b4   0x080083b4   0x00000006   Code   RO         8723    i.__mathlib_flt_infnan  m_wm.l(funder.o)
    0x080083ba   0x080083ba   0x00000006   Code   RO         8724    i.__mathlib_flt_infnan2  m_wm.l(funder.o)
    0x080083c0   0x080083c0   0x00000010   Code   RO         8725    i.__mathlib_flt_invalid  m_wm.l(funder.o)
    0x080083d0   0x080083d0   0x00000010   Code   RO         8728    i.__mathlib_flt_underflow  m_wm.l(funder.o)
    0x080083e0   0x080083e0   0x00000078   Code   RO         2081    i.aimbots_task      aimbots_task.o
    0x08008458   0x08008458   0x00000044   Code   RO         1646    i.angle_to_180      gimbal_task.o
    0x0800849c   0x0800849c   0x00000128   Code   RO         2332    i.bmi088_accel_init  bmi088driver.o
    0x080085c4   0x080085c4   0x000000f4   Code   RO         2333    i.bmi088_gyro_init  bmi088driver.o
    0x080086b8   0x080086b8   0x00000010   Code   RO         1259    i.buzzer_off        bsp_buzzer.o
    0x080086c8   0x080086c8   0x00000014   Code   RO         1260    i.buzzer_on         bsp_buzzer.o
    0x080086dc   0x080086dc   0x0000004a   Code   RO         2283    i.can_cmd_to_chassis  communicate_task.o
    0x08008726   0x08008726   0x00000002   PAD
    0x08008728   0x08008728   0x0000005c   Code   RO         2008    i.canfilter_init_start  can_receive.o
    0x08008784   0x08008784   0x0000000e   Code   RO         2284    i.communicate_task  communicate_task.o
    0x08008792   0x08008792   0x00000002   PAD
    0x08008794   0x08008794   0x00000124   Code   RO         1509    i.detect_hook       detect_task.o
    0x080088b8   0x080088b8   0x00000168   Code   RO         1510    i.detect_init       detect_task.o
    0x08008a20   0x08008a20   0x0000027c   Code   RO         1511    i.detect_task       detect_task.o
    0x08008c9c   0x08008c9c   0x00000050   Code   RO         2082    i.dispose_usb_data  aimbots_task.o
    0x08008cec   0x08008cec   0x00000058   Code   RO         2184    i.fric_motor_control  shoot_task.o
    0x08008d44   0x08008d44   0x00000014   Code   RO         1764    i.get_INS_angle     ins_task.o
    0x08008d58   0x08008d58   0x00000008   Code   RO         1765    i.get_INS_data_point  ins_task.o
    0x08008d60   0x08008d60   0x00000008   Code   RO         1766    i.get_INS_pitch_to_minpc  ins_task.o
    0x08008d68   0x08008d68   0x000000dc   Code   RO         1767    i.get_angle         ins_task.o
    0x08008e44   0x08008e44   0x00000008   Code   RO         2083    i.get_autofire_flag_point  aimbots_task.o
    0x08008e4c   0x08008e4c   0x00000014   Code   RO         2009    i.get_gimbal_friction_motor_measure_point  can_receive.o
    0x08008e60   0x08008e60   0x00000008   Code   RO         2010    i.get_gimbal_pitch_motor_measure_point  can_receive.o
    0x08008e68   0x08008e68   0x00000008   Code   RO         2011    i.get_gimbal_yaw_motor_measure_point  can_receive.o
    0x08008e70   0x08008e70   0x00000008   Code   RO         2084    i.get_mini_data_point  aimbots_task.o
    0x08008e78   0x08008e78   0x00000008   Code   RO         1847    i.get_remote_control_point  remote_control.o
    0x08008e80   0x08008e80   0x00000008   Code   RO         2185    i.get_shoot_PID_Debug  shoot_task.o
    0x08008e88   0x08008e88   0x00000024   Code   RO         1559    i.gimbal_auto_angle_control  gimbal_behaviour.o
    0x08008eac   0x08008eac   0x000000c8   Code   RO         1647    i.gimbal_auto_angle_limit  gimbal_task.o
    0x08008f74   0x08008f74   0x00000062   Code   RO         1560    i.gimbal_behaviour_control_set  gimbal_behaviour.o
    0x08008fd6   0x08008fd6   0x0000004e   Code   RO         1561    i.gimbal_behaviour_mode_set  gimbal_behaviour.o
    0x08009024   0x08009024   0x0000006e   Code   RO         1562    i.gimbal_behavour_set  gimbal_behaviour.o
    0x08009092   0x08009092   0x00000094   Code   RO         1648    i.gimbal_control_loop  gimbal_task.o
    0x08009126   0x08009126   0x00000002   PAD
    0x08009128   0x08009128   0x000000d4   Code   RO         1563    i.gimbal_encode_angle_control  gimbal_behaviour.o
    0x080091fc   0x080091fc   0x0000004a   Code   RO         1649    i.gimbal_encode_angle_limit  gimbal_task.o
    0x08009246   0x08009246   0x00000072   Code   RO         1650    i.gimbal_feedback_update  gimbal_task.o
    0x080092b8   0x080092b8   0x00000020   Code   RO         1564    i.gimbal_follow_radar_angle_control  gimbal_behaviour.o
    0x080092d8   0x080092d8   0x000000d4   Code   RO         1565    i.gimbal_gyro_angle_control  gimbal_behaviour.o
    0x080093ac   0x080093ac   0x00000150   Code   RO         1651    i.gimbal_gyro_angle_limit  gimbal_task.o
    0x080094fc   0x080094fc   0x0000027c   Code   RO         1652    i.gimbal_init       gimbal_task.o
    0x08009778   0x08009778   0x00000052   Code   RO         1653    i.gimbal_mode_change_control_transit  gimbal_task.o
    0x080097ca   0x080097ca   0x00000056   Code   RO         1654    i.gimbal_motor_auto_angle_control  gimbal_task.o
    0x08009820   0x08009820   0x00000056   Code   RO         1655    i.gimbal_motor_encode_angle_control  gimbal_task.o
    0x08009876   0x08009876   0x00000042   Code   RO         1656    i.gimbal_motor_gyro_angle_control  gimbal_task.o
    0x080098b8   0x080098b8   0x000000d4   Code   RO         1657    i.gimbal_set_control  gimbal_task.o
    0x0800998c   0x0800998c   0x00000012   Code   RO         1658    i.gimbal_set_mode   gimbal_task.o
    0x0800999e   0x0800999e   0x00000002   PAD
    0x080099a0   0x080099a0   0x00000084   Code   RO         1659    i.gimbal_task       gimbal_task.o
    0x08009a24   0x08009a24   0x000000b4   Code   RO         1768    i.imu_offset_accquier  ins_task.o
    0x08009ad8   0x08009ad8   0x00000032   Code   RO         1769    i.imu_offset_remove  ins_task.o
    0x08009b0a   0x08009b0a   0x00000002   PAD
    0x08009b0c   0x08009b0c   0x0000003c   Code   RO         2753    i.invSqrt           mahonyahrs.o
    0x08009b48   0x08009b48   0x00000048   Code   RO           16    i.main              main.o
    0x08009b90   0x08009b90   0x0000000c   Code   RO         7399    i.makeFreeRtosPriority  cmsis_os.o
    0x08009b9c   0x08009b9c   0x00000034   Code   RO         1660    i.motor_ecd_to_angle_change  gimbal_task.o
    0x08009bd0   0x08009bd0   0x00000018   Code   RO         2795    i.my_fabs           pid.o
    0x08009be8   0x08009be8   0x00000010   Code   RO         7401    i.osDelay           cmsis_os.o
    0x08009bf8   0x08009bf8   0x0000000a   Code   RO         7404    i.osKernelStart     cmsis_os.o
    0x08009c02   0x08009c02   0x0000005c   Code   RO         7438    i.osThreadCreate    cmsis_os.o
    0x08009c5e   0x08009c5e   0x00000002   PAD
    0x08009c60   0x08009c60   0x00000078   Code   RO         6930    i.prvAddCurrentTaskToDelayedList  tasks.o
    0x08009cd8   0x08009cd8   0x00000088   Code   RO         6931    i.prvAddNewTaskToReadyList  tasks.o
    0x08009d60   0x08009d60   0x0000005c   Code   RO         7246    i.prvCheckForValidListAndQueue  timers.o
    0x08009dbc   0x08009dbc   0x00000040   Code   RO         6932    i.prvCheckTasksWaitingTermination  tasks.o
    0x08009dfc   0x08009dfc   0x00000024   Code   RO         6581    i.prvCopyDataFromQueue  queue.o
    0x08009e20   0x08009e20   0x0000006e   Code   RO         6582    i.prvCopyDataToQueue  queue.o
    0x08009e8e   0x08009e8e   0x00000040   Code   RO         6933    i.prvDeleteTCB      tasks.o
    0x08009ece   0x08009ece   0x00000002   PAD
    0x08009ed0   0x08009ed0   0x00000024   Code   RO         7247    i.prvGetNextExpireTime  timers.o
    0x08009ef4   0x08009ef4   0x00000050   Code   RO         7766    i.prvHeapInit       heap_4.o
    0x08009f44   0x08009f44   0x00000028   Code   RO         6934    i.prvIdleTask       tasks.o
    0x08009f6c   0x08009f6c   0x00000018   Code   RO         6585    i.prvInitialiseNewQueue  queue.o
    0x08009f84   0x08009f84   0x00000074   Code   RO         6935    i.prvInitialiseNewTask  tasks.o
    0x08009ff8   0x08009ff8   0x00000060   Code   RO         6936    i.prvInitialiseTaskLists  tasks.o
    0x0800a058   0x0800a058   0x0000005c   Code   RO         7767    i.prvInsertBlockIntoFreeList  heap_4.o
    0x0800a0b4   0x0800a0b4   0x00000048   Code   RO         7249    i.prvInsertTimerInActiveList  timers.o
    0x0800a0fc   0x0800a0fc   0x0000001a   Code   RO         6586    i.prvIsQueueEmpty   queue.o
    0x0800a116   0x0800a116   0x0000001e   Code   RO         6587    i.prvIsQueueFull    queue.o
    0x0800a134   0x0800a134   0x0000005c   Code   RO         7250    i.prvProcessExpiredTimer  timers.o
    0x0800a190   0x0800a190   0x000000d8   Code   RO         7251    i.prvProcessReceivedCommands  timers.o
    0x0800a268   0x0800a268   0x0000006c   Code   RO         7252    i.prvProcessTimerOrBlockTask  timers.o
    0x0800a2d4   0x0800a2d4   0x00000024   Code   RO         6937    i.prvResetNextTaskUnblockTime  tasks.o
    0x0800a2f8   0x0800a2f8   0x0000002c   Code   RO         7253    i.prvSampleTimeNow  timers.o
    0x0800a324   0x0800a324   0x00000074   Code   RO         7254    i.prvSwitchTimerLists  timers.o
    0x0800a398   0x0800a398   0x00000030   Code   RO         7817    i.prvTaskExitError  port.o
    0x0800a3c8   0x0800a3c8   0x00000014   Code   RO         7255    i.prvTimerTask      timers.o
    0x0800a3dc   0x0800a3dc   0x00000068   Code   RO         6588    i.prvUnlockQueue    queue.o
    0x0800a444   0x0800a444   0x000000e4   Code   RO         7768    i.pvPortMalloc      heap_4.o
    0x0800a528   0x0800a528   0x0000002c   Code   RO         7818    i.pxPortInitialiseStack  port.o
    0x0800a554   0x0800a554   0x00000014   Code   RO         1848    i.remote_control_init  remote_control.o
    0x0800a568   0x0800a568   0x000000da   Code   RO         1849    i.sbus_to_rc        remote_control.o
    0x0800a642   0x0800a642   0x0000001c   Code   RO         2186    i.shoot_control_loop  shoot_task.o
    0x0800a65e   0x0800a65e   0x00000002   PAD
    0x0800a660   0x0800a660   0x0000006c   Code   RO         2187    i.shoot_feedback_update  shoot_task.o
    0x0800a6cc   0x0800a6cc   0x0000008c   Code   RO         2188    i.shoot_init        shoot_task.o
    0x0800a758   0x0800a758   0x000002b8   Code   RO         2251    i.shoot_motor_behaviour_set  shoot_behaviour.o
    0x0800aa10   0x0800aa10   0x0000004c   Code   RO         2189    i.shoot_motor_control  shoot_task.o
    0x0800aa5c   0x0800aa5c   0x0000000c   Code   RO         2252    i.shoot_motor_mode_set  shoot_behaviour.o
    0x0800aa68   0x0800aa68   0x00000054   Code   RO         2190    i.shoot_task        shoot_task.o
    0x0800aabc   0x0800aabc   0x0000003e   Code   RO         8598    i.sqrtf             m_wm.l(sqrtf_full.o)
    0x0800aafa   0x0800aafa   0x00000002   PAD
    0x0800aafc   0x0800aafc   0x0000003c   Code   RO         1925    i.test_task         test_task.o
    0x0800ab38   0x0800ab38   0x00000018   Code   RO         1513    i.toe_is_error      detect_task.o
    0x0800ab50   0x0800ab50   0x00000026   Code   RO         6541    i.uxListRemove      list.o
    0x0800ab76   0x0800ab76   0x00000002   PAD
    0x0800ab78   0x0800ab78   0x00000018   Code   RO          304    i.vApplicationGetIdleTaskMemory  freertos.o
    0x0800ab90   0x0800ab90   0x00000018   Code   RO          305    i.vApplicationGetTimerTaskMemory  freertos.o
    0x0800aba8   0x0800aba8   0x00000016   Code   RO         6542    i.vListInitialise   list.o
    0x0800abbe   0x0800abbe   0x00000006   Code   RO         6543    i.vListInitialiseItem  list.o
    0x0800abc4   0x0800abc4   0x00000036   Code   RO         6544    i.vListInsert       list.o
    0x0800abfa   0x0800abfa   0x00000018   Code   RO         6545    i.vListInsertEnd    list.o
    0x0800ac12   0x0800ac12   0x00000002   PAD
    0x0800ac14   0x0800ac14   0x00000040   Code   RO         7820    i.vPortEnterCritical  port.o
    0x0800ac54   0x0800ac54   0x0000002c   Code   RO         7821    i.vPortExitCritical  port.o
    0x0800ac80   0x0800ac80   0x0000005c   Code   RO         7769    i.vPortFree         heap_4.o
    0x0800acdc   0x0800acdc   0x00000024   Code   RO         7822    i.vPortSetupTimerInterrupt  port.o
    0x0800ad00   0x0800ad00   0x00000054   Code   RO         7823    i.vPortValidateInterruptPriority  port.o
    0x0800ad54   0x0800ad54   0x00000028   Code   RO         6592    i.vQueueAddToRegistry  queue.o
    0x0800ad7c   0x0800ad7c   0x0000004a   Code   RO         6595    i.vQueueWaitForMessageRestricted  queue.o
    0x0800adc6   0x0800adc6   0x00000002   PAD
    0x0800adc8   0x0800adc8   0x00000050   Code   RO         6945    i.vTaskDelay        tasks.o
    0x0800ae18   0x0800ae18   0x00000010   Code   RO         6949    i.vTaskInternalSetTimeOutState  tasks.o
    0x0800ae28   0x0800ae28   0x0000000c   Code   RO         6950    i.vTaskMissedYield  tasks.o
    0x0800ae34   0x0800ae34   0x00000034   Code   RO         6952    i.vTaskPlaceOnEventList  tasks.o
    0x0800ae68   0x0800ae68   0x0000003c   Code   RO         6953    i.vTaskPlaceOnEventListRestricted  tasks.o
    0x0800aea4   0x0800aea4   0x00000090   Code   RO         6960    i.vTaskStartScheduler  tasks.o
    0x0800af34   0x0800af34   0x00000010   Code   RO         6962    i.vTaskSuspendAll   tasks.o
    0x0800af44   0x0800af44   0x00000060   Code   RO         6963    i.vTaskSwitchContext  tasks.o
    0x0800afa4   0x0800afa4   0x00000054   Code   RO         2139    i.vofa_justfloat    vofa_task.o
    0x0800aff8   0x0800aff8   0x00000060   Code   RO         2140    i.vofa_task         vofa_task.o
    0x0800b058   0x0800b058   0x00000104   Code   RO         7824    i.xPortStartScheduler  port.o
    0x0800b15c   0x0800b15c   0x00000070   Code   RO         6601    i.xQueueGenericCreateStatic  queue.o
    0x0800b1cc   0x0800b1cc   0x00000090   Code   RO         6602    i.xQueueGenericReset  queue.o
    0x0800b25c   0x0800b25c   0x00000170   Code   RO         6603    i.xQueueGenericSend  queue.o
    0x0800b3cc   0x0800b3cc   0x000000bc   Code   RO         6604    i.xQueueGenericSendFromISR  queue.o
    0x0800b488   0x0800b488   0x00000148   Code   RO         6611    i.xQueueReceive     queue.o
    0x0800b5d0   0x0800b5d0   0x00000080   Code   RO         6964    i.xTaskCheckForTimeOut  tasks.o
    0x0800b650   0x0800b650   0x0000006c   Code   RO         6965    i.xTaskCreate       tasks.o
    0x0800b6bc   0x0800b6bc   0x00000060   Code   RO         6966    i.xTaskCreateStatic  tasks.o
    0x0800b71c   0x0800b71c   0x0000001c   Code   RO         6970    i.xTaskGetSchedulerState  tasks.o
    0x0800b738   0x0800b738   0x0000000c   Code   RO         6971    i.xTaskGetTickCount  tasks.o
    0x0800b744   0x0800b744   0x000000d0   Code   RO         6973    i.xTaskIncrementTick  tasks.o
    0x0800b814   0x0800b814   0x0000009c   Code   RO         6976    i.xTaskPriorityDisinherit  tasks.o
    0x0800b8b0   0x0800b8b0   0x00000078   Code   RO         6978    i.xTaskRemoveFromEventList  tasks.o
    0x0800b928   0x0800b928   0x000000cc   Code   RO         6979    i.xTaskResumeAll    tasks.o
    0x0800b9f4   0x0800b9f4   0x00000068   Code   RO         7260    i.xTimerCreateTimerTask  timers.o
    0x0800ba5c   0x0800ba5c   0x00000074   Code   RO         7261    i.xTimerGenericCommand  timers.o
    0x0800bad0   0x0800bad0   0x000002c4   Code   RO         8530    x$fpl$d2f           g_wm.l(d2f_clz.o)
    0x0800bd94   0x0800bd94   0x0000002e   Code   RO         8533    x$fpl$dflt          g_wm.l(dflt_clz.o)
    0x0800bdc2   0x0800bdc2   0x00000002   PAD
    0x0800bdc4   0x0800bdc4   0x000001c0   Code   RO         8538    x$fpl$dmul          g_wm.l(dmul_clz.o)
    0x0800bf84   0x0800bf84   0x00000102   Code   RO         8699    x$fpl$dnaninf       g_wm.l(dnaninf.o)
    0x0800c086   0x0800c086   0x00000070   Code   RO         8701    x$fpl$drenorm       g_wm.l(drenorm_clz.o)
    0x0800c0f6   0x0800c0f6   0x0000000c   Code   RO         8703    x$fpl$dretinf       g_wm.l(dretinf.o)
    0x0800c102   0x0800c102   0x0000017a   Code   RO         8707    x$fpl$dunder        g_wm.l(dunder_clz.o)
    0x0800c27c   0x0800c27c   0x000001ec   Code   RO         8709    x$fpl$exception     g_wm.l(except.o)
    0x0800c468   0x0800c468   0x0000000a   Code   RO         8787    x$fpl$fpinit        g_wm.l(fpinit.o)
    0x0800c472   0x0800c472   0x0000000a   Code   RO         8713    x$fpl$fretinf       g_wm.l(fretinf.o)
    0x0800c47c   0x0800c47c   0x0000013c   Code   RO         8715    x$fpl$funder        g_wm.l(funder_clz.o)
    0x0800c5b8   0x0800c5b8   0x000000b2   Code   RO         8789    x$fpl$retnan        g_wm.l(retnan.o)
    0x0800c66a   0x0800c66a   0x0000007e   Code   RO         8717    x$fpl$trapveneer    g_wm.l(trapv.o)
    0x0800c6e8   0x0800c6e8   0x00000000   Code   RO         8719    x$fpl$usenofp       g_wm.l(usenofp.o)
    0x0800c6e8   0x0800c6e8   0x000000e0   Data   RO          308    .constdata          freertos.o
    0x0800c7c8   0x0800c7c8   0x00000018   Data   RO         1223    .constdata          system_stm32f4xx.o
    0x0800c7e0   0x0800c7e0   0x0000001e   Data   RO         1515    .constdata          detect_task.o
    0x0800c7fe   0x0800c7fe   0x00000002   PAD
    0x0800c800   0x0800c800   0x00000078   Data   RO         1662    .constdata          gimbal_task.o
    0x0800c878   0x0800c878   0x0000000c   Data   RO         1771    .constdata          ins_task.o
    0x0800c884   0x0800c884   0x00000018   Data   RO         2192    .constdata          shoot_task.o
    0x0800c89c   0x0800c89c   0x00000008   Data   RO         3964    .constdata          stm32f4xx_hal_dma.o
    0x0800c8a4   0x0800c8a4   0x00000068   Data   RO          309    .conststring        freertos.o
    0x0800c90c   0x0800c90c   0x00000020   Data   RO         8878    Region$$Table       anon$$obj.o


    Execution Region RW_IRAM1 (Exec base: 0x20000000, Load base: 0x0800c92c, Size: 0x0000ad08, Max: 0x00020000, ABSOLUTE, COMPRESSED[0x00000118])

    Exec Addr    Load Addr    Size         Type   Attr      Idx    E Section Name        Object

    0x20000000   COMPRESSED   0x00000020   Data   RW          310    .data               freertos.o
    0x20000020   COMPRESSED   0x00000004   Data   RW          416    .data               can.o
    0x20000024   COMPRESSED   0x0000004e   Data   RW          881    .data               usbd_desc.o
    0x20000072   COMPRESSED   0x00000002   PAD
    0x20000074   COMPRESSED   0x00000010   Data   RW          976    .data               usbd_cdc_if.o
    0x20000084   COMPRESSED   0x00000004   Data   RW         1224    .data               system_stm32f4xx.o
    0x20000088   COMPRESSED   0x00000005   Data   RW         1516    .data               detect_task.o
    0x2000008d   COMPRESSED   0x00000003   PAD
    0x20000090   COMPRESSED   0x00000010   Data   RW         1566    .data               gimbal_behaviour.o
    0x200000a0   COMPRESSED   0x0000000c   Data   RW         1663    .data               gimbal_task.o
    0x200000ac   COMPRESSED   0x00000004   Data   RW         1772    .data               ins_task.o
    0x200000b0   COMPRESSED   0x00000002   Data   RW         1853    .data               remote_control.o
    0x200000b2   COMPRESSED   0x00000006   Data   RW         1926    .data               test_task.o
    0x200000b8   COMPRESSED   0x00000016   Data   RW         2013    .data               can_receive.o
    0x200000ce   COMPRESSED   0x00000002   PAD
    0x200000d0   COMPRESSED   0x00000018   Data   RW         2086    .data               aimbots_task.o
    0x200000e8   COMPRESSED   0x00000004   Data   RW         2142    .data               vofa_task.o
    0x200000ec   COMPRESSED   0x00000004   Data   RW         2193    .data               shoot_task.o
    0x200000f0   COMPRESSED   0x00000005   Data   RW         2253    .data               shoot_behaviour.o
    0x200000f5   COMPRESSED   0x00000003   PAD
    0x200000f8   COMPRESSED   0x00000005   Data   RW         2286    .data               communicate_task.o
    0x200000fd   COMPRESSED   0x00000003   PAD
    0x20000100   COMPRESSED   0x0000002c   Data   RW         2334    .data               bmi088driver.o
    0x2000012c   COMPRESSED   0x00000014   Data   RW         2754    .data               mahonyahrs.o
    0x20000140   COMPRESSED   0x00000024   Data   RW         2796    .data               pid.o
    0x20000164   COMPRESSED   0x0000000c   Data   RW         4386    .data               stm32f4xx_hal.o
    0x20000170   COMPRESSED   0x0000003c   Data   RW         6982    .data               tasks.o
    0x200001ac   COMPRESSED   0x00000014   Data   RW         7269    .data               timers.o
    0x200001c0   COMPRESSED   0x00000018   Data   RW         7774    .data               heap_4.o
    0x200001d8   COMPRESSED   0x0000000c   Data   RW         7825    .data               port.o
    0x200001e4   COMPRESSED   0x00000001   Data   RW         8047    .data               usbd_ctlreq.o
    0x200001e5   COMPRESSED   0x00000003   PAD
    0x200001e8   COMPRESSED   0x000000d7   Data   RW         8203    .data               usbd_cdc.o
    0x200002bf   COMPRESSED   0x00000001   PAD
    0x200002c0   COMPRESSED   0x00000038   Data   RW         8204    .data               usbd_cdc.o
    0x200002f8        -       0x000006a8   Zero   RW          307    .bss                freertos.o
    0x200009a0        -       0x00000050   Zero   RW          415    .bss                can.o
    0x200009f0        -       0x00000118   Zero   RW          487    .bss                spi.o
    0x20000b08        -       0x00000040   Zero   RW          530    .bss                tim.o
    0x20000b48        -       0x00000120   Zero   RW          579    .bss                usart.o
    0x20000c68        -       0x0000029c   Zero   RW          629    .bss                usb_device.o
    0x20000f04        -       0x00000408   Zero   RW          705    .bss                usbd_conf.o
    0x2000130c        -       0x00000200   Zero   RW          880    .bss                usbd_desc.o
    0x2000150c        -       0x00001064   Zero   RW          975    .bss                usbd_cdc_if.o
    0x20002570        -       0x00000040   Zero   RW         1185    .bss                stm32f4xx_hal_timebase_tim.o
    0x200025b0        -       0x000000d8   Zero   RW         1514    .bss                detect_task.o
    0x20002688        -       0x00000538   Zero   RW         1661    .bss                gimbal_task.o
    0x20002bc0        -       0x000000cc   Zero   RW         1770    .bss                ins_task.o
    0x20002c8c        -       0x0000005e   Zero   RW         1852    .bss                remote_control.o
    0x20002cea        -       0x00000032   Zero   RW         2012    .bss                can_receive.o
    0x20002d1c        -       0x00000022   Zero   RW         2085    .bss                aimbots_task.o
    0x20002d3e   COMPRESSED   0x00000002   PAD
    0x20002d40        -       0x00000018   Zero   RW         2141    .bss                vofa_task.o
    0x20002d58        -       0x00000110   Zero   RW         2191    .bss                shoot_task.o
    0x20002e68        -       0x00000040   Zero   RW         6615    .bss                queue.o
    0x20002ea8        -       0x000000f0   Zero   RW         6981    .bss                tasks.o
    0x20002f98        -       0x00000110   Zero   RW         7268    .bss                timers.o
    0x200030a8        -       0x00003c00   Zero   RW         7773    .bss                heap_4.o
    0x20006ca8        -       0x00000060   Zero   RW         8742    .bss                c_w.l(libspace.o)
    0x20006d08        -       0x00002000   Zero   RW            2    HEAP                startup_stm32f407xx.o
    0x20008d08        -       0x00002000   Zero   RW            1    STACK               startup_stm32f407xx.o


==============================================================================

Image component sizes


      Code (inc. data)   RO Data    RW Data    ZI Data      Debug   Object Name

         0          0          0          0          0        392   ahrs_middleware.o
       216         40          0         24         34       5030   aimbots_task.o
      1030         20          0         44          0       6410   bmi088driver.o
       216         28          0          0          0       4904   bmi088middleware.o
        60         18          0          0          0       1995   bsp_buzzer.o
       156         14          0          0          0        994   bsp_rc.o
       548         44          0          4         80       2378   can.o
       728         88          0         22         50       6787   can_receive.o
       130          0          0          0          0      21991   cmsis_os.o
       416         22          0          5          0       3533   communicate_task.o
      1312         38         30          5        216       4052   detect_task.o
       120          6          0          0          0        782   dma.o
         0          0          0          0          0      17960   event_groups.o
       284         56        328         32       1704       3395   freertos.o
       778         62          0         16          0      15400   gimbal_behaviour.o
      2310        152        120         12       1336      14544   gimbal_task.o
       276         12          0          0          0       1039   gpio.o
       492         32          0         24      15360       4871   heap_4.o
       842         70         12          4        204       5798   ins_task.o
       144          0          0          0          0       3538   list.o
       824         38          0         20          0       2270   mahonyahrs.o
       282         16          0          0          0     754916   main.o
      2862         52          0         36          0       8753   pid.o
       814         92          0         12          0      11713   port.o
      1584         24          0          0         64      14856   queue.o
       550         36          0          2         94       6624   remote_control.o
       708         16          0          5          0       2011   shoot_behaviour.o
       572         68         24          4        272       6583   shoot_task.o
       404         38          0          0        280       1851   spi.o
        64         26        392          0      16384        836   startup_stm32f407xx.o
       120         20          0         12          0       3838   stm32f4xx_hal.o
      2004          6          0          0          0      14839   stm32f4xx_hal_can.o
       168         12          0          0          0      32818   stm32f4xx_hal_cortex.o
       942         18          8          0          0       4911   stm32f4xx_hal_dma.o
       554         22          0          0          0       2504   stm32f4xx_hal_gpio.o
        84          6          0          0          0        818   stm32f4xx_hal_msp.o
      2534         18          0          0          0      13409   stm32f4xx_hal_pcd.o
        84          0          0          0          0       2529   stm32f4xx_hal_pcd_ex.o
      1698        108          0          0          0       7009   stm32f4xx_hal_rcc.o
       900          8          0          0          0       4593   stm32f4xx_hal_spi.o
      1864         46          0          0          0      16857   stm32f4xx_hal_tim.o
        82          0          0          0          0       2493   stm32f4xx_hal_tim_ex.o
       140         18          0          0         64       1419   stm32f4xx_hal_timebase_tim.o
      1918         20          0          0          0      10007   stm32f4xx_hal_uart.o
       216         72          0          0          0       8947   stm32f4xx_it.o
      2762        110          0          0          0      23114   stm32f4xx_ll_usb.o
       100         18         24          4          0       1131   system_stm32f4xx.o
      2208        196          0         60        240      24614   tasks.o
        60         12          0          6          0       1215   test_task.o
       316         32          0          0         64       2304   tim.o
      1016         96          0         20        272      27359   timers.o
       716         72          0          0        288       3079   usart.o
        76         16          0          0        668       2455   usb_device.o
       836         16          0        271          0      13562   usbd_cdc.o
       224         28          0         16       4196       3598   usbd_cdc_if.o
       990         18          0          0       1032      15500   usbd_conf.o
       736          0          0          0          0      12813   usbd_core.o
      1648         30          0          1          0      11664   usbd_ctlreq.o
       386        122          0         78        512       6533   usbd_desc.o
       132          0          0          0          0       4468   usbd_ioreq.o
       276         18          0          4         24       3404   vofa_task.o

    ----------------------------------------------------------------------
     44572       2266        972        760      43440    1220010   Object Totals
         0          0         32          0          0          0   (incl. Generated)
        60          0          2         17          2          0   (incl. Padding)

    ----------------------------------------------------------------------

      Code (inc. data)   RO Data    RW Data    ZI Data      Debug   Library Member Name

        90          0          0          0          0          0   __dczerorl2.o
         8          0          0          0          0         68   __main.o
         0          0          0          0          0          0   __rtentry.o
        12          0          0          0          0          0   __rtentry2.o
         6          0          0          0          0          0   __rtentry4.o
        52          8          0          0          0          0   __scatter.o
        28          0          0          0          0          0   __scatter_zi.o
        48          4          0          0          0         84   _fptrap.o
        22          0          0          0          0        100   _rserrno.o
        10          0          0          0          0         68   defsig_exit.o
       172        110          0          0          0         76   defsig_fpe_inner.o
        14          0          0          0          0         80   defsig_fpe_outer.o
        50          0          0          0          0         88   defsig_general.o
        80         58          0          0          0         76   defsig_rtmem_inner.o
        14          0          0          0          0         80   defsig_rtmem_outer.o
        18          0          0          0          0         80   exit.o
        94          0          0          0          0         80   h1_alloc.o
        52          0          0          0          0         68   h1_extend.o
        78          0          0          0          0         80   h1_free.o
        14          0          0          0          0         84   h1_init.o
         6          0          0          0          0        152   heapauxi.o
         4          0          0          0          0        136   hguard.o
         0          0          0          0          0          0   indicate_semi.o
       138          0          0          0          0        168   init_alloc.o
         2          0          0          0          0          0   libinit.o
        14          0          0          0          0          0   libinit2.o
         2          0          0          0          0          0   libshutdown.o
         2          0          0          0          0          0   libshutdown2.o
         8          4          0          0         96         68   libspace.o
       238          0          0          0          0        100   lludivv7m.o
         0          0          0          0          0          0   maybetermalloc1.o
        88          0          0          0          0         76   memcmp.o
         8          4          0          0          0         68   rt_errno_addr_intlibspace.o
         8          4          0          0          0         68   rt_heap_descriptor_intlibspace.o
        78          0          0          0          0         80   rt_memclr_w.o
       138          0          0          0          0         68   rt_memcpy_v6.o
       100          0          0          0          0         80   rt_memcpy_w.o
         2          0          0          0          0          0   rtexit.o
        10          0          0          0          0          0   rtexit2.o
        12          4          0          0          0         68   sys_exit.o
        74          0          0          0          0         80   sys_stackheap_outer.o
        14          0          0          0          0         76   sys_wrch.o
         2          0          0          0          0         68   use_no_semi.o
       708         16          0          0          0        140   d2f_clz.o
        46          0          0          0          0        116   dflt_clz.o
       448         16          0          0          0        164   dmul_clz.o
       258          4          0          0          0        156   dnaninf.o
       112          0          0          0          0        160   drenorm_clz.o
        12          0          0          0          0        116   dretinf.o
       378          0          0          0          0        168   dunder_clz.o
       492         36          0          0          0        148   except.o
        10          0          0          0          0        116   fpinit.o
        10          0          0          0          0        116   fretinf.o
       316          0          0          0          0        132   funder_clz.o
       178          0          0          0          0        116   retnan.o
       126          0          0          0          0        148   trapv.o
         0          0          0          0          0          0   usenofp.o
       300         42          0          0          0        176   asinf.o
       592         90          0          0          0        184   atan2f.o
        38          0          0          0          0        116   fpclassifyf.o
        44         12          0          0          0        464   funder.o
        62          0          0          0          0        136   sqrtf_full.o

    ----------------------------------------------------------------------
      5956        412          0          0         96       5340   Library Totals
        16          0          0          0          0          0   (incl. Padding)

    ----------------------------------------------------------------------

      Code (inc. data)   RO Data    RW Data    ZI Data      Debug   Library Name

      1810        196          0          0         96       2468   c_w.l
      3094         72          0          0          0       1796   g_wm.l
      1036        144          0          0          0       1076   m_wm.l

    ----------------------------------------------------------------------
      5956        412          0          0         96       5340   Library Totals

    ----------------------------------------------------------------------

==============================================================================


      Code (inc. data)   RO Data    RW Data    ZI Data      Debug   

     50528       2678        972        760      43536    1180198   Grand Totals
     50528       2678        972        280      43536    1180198   ELF Image Totals (compressed)
     50528       2678        972        280          0          0   ROM Totals

==============================================================================

    Total RO  Size (Code + RO Data)                51500 (  50.29kB)
    Total RW  Size (RW Data + ZI Data)             44296 (  43.26kB)
    Total ROM Size (Code + RO Data + RW Data)      51780 (  50.57kB)

==============================================================================

