<html>
<body>
<pre>
<h1>µVision Build Log</h1>
<h2>Tool Versions:</h2>
IDE-Version: ¦ÌVision V5.38.0.0
Copyright (C) 2022 ARM Ltd and ARM Germany GmbH. All rights reserved.
License Information: 1 a18749178481@outlook.com, 1, LIC=ZB4EI-TX6V2-RAYDM-X1T0V-ZNP0U-1IA4H
 
Tool Versions:
Toolchain:       MDK-ARM Plus  Version: 5.24.1
Toolchain Path:  C:\Keil5 MDK\ARM\ARMCC\Bin
C Compiler:      Armcc.exe V5.06 update 5 (build 528)
Assembler:       Armasm.exe V5.06 update 5 (build 528)
Linker/Locator:  ArmLink.exe V5.06 update 5 (build 528)
Library Manager: ArmAr.exe V5.06 update 5 (build 528)
Hex Converter:   FromElf.exe V5.06 update 5 (build 528)
CPU DLL:         SARMCM3.DLL V5.24.1
Dialog DLL:      DCM.DLL V1.16.0.0
Target DLL:      CMSIS_AGDI.dll V1.28.3.0
Dialog DLL:      TCM.DLL V1.32.0.0
 
<h2>Project:</h2>
C:\Users\a1874\Desktop\GIMBAL\MDK-ARM\AGV_GIMBAL.uvprojx
Project File Date:  12/08/2024

<h2>Output:</h2>
*** Using Compiler 'V5.06 update 5 (build 528)', folder: 'C:\Keil5 MDK\ARM\ARMCC\Bin'
Build target 'AGV_GIMBAL'
compiling bsp_delay.c...
compiling bsp_buzzer.c...
compiling usbd_desc.c...
compiling stm32f4xx_it.c...
compiling usart.c...
compiling freertos.c...
compiling main.c...
compiling usbd_conf.c...
compiling tim.c...
compiling usb_device.c...
compiling can.c...
compiling stm32f4xx_hal_msp.c...
compiling dma.c...
compiling usbd_cdc_if.c...
compiling gpio.c...
compiling spi.c...
compiling Can_receive.c...
compiling bsp_rc.c...
compiling test_task.c...
compiling vofa_task.c...
compiling remote_control.c...
compiling gimbal_task.c...
..\application\gimbal_task.c(146): warning:  #186-D: pointless comparison of unsigned integer with zero
  	
cd_format(Pitch_offset_ecd);
..\application\gimbal_task.c(154): warning:  #186-D: pointless comparison of unsigned integer with zero
  	
cd_format(Yaw_offset_ecd);
..\application\gimbal_task.c: 2 warnings, 0 errors
compiling gimbal_behaviour.c...
compiling aimbots_task.c...
..\application\aimbots_task.c(69): warning:  #177-D: function "dispose_usb_data"  was declared but never referenced
  static void dispose_usb_data(mini_data_t *auto_data)
..\application\aimbots_task.c: 1 warning, 0 errors
compiling BMI088driver.c...
compiling INS_task.c...
compiling shoot_behaviour.c...
compiling shoot_task.c...
compiling communicate_task.c...
compiling bsp_spi.c...
compiling BMI088Middleware.c...
compiling AHRS_middleware.c...
compiling pid.c...
..\components\controller\pid.c(230): warning:  #177-D: function "ecd_zero"  was declared but never referenced
  static fp32 ecd_zero(uint16_t ecd, uint16_t offset_ecd, uint16_t ecd_range)
..\components\controller\pid.c: 1 warning, 0 errors
compiling usbd_ctlreq.c...
compiling usbd_cdc.c...
compiling usbd_core.c...
compiling usbd_ioreq.c...
linking...
Program Size: Code=50728 RO-data=972 RW-data=740 ZI-data=43556  
FromELF: creating hex file...
".\AGV_GIMBAL\gimbal_task.axf" - 0 Error(s), 4 Warning(s).

<h2>Software Packages used:</h2>

Package Vendor: ARM
                http://www.keil.com/pack/ARM.CMSIS.5.0.1.pack
                ARM.CMSIS.5.0.1
                CMSIS (Cortex Microcontroller Software Interface Standard)
   * Component: CORE Version: 5.0.1

Package Vendor: Keil
                https://www.keil.com/pack/Keil.STM32F4xx_DFP.2.17.1.pack
                Keil.STM32F4xx_DFP.2.17.1
                STMicroelectronics STM32F4 Series Device Support, Drivers and Examples

<h2>Collection of Component include folders:</h2>
  ./RTE/_AGV_GIMBAL
  C:/Keil5 MDK/ARM/PACK/ARM/CMSIS/5.0.1/CMSIS/Include
  C:/Keil5 MDK/ARM/PACK/Keil/STM32F4xx_DFP/2.17.1/Drivers/CMSIS/Device/ST/STM32F4xx/Include

<h2>Collection of Component Files used:</h2>

   * Component: ARM::CMSIS:CORE:5.0.1
Build Time Elapsed:  00:00:19
</pre>
</body>
</html>
