Component: ARM Compiler 5.06 update 5 (build 528) Tool: armlink [4d35e2]

==============================================================================

Section Cross References

    startup_stm32f407xx.o(STACK) refers (Special) to heapauxi.o(.text) for __use_two_region_memory
    startup_stm32f407xx.o(HEAP) refers (Special) to heapauxi.o(.text) for __use_two_region_memory
    startup_stm32f407xx.o(RESET) refers (Special) to heapauxi.o(.text) for __use_two_region_memory
    startup_stm32f407xx.o(RESET) refers to startup_stm32f407xx.o(STACK) for __initial_sp
    startup_stm32f407xx.o(RESET) refers to startup_stm32f407xx.o(.text) for Reset_Handler
    startup_stm32f407xx.o(RESET) refers to stm32f4xx_it.o(i.NMI_Handler) for NMI_Handler
    startup_stm32f407xx.o(RESET) refers to stm32f4xx_it.o(i.HardFault_Handler) for HardFault_Handler
    startup_stm32f407xx.o(RESET) refers to stm32f4xx_it.o(i.MemManage_Handler) for MemManage_Handler
    startup_stm32f407xx.o(RESET) refers to stm32f4xx_it.o(i.BusFault_Handler) for BusFault_Handler
    startup_stm32f407xx.o(RESET) refers to stm32f4xx_it.o(i.UsageFault_Handler) for UsageFault_Handler
    startup_stm32f407xx.o(RESET) refers to port.o(.emb_text) for SVC_Handler
    startup_stm32f407xx.o(RESET) refers to stm32f4xx_it.o(i.DebugMon_Handler) for DebugMon_Handler
    startup_stm32f407xx.o(RESET) refers to port.o(i.SysTick_Handler) for SysTick_Handler
    startup_stm32f407xx.o(RESET) refers to stm32f4xx_it.o(i.DMA1_Stream1_IRQHandler) for DMA1_Stream1_IRQHandler
    startup_stm32f407xx.o(RESET) refers to stm32f4xx_it.o(i.CAN1_TX_IRQHandler) for CAN1_TX_IRQHandler
    startup_stm32f407xx.o(RESET) refers to stm32f4xx_it.o(i.CAN1_RX0_IRQHandler) for CAN1_RX0_IRQHandler
    startup_stm32f407xx.o(RESET) refers to stm32f4xx_it.o(i.CAN1_RX1_IRQHandler) for CAN1_RX1_IRQHandler
    startup_stm32f407xx.o(RESET) refers to stm32f4xx_it.o(i.USART1_IRQHandler) for USART1_IRQHandler
    startup_stm32f407xx.o(RESET) refers to remote_control.o(i.USART3_IRQHandler) for USART3_IRQHandler
    startup_stm32f407xx.o(RESET) refers to stm32f4xx_it.o(i.TIM5_IRQHandler) for TIM5_IRQHandler
    startup_stm32f407xx.o(RESET) refers to stm32f4xx_it.o(i.DMA2_Stream2_IRQHandler) for DMA2_Stream2_IRQHandler
    startup_stm32f407xx.o(RESET) refers to stm32f4xx_it.o(i.DMA2_Stream3_IRQHandler) for DMA2_Stream3_IRQHandler
    startup_stm32f407xx.o(RESET) refers to stm32f4xx_it.o(i.CAN2_RX0_IRQHandler) for CAN2_RX0_IRQHandler
    startup_stm32f407xx.o(RESET) refers to stm32f4xx_it.o(i.CAN2_RX1_IRQHandler) for CAN2_RX1_IRQHandler
    startup_stm32f407xx.o(RESET) refers to stm32f4xx_it.o(i.OTG_FS_IRQHandler) for OTG_FS_IRQHandler
    startup_stm32f407xx.o(RESET) refers to stm32f4xx_it.o(i.USART6_IRQHandler) for USART6_IRQHandler
    startup_stm32f407xx.o(.text) refers (Special) to heapauxi.o(.text) for __use_two_region_memory
    startup_stm32f407xx.o(.text) refers to system_stm32f4xx.o(i.SystemInit) for SystemInit
    startup_stm32f407xx.o(.text) refers to __main.o(!!!main) for __main
    startup_stm32f407xx.o(.text) refers to startup_stm32f407xx.o(HEAP) for Heap_Mem
    startup_stm32f407xx.o(.text) refers to startup_stm32f407xx.o(STACK) for Stack_Mem
    main.o(i.HAL_TIM_PeriodElapsedCallback) refers to stm32f4xx_hal.o(i.HAL_IncTick) for HAL_IncTick
    main.o(i.SystemClock_Config) refers to rt_memclr_w.o(.text) for __aeabi_memclr4
    main.o(i.SystemClock_Config) refers to stm32f4xx_hal_rcc.o(i.HAL_RCC_OscConfig) for HAL_RCC_OscConfig
    main.o(i.SystemClock_Config) refers to stm32f4xx_hal_rcc.o(i.HAL_RCC_ClockConfig) for HAL_RCC_ClockConfig
    main.o(i.main) refers to stm32f4xx_hal.o(i.HAL_Init) for HAL_Init
    main.o(i.main) refers to main.o(i.SystemClock_Config) for SystemClock_Config
    main.o(i.main) refers to gpio.o(i.MX_GPIO_Init) for MX_GPIO_Init
    main.o(i.main) refers to dma.o(i.MX_DMA_Init) for MX_DMA_Init
    main.o(i.main) refers to can.o(i.MX_CAN1_Init) for MX_CAN1_Init
    main.o(i.main) refers to can.o(i.MX_CAN2_Init) for MX_CAN2_Init
    main.o(i.main) refers to spi.o(i.MX_SPI1_Init) for MX_SPI1_Init
    main.o(i.main) refers to tim.o(i.MX_TIM4_Init) for MX_TIM4_Init
    main.o(i.main) refers to usart.o(i.MX_USART1_UART_Init) for MX_USART1_UART_Init
    main.o(i.main) refers to usart.o(i.MX_USART3_UART_Init) for MX_USART3_UART_Init
    main.o(i.main) refers to usart.o(i.MX_USART6_UART_Init) for MX_USART6_UART_Init
    main.o(i.main) refers to usb_device.o(i.MX_USB_DEVICE_Init) for MX_USB_DEVICE_Init
    main.o(i.main) refers to remote_control.o(i.remote_control_init) for remote_control_init
    main.o(i.main) refers to bsp_buzzer.o(i.Buzzer_Init) for Buzzer_Init
    main.o(i.main) refers to can_receive.o(i.canfilter_init_start) for canfilter_init_start
    main.o(i.main) refers to freertos.o(i.MX_FREERTOS_Init) for MX_FREERTOS_Init
    main.o(i.main) refers to cmsis_os.o(i.osKernelStart) for osKernelStart
    gpio.o(i.MX_GPIO_Init) refers to rt_memclr_w.o(.text) for __aeabi_memclr4
[...]
    USBD_RegisterClass                       0x08006209   Thumb Code    58  usbd_core.o(i.USBD_RegisterClass)
    USBD_SetClassConfig                      0x08006243   Thumb Code    20  usbd_core.o(i.USBD_SetClassConfig)
    USBD_Start                               0x08006311   Thumb Code     4  usbd_core.o(i.USBD_Start)
    USBD_StdDevReq                           0x08006315   Thumb Code   300  usbd_ctlreq.o(i.USBD_StdDevReq)
    USBD_StdEPReq                            0x08006441   Thumb Code   352  usbd_ctlreq.o(i.USBD_StdEPReq)
    USBD_StdItfReq                           0x080065a1   Thumb Code   114  usbd_ctlreq.o(i.USBD_StdItfReq)
    USBD_static_free                         0x08006613   Thumb Code     2  usbd_conf.o(i.USBD_static_free)
    USBD_static_malloc                       0x08006615   Thumb Code     4  usbd_conf.o(i.USBD_static_malloc)
    USB_ActivateEndpoint                     0x0800661d   Thumb Code   122  stm32f4xx_ll_usb.o(i.USB_ActivateEndpoint)
    USB_ActivateSetup                        0x0800669d   Thumb Code    28  stm32f4xx_ll_usb.o(i.USB_ActivateSetup)
    USB_CoreInit                             0x080066b9   Thumb Code   112  stm32f4xx_ll_usb.o(i.USB_CoreInit)
    USB_DeactivateEndpoint                   0x0800676d   Thumb Code   194  stm32f4xx_ll_usb.o(i.USB_DeactivateEndpoint)
    USB_DevConnect                           0x08006839   Thumb Code    28  stm32f4xx_ll_usb.o(i.USB_DevConnect)
    USB_DevDisconnect                        0x08006855   Thumb Code    28  stm32f4xx_ll_usb.o(i.USB_DevDisconnect)
    USB_DevInit                              0x08006871   Thumb Code   362  stm32f4xx_ll_usb.o(i.USB_DevInit)
    USB_DisableGlobalInt                     0x080069e5   Thumb Code    12  stm32f4xx_ll_usb.o(i.USB_DisableGlobalInt)
    USB_EP0StartXfer                         0x080069f1   Thumb Code   280  stm32f4xx_ll_usb.o(i.USB_EP0StartXfer)
    USB_EP0_OutStart                         0x08006b0d   Thumb Code    84  stm32f4xx_ll_usb.o(i.USB_EP0_OutStart)
    USB_EPClearStall                         0x08006b65   Thumb Code    88  stm32f4xx_ll_usb.o(i.USB_EPClearStall)
    USB_EPSetStall                           0x08006bbd   Thumb Code    88  stm32f4xx_ll_usb.o(i.USB_EPSetStall)
    USB_EPStartXfer                          0x08006c15   Thumb Code   480  stm32f4xx_ll_usb.o(i.USB_EPStartXfer)
    USB_EPStopXfer                           0x08006df9   Thumb Code   158  stm32f4xx_ll_usb.o(i.USB_EPStopXfer)
    USB_EnableGlobalInt                      0x08006e97   Thumb Code    12  stm32f4xx_ll_usb.o(i.USB_EnableGlobalInt)
    USB_FlushRxFifo                          0x08006ea5   Thumb Code    54  stm32f4xx_ll_usb.o(i.USB_FlushRxFifo)
    USB_FlushTxFifo                          0x08006ee1   Thumb Code    58  stm32f4xx_ll_usb.o(i.USB_FlushTxFifo)
    USB_GetDevSpeed                          0x08006f21   Thumb Code    26  stm32f4xx_ll_usb.o(i.USB_GetDevSpeed)
    USB_GetMode                              0x08006f3b   Thumb Code     8  stm32f4xx_ll_usb.o(i.USB_GetMode)
    USB_ReadDevAllInEpInterrupt              0x08006f43   Thumb Code    14  stm32f4xx_ll_usb.o(i.USB_ReadDevAllInEpInterrupt)
    USB_ReadDevAllOutEpInterrupt             0x08006f51   Thumb Code    14  stm32f4xx_ll_usb.o(i.USB_ReadDevAllOutEpInterrupt)
    USB_ReadDevInEPInterrupt                 0x08006f5f   Thumb Code    36  stm32f4xx_ll_usb.o(i.USB_ReadDevInEPInterrupt)
    USB_ReadDevOutEPInterrupt                0x08006f83   Thumb Code    16  stm32f4xx_ll_usb.o(i.USB_ReadDevOutEPInterrupt)
    USB_ReadInterrupts                       0x08006f93   Thumb Code     8  stm32f4xx_ll_usb.o(i.USB_ReadInterrupts)
    USB_ReadPacket                           0x08006f9b   Thumb Code    62  stm32f4xx_ll_usb.o(i.USB_ReadPacket)
    USB_SetCurrentMode                       0x08006fd9   Thumb Code    92  stm32f4xx_ll_usb.o(i.USB_SetCurrentMode)
    USB_SetDevAddress                        0x08007035   Thumb Code    34  stm32f4xx_ll_usb.o(i.USB_SetDevAddress)
    USB_SetTurnaroundTime                    0x08007059   Thumb Code   158  stm32f4xx_ll_usb.o(i.USB_SetTurnaroundTime)
    USB_WritePacket                          0x08007141   Thumb Code    40  stm32f4xx_ll_usb.o(i.USB_WritePacket)
    UsageFault_Handler                       0x08007169   Thumb Code     2  stm32f4xx_it.o(i.UsageFault_Handler)
    VofaInit                                 0x0800716d   Thumb Code    12  vofa_task.o(i.VofaInit)
    Vofa_Send                                0x0800717d   Thumb Code    16  vofa_task.o(i.Vofa_Send)
    __ARM_fpclassifyf                        0x08007195   Thumb Code    38  fpclassifyf.o(i.__ARM_fpclassifyf)
    __hardfp_asinf                           0x080071dd   Thumb Code   258  asinf.o(i.__hardfp_asinf)
    __hardfp_atan2f                          0x08007309   Thumb Code   502  atan2f.o(i.__hardfp_atan2f)
    __mathlib_flt_infnan                     0x08007559   Thumb Code     6  funder.o(i.__mathlib_flt_infnan)
    __mathlib_flt_infnan2                    0x0800755f   Thumb Code     6  funder.o(i.__mathlib_flt_infnan2)
    __mathlib_flt_invalid                    0x08007565   Thumb Code    10  funder.o(i.__mathlib_flt_invalid)
    __mathlib_flt_underflow                  0x08007575   Thumb Code    10  funder.o(i.__mathlib_flt_underflow)
    aimbots_task                             0x08007585   Thumb Code   160  aimbots_task.o(i.aimbots_task)
    angle_to_180                             0x0800763d   Thumb Code    36  gimbal_task.o(i.angle_to_180)
    bmi088_accel_init                        0x0800766d   Thumb Code   266  bmi088driver.o(i.bmi088_accel_init)
    bmi088_gyro_init                         0x0800777d   Thumb Code   214  bmi088driver.o(i.bmi088_gyro_init)
    buzzer_off                               0x08007859   Thumb Code    10  bsp_buzzer.o(i.buzzer_off)
    buzzer_on                                0x08007869   Thumb Code    12  bsp_buzzer.o(i.buzzer_on)
    canfilter_init_start                     0x08007879   Thumb Code    80  can_receive.o(i.canfilter_init_start)
    communicate_task                         0x080078d1   Thumb Code    12  communicate_task.o(i.communicate_task)
    detect_hook                              0x080078dd   Thumb Code    74  detect_task.o(i.detect_hook)
    detect_task                              0x080079a5   Thumb Code   228  detect_task.o(i.detect_task)
    get_INS_angle                            0x08007a95   Thumb Code    14  ins_task.o(i.get_INS_angle)
    get_INS_data_point                       0x08007aa9   Thumb Code     4  ins_task.o(i.get_INS_data_point)
    get_angle                                0x08007ab1   Thumb Code   176  ins_task.o(i.get_angle)
    get_autofire_flag_point                  0x08007b61   Thumb Code     4  aimbots_task.o(i.get_autofire_flag_point)
    get_gimbal_friction_motor_measure_point  0x08007b69   Thumb Code    12  can_receive.o(i.get_gimbal_friction_motor_measure_point)
    get_gimbal_pitch_motor_measure_point     0x08007b79   Thumb Code     4  can_receive.o(i.get_gimbal_pitch_motor_measure_point)
    get_gimbal_yaw_motor_measure_point       0x08007b81   Thumb Code     4  can_receive.o(i.get_gimbal_yaw_motor_measure_point)
    get_mini_data_point                      0x08007b89   Thumb Code     4  aimbots_task.o(i.get_mini_data_point)
    get_remote_control_point                 0x08007b91   Thumb Code     4  remote_control.o(i.get_remote_control_point)
    get_shoot_PID_Debug                      0x08007b99   Thumb Code     4  shoot_task.o(i.get_shoot_PID_Debug)
    gimbal_behaviour_control_set             0x08007c1d   Thumb Code    56  gimbal_behaviour.o(i.gimbal_behaviour_control_set)
    gimbal_behaviour_mode_set                0x08007c59   Thumb Code   124  gimbal_behaviour.o(i.gimbal_behaviour_mode_set)
    gimbal_task                              0x08008341   Thumb Code   264  gimbal_task.o(i.gimbal_task)
    imu_offset_accquier                      0x0800844d   Thumb Code   168  ins_task.o(i.imu_offset_accquier)
    imu_offset_remove                        0x080084fd   Thumb Code    50  ins_task.o(i.imu_offset_remove)
    invSqrt                                  0x08008531   Thumb Code    40  mahonyahrs.o(i.invSqrt)
    main                                     0x0800855d   Thumb Code    70  main.o(i.main)
    my_fabs                                  0x080085e5   Thumb Code    16  pid.o(i.my_fabs)
    osDelay                                  0x080085f5   Thumb Code    14  cmsis_os.o(i.osDelay)
    osKernelStart                            0x08008603   Thumb Code    10  cmsis_os.o(i.osKernelStart)
    osThreadCreate                           0x0800860d   Thumb Code    84  cmsis_os.o(i.osThreadCreate)
    pvPortMalloc                             0x080089ad   Thumb Code   216  heap_4.o(i.pvPortMalloc)
    pxPortInitialiseStack                    0x08008a89   Thumb Code    40  port.o(i.pxPortInitialiseStack)
    remote_control_init                      0x08008ab5   Thumb Code    12  remote_control.o(i.remote_control_init)
    shoot_motor_mode_set                     0x08008de9   Thumb Code     4  shoot_behaviour.o(i.shoot_motor_mode_set)
    shoot_task                               0x08008ded   Thumb Code   268  shoot_task.o(i.shoot_task)
    sqrtf                                    0x08008f15   Thumb Code    62  sqrtf_full.o(i.sqrtf)
    toe_is_error                             0x08008f55   Thumb Code    18  detect_task.o(i.toe_is_error)
    uxListRemove                             0x08008f6d   Thumb Code    38  list.o(i.uxListRemove)
    vApplicationGetIdleTaskMemory            0x08008f95   Thumb Code    16  freertos.o(i.vApplicationGetIdleTaskMemory)
    vListInitialise                          0x08008fa9   Thumb Code    22  list.o(i.vListInitialise)
    vListInitialiseItem                      0x08008fbf   Thumb Code     6  list.o(i.vListInitialiseItem)
    vListInsert                              0x08008fc5   Thumb Code    48  list.o(i.vListInsert)
    vListInsertEnd                           0x08008ff5   Thumb Code    24  list.o(i.vListInsertEnd)
    vPortEnterCritical                       0x0800900d   Thumb Code    54  port.o(i.vPortEnterCritical)
    vPortExitCritical                        0x0800904d   Thumb Code    34  port.o(i.vPortExitCritical)
    vPortFree                                0x08009075   Thumb Code    94  heap_4.o(i.vPortFree)
    vPortSetupTimerInterrupt                 0x080090d9   Thumb Code    32  port.o(i.vPortSetupTimerInterrupt)
    vTaskDelay                               0x080090fd   Thumb Code    66  tasks.o(i.vTaskDelay)
    vTaskStartScheduler                      0x08009149   Thumb Code    90  tasks.o(i.vTaskStartScheduler)
    vTaskSuspendAll                          0x080091b5   Thumb Code    10  tasks.o(i.vTaskSuspendAll)
    vTaskSwitchContext                       0x080091c5   Thumb Code    82  tasks.o(i.vTaskSwitchContext)
    vofa_justfloat                           0x08009221   Thumb Code    64  vofa_task.o(i.vofa_justfloat)
    vofa_task                                0x08009261   Thumb Code    24  vofa_task.o(i.vofa_task)
    xPortStartScheduler                      0x0800927d   Thumb Code   222  port.o(i.xPortStartScheduler)
    xTaskCreate                              0x08009371   Thumb Code    90  tasks.o(i.xTaskCreate)
    xTaskCreateStatic                        0x080093cb   Thumb Code    86  tasks.o(i.xTaskCreateStatic)
    xTaskGetTickCount                        0x08009421   Thumb Code     6  tasks.o(i.xTaskGetTickCount)
    xTaskIncrementTick                       0x0800942d   Thumb Code   194  tasks.o(i.xTaskIncrementTick)
    xTaskResumeAll                           0x080094f9   Thumb Code   182  tasks.o(i.xTaskResumeAll)
    __aeabi_d2f                              0x080095bd   Thumb Code     0  d2f_clz.o(x$fpl$d2f)
    _d2f                                     0x080095bd   Thumb Code   700  d2f_clz.o(x$fpl$d2f)
    __aeabi_i2d                              0x08009881   Thumb Code     0  dflt_clz.o(x$fpl$dflt)
    _dflt                                    0x08009881   Thumb Code    46  dflt_clz.o(x$fpl$dflt)
    __aeabi_dmul                             0x080098b1   Thumb Code     0  dmul_clz.o(x$fpl$dmul)
    _dmul                                    0x080098b1   Thumb Code   440  dmul_clz.o(x$fpl$dmul)
    __fpl_dnaninf                            0x08009a71   Thumb Code   258  dnaninf.o(x$fpl$dnaninf)
    __fpl_drenorm2                           0x08009b73   Thumb Code   106  drenorm_clz.o(x$fpl$drenorm)
    __fpl_drenorm1                           0x08009bdd   Thumb Code     6  drenorm_clz.o(x$fpl$drenorm)
    __fpl_dretinf                            0x08009be3   Thumb Code    12  dretinf.o(x$fpl$dretinf)
    __dunder                                 0x08009bef   Thumb Code   314  dunder_clz.o(x$fpl$dunder)
    __dunder_d                               0x08009d29   Thumb Code    64  dunder_clz.o(x$fpl$dunder)
    __fpl_exception                          0x08009d69   Thumb Code   454  except.o(x$fpl$exception)
    _fp_init                                 0x08009f55   Thumb Code    10  fpinit.o(x$fpl$fpinit)
    __fplib_config_fpu_vfp                   0x08009f5d   Thumb Code     0  fpinit.o(x$fpl$fpinit)
    __fplib_config_pureend_doubles           0x08009f5d   Thumb Code     0  fpinit.o(x$fpl$fpinit)
    __fpl_fretinf                            0x08009f5f   Thumb Code    10  fretinf.o(x$fpl$fretinf)
    __funder                                 0x08009f69   Thumb Code   254  funder_clz.o(x$fpl$funder)
    __funder_d                               0x0800a067   Thumb Code    62  funder_clz.o(x$fpl$funder)
    __fpl_return_NaN                         0x0800a0a5   Thumb Code   178  retnan.o(x$fpl$retnan)
    _fp_trapveneer                           0x0800a157   Thumb Code    36  trapv.o(x$fpl$trapveneer)
    __fpl_cmpreturn                          0x0800a17b   Thumb Code    90  trapv.o(x$fpl$trapveneer)
    __I$use$fp                               0x0800a1d4   Number         0  usenofp.o(x$fpl$usenofp)
    AHBPrescTable                            0x0800a2a0   Data          16  system_stm32f4xx.o(.constdata)
    APBPrescTable                            0x0800a2b0   Data           8  system_stm32f4xx.o(.constdata)
    Region$$Table$$Base                      0x0800a3d0   Number         0  anon$$obj.o(Region$$Table)
    Region$$Table$$Limit                     0x0800a3f0   Number         0  anon$$obj.o(Region$$Table)
    INS_TASKHandle                           0x20000000   Data           4  freertos.o(.data)
    GIMBAL_TASKHandle                        0x20000004   Data           4  freertos.o(.data)
    DETECT_TASKHandle                        0x20000008   Data           4  freertos.o(.data)
    SHOOT_TASKHandle                         0x2000000c   Data           4  freertos.o(.data)
    VOFA_TASKHandle                          0x20000010   Data           4  freertos.o(.data)
    AIMBOTS_TASKHandle                       0x20000014   Data           4  freertos.o(.data)
    COMMUNICATE_TASHandle                    0x20000018   Data           4  freertos.o(.data)
    FS_Desc                                  0x20000020   Data          28  usbd_desc.o(.data)
    USBD_LangIDDesc                          0x2000003c   Data           4  usbd_desc.o(.data)
    USBD_FS_DeviceDesc                       0x20000040   Data          18  usbd_desc.o(.data)
    USBD_StringSerial                        0x20000054   Data          26  usbd_desc.o(.data)
    USBD_Interface_fops_FS                   0x20000070   Data          20  usbd_cdc_if.o(.data)
    uwTickFreq                               0x20000084   Data           1  stm32f4xx_hal.o(.data)
    uwTickPrio                               0x20000088   Data           4  stm32f4xx_hal.o(.data)
    uwTick                                   0x2000008c   Data           4  stm32f4xx_hal.o(.data)
    SystemCoreClock                          0x20000090   Data           4  system_stm32f4xx.o(.data)
    pxCurrentTCB                             0x20000094   Data           4  tasks.o(.data)
    USBD_CDC                                 0x20000154   Data          56  usbd_cdc.o(.data)
    buffet_speed                             0x2000018c   Data           4  aimbots_task.o(.data)
    a                                        0x20000190   Data          18  aimbots_task.o(.data)
    yaw_relative_init                        0x200001c8   Data           4  gimbal_task.o(.data)
    omeg                                     0x200001cc   Data           4  gimbal_task.o(.data)
    Bee_flag                                 0x200001d0   Data           1  ins_task.o(.data)
    psc                                      0x200001d2   Data           2  ins_task.o(.data)
    pwm                                      0x200001d4   Data           2  ins_task.o(.data)
    imu_to_pc                                0x200001d8   Data           4  ins_task.o(.data)
    fric1                                    0x200001e0   Data           2  shoot_task.o(.data)
    fric2                                    0x200001e2   Data           2  shoot_task.o(.data)
    shoot_debug                              0x200001e4   Data           4  vofa_task.o(.data)
    rx_data1                                 0x200001f2   Data           7  can_receive.o(.data)
    rx_data2                                 0x200001f9   Data           7  can_receive.o(.data)
    BMI088_ACCEL_SEN                         0x20000200   Data           4  bmi088driver.o(.data)
    BMI088_GYRO_SEN                          0x20000204   Data           4  bmi088driver.o(.data)
    twoKp                                    0x20000238   Data           4  mahonyahrs.o(.data)
    twoKi                                    0x2000023c   Data           4  mahonyahrs.o(.data)
    integralFBx                              0x20000240   Data           4  mahonyahrs.o(.data)
    integralFBy                              0x20000244   Data           4  mahonyahrs.o(.data)
    integralFBz                              0x20000248   Data           4  mahonyahrs.o(.data)
    hcan1                                    0x200004a0   Data          40  can.o(.bss)
    hcan2                                    0x200004c8   Data          40  can.o(.bss)
    hspi1                                    0x200004f0   Data          88  spi.o(.bss)
    hdma_spi1_rx                             0x20000548   Data          96  spi.o(.bss)
    hdma_spi1_tx                             0x200005a8   Data          96  spi.o(.bss)
    htim4                                    0x20000608   Data          72  tim.o(.bss)
    huart1                                   0x20000650   Data          68  usart.o(.bss)
    huart3                                   0x20000694   Data          68  usart.o(.bss)
    huart6                                   0x200006d8   Data          68  usart.o(.bss)
    hdma_usart3_rx                           0x2000071c   Data          96  usart.o(.bss)
    htim5                                    0x2000077c   Data          72  stm32f4xx_hal_timebase_tim.o(.bss)
    hUsbDeviceFS                             0x200007c4   Data         732  usb_device.o(.bss)
    USBD_StrDesc                             0x20000aa0   Data         512  usbd_desc.o(.bss)
    usb_recive_buffer                        0x20000ca0   Data         100  usbd_cdc_if.o(.bss)
    UserRxBufferFS                           0x20000d04   Data        2048  usbd_cdc_if.o(.bss)
    UserTxBufferFS                           0x20001504   Data        2048  usbd_cdc_if.o(.bss)
    hpcd_USB_OTG_FS                          0x20001f24   Data        1292  usbd_conf.o(.bss)
    auto_data                                0x20006120   Data          16  aimbots_task.o(.bss)
    Send_to_minpc                            0x20006130   Data          18  aimbots_task.o(.bss)
    error_list                               0x20006142   Data         216  detect_task.o(.bss)
    gimbal_control                           0x2000621c   Data        1240  gimbal_task.o(.bss)
    INS_quat                                 0x200066f4   Data          16  ins_task.o(.bss)
    bmi088_real_data                         0x20006704   Data          48  ins_task.o(.bss)
    gyro_offset                              0x20006794   Data          12  ins_task.o(.bss)
    bmi088_radians                           0x200067a0   Data          12  ins_task.o(.bss)
    shoot_control                            0x200067ac   Data         256  shoot_task.o(.bss)
    Vofa_Data                                0x200068ac   Data          24  vofa_task.o(.bss)
    rc_ctrl                                  0x200068c4   Data          24  remote_control.o(.bss)
    yaw_motor                                0x20006924   Data          10  can_receive.o(.bss)
    pitch_motor                              0x2000692e   Data          10  can_receive.o(.bss)
    friction_motor                           0x20006938   Data          20  can_receive.o(.bss)
    __libspace_start                         0x2000694c   Data          96  libspace.o(.bss)
    __temporary_stack_top$libspace           0x200069ac   Data           0  libspace.o(.bss)



==============================================================================

Memory Map of the image

  Image Entry point : 0x08000189

  Load Region LR_IROM1 (Base: 0x08000000, Size: 0x0000a63c, Max: 0x00100000, ABSOLUTE, COMPRESSED[0x0000a4fc])

    Execution Region ER_IROM1 (Exec base: 0x08000000, Load base: 0x08000000, Size: 0x0000a3f0, Max: 0x00100000, ABSOLUTE)

    Exec Addr    Load Addr    Size         Type   Attr      Idx    E Section Name        Object

    0x08000000   0x08000000   0x00000188   Data   RO            3    RESET               startup_stm32f407xx.o
    0x08000188   0x08000188   0x00000008   Code   RO         8222  * !!!main             c_w.l(__main.o)
    0x08000190   0x08000190   0x00000034   Code   RO         8576    !!!scatter          c_w.l(__scatter.o)
    0x080001c4   0x080001c4   0x0000005a   Code   RO         8574    !!dczerorl2         c_w.l(__dczerorl2.o)
    0x0800021e   0x0800021e   0x00000002   PAD
    0x08000220   0x08000220   0x0000001c   Code   RO         8578    !!handler_zi        c_w.l(__scatter_zi.o)
    0x0800023c   0x0800023c   0x00000002   Code   RO         8513    .ARM.Collect$$libinit$$00000000  c_w.l(libinit.o)
    0x0800023e   0x0800023e   0x00000004   Code   RO         8346    .ARM.Collect$$libinit$$00000001  c_w.l(libinit2.o)
    0x08000242   0x08000242   0x00000000   Code   RO         8349    .ARM.Collect$$libinit$$00000004  c_w.l(libinit2.o)
    0x08000242   0x08000242   0x00000008   Code   RO         8350    .ARM.Collect$$libinit$$00000005  c_w.l(libinit2.o)
    0x0800024a   0x0800024a   0x00000000   Code   RO         8352    .ARM.Collect$$libinit$$0000000A  c_w.l(libinit2.o)
    0x0800024a   0x0800024a   0x00000000   Code   RO         8354    .ARM.Collect$$libinit$$0000000C  c_w.l(libinit2.o)
    0x0800024a   0x0800024a   0x00000000   Code   RO         8356    .ARM.Collect$$libinit$$0000000E  c_w.l(libinit2.o)
    0x0800024a   0x0800024a   0x00000000   Code   RO         8359    .ARM.Collect$$libinit$$00000011  c_w.l(libinit2.o)
    0x0800024a   0x0800024a   0x00000000   Code   RO         8361    .ARM.Collect$$libinit$$00000013  c_w.l(libinit2.o)
    0x0800024a   0x0800024a   0x00000000   Code   RO         8363    .ARM.Collect$$libinit$$00000015  c_w.l(libinit2.o)
    0x0800024a   0x0800024a   0x00000000   Code   RO         8365    .ARM.Collect$$libinit$$00000017  c_w.l(libinit2.o)
    0x0800024a   0x0800024a   0x00000000   Code   RO         8367    .ARM.Collect$$libinit$$00000019  c_w.l(libinit2.o)
    0x0800024a   0x0800024a   0x00000000   Code   RO         8369    .ARM.Collect$$libinit$$0000001B  c_w.l(libinit2.o)
    0x0800024a   0x0800024a   0x00000000   Code   RO         8371    .ARM.Collect$$libinit$$0000001D  c_w.l(libinit2.o)
    0x0800024a   0x0800024a   0x00000000   Code   RO         8373    .ARM.Collect$$libinit$$0000001F  c_w.l(libinit2.o)
    0x0800024a   0x0800024a   0x00000000   Code   RO         8375    .ARM.Collect$$libinit$$00000021  c_w.l(libinit2.o)
    0x0800024a   0x0800024a   0x00000000   Code   RO         8377    .ARM.Collect$$libinit$$00000023  c_w.l(libinit2.o)
    0x0800024a   0x0800024a   0x00000000   Code   RO         8379    .ARM.Collect$$libinit$$00000025  c_w.l(libinit2.o)
    0x0800024a   0x0800024a   0x00000000   Code   RO         8383    .ARM.Collect$$libinit$$0000002C  c_w.l(libinit2.o)
    0x0800024a   0x0800024a   0x00000000   Code   RO         8385    .ARM.Collect$$libinit$$0000002E  c_w.l(libinit2.o)
    0x0800024a   0x0800024a   0x00000000   Code   RO         8387    .ARM.Collect$$libinit$$00000030  c_w.l(libinit2.o)
    0x0800024a   0x0800024a   0x00000000   Code   RO         8389    .ARM.Collect$$libinit$$00000032  c_w.l(libinit2.o)
    0x0800024a   0x0800024a   0x00000002   Code   RO         8390    .ARM.Collect$$libinit$$00000033  c_w.l(libinit2.o)
    0x0800024c   0x0800024c   0x00000002   Code   RO         8571    .ARM.Collect$$libshutdown$$00000000  c_w.l(libshutdown.o)
    0x0800024e   0x0800024e   0x00000000   Code   RO         8529    .ARM.Collect$$libshutdown$$00000002  c_w.l(libshutdown2.o)
    0x0800024e   0x0800024e   0x00000000   Code   RO         8531    .ARM.Collect$$libshutdown$$00000004  c_w.l(libshutdown2.o)
    0x0800024e   0x0800024e   0x00000000   Code   RO         8534    .ARM.Collect$$libshutdown$$00000007  c_w.l(libshutdown2.o)
    0x0800024e   0x0800024e   0x00000000   Code   RO         8537    .ARM.Collect$$libshutdown$$0000000A  c_w.l(libshutdown2.o)
    0x0800024e   0x0800024e   0x00000000   Code   RO         8539    .ARM.Collect$$libshutdown$$0000000C  c_w.l(libshutdown2.o)
    0x0800024e   0x0800024e   0x00000000   Code   RO         8542    .ARM.Collect$$libshutdown$$0000000F  c_w.l(libshutdown2.o)
    0x0800024e   0x0800024e   0x00000002   Code   RO         8543    .ARM.Collect$$libshutdown$$00000010  c_w.l(libshutdown2.o)
    0x08000250   0x08000250   0x00000000   Code   RO         8310    .ARM.Collect$$rtentry$$00000000  c_w.l(__rtentry.o)
    0x08000250   0x08000250   0x00000000   Code   RO         8439    .ARM.Collect$$rtentry$$00000002  c_w.l(__rtentry2.o)
    0x08000250   0x08000250   0x00000006   Code   RO         8451    .ARM.Collect$$rtentry$$00000004  c_w.l(__rtentry4.o)
    0x08000256   0x08000256   0x00000000   Code   RO         8441    .ARM.Collect$$rtentry$$00000009  c_w.l(__rtentry2.o)
    0x08000256   0x08000256   0x00000004   Code   RO         8442    .ARM.Collect$$rtentry$$0000000A  c_w.l(__rtentry2.o)
    0x0800025a   0x0800025a   0x00000000   Code   RO         8444    .ARM.Collect$$rtentry$$0000000C  c_w.l(__rtentry2.o)
    0x0800025a   0x0800025a   0x00000008   Code   RO         8445    .ARM.Collect$$rtentry$$0000000D  c_w.l(__rtentry2.o)
    0x08000262   0x08000262   0x00000002   Code   RO         8516    .ARM.Collect$$rtexit$$00000000  c_w.l(rtexit.o)
    0x08000264   0x08000264   0x00000000   Code   RO         8547    .ARM.Collect$$rtexit$$00000002  c_w.l(rtexit2.o)
    0x08000264   0x08000264   0x00000004   Code   RO         8548    .ARM.Collect$$rtexit$$00000003  c_w.l(rtexit2.o)
    0x08000268   0x08000268   0x00000006   Code   RO         8549    .ARM.Collect$$rtexit$$00000004  c_w.l(rtexit2.o)
    0x0800026e   0x0800026e   0x00000002   PAD
    0x08000270   0x08000270   0x000000be   Code   RO         6057    .emb_text           port.o
    0x0800032e   0x0800032e   0x00000002   PAD
    0x08000330   0x08000330   0x00000000   Code   RO         8462    .emb_text           c_w.l(maybetermalloc1.o)
    0x08000330   0x08000330   0x00000040   Code   RO            4    .text               startup_stm32f407xx.o
    0x08000370   0x08000370   0x0000005e   Code   RO         8150    .text               c_w.l(h1_alloc.o)
    0x080003ce   0x080003ce   0x0000004e   Code   RO         8152    .text               c_w.l(h1_free.o)
    0x0800041c   0x0800041c   0x000000ee   Code   RO         8208    .text               c_w.l(lludivv7m.o)
    0x0800050a   0x0800050a   0x00000058   Code   RO         8210    .text               c_w.l(memcmp.o)
    0x08000562   0x08000562   0x00000064   Code   RO         8214    .text               c_w.l(rt_memcpy_w.o)
    0x080005c6   0x080005c6   0x0000004e   Code   RO         8218    .text               c_w.l(rt_memclr_w.o)
    0x08000614   0x08000614   0x00000006   Code   RO         8220    .text               c_w.l(heapauxi.o)
    0x0800061a   0x0800061a   0x00000002   PAD
    0x0800061c   0x0800061c   0x00000008   Code   RO         8318    .text               c_w.l(rt_heap_descriptor_intlibspace.o)
    0x08000624   0x08000624   0x00000004   Code   RO         8320    .text               c_w.l(hguard.o)
    0x08000628   0x08000628   0x0000008a   Code   RO         8322    .text               c_w.l(init_alloc.o)
    0x080006b2   0x080006b2   0x0000000e   Code   RO         8326    .text               c_w.l(h1_init.o)
    0x080006c0   0x080006c0   0x00000016   Code   RO         8340    .text               c_w.l(_rserrno.o)
    0x080006d6   0x080006d6   0x00000002   PAD
    0x080006d8   0x080006d8   0x00000008   Code   RO         8435    .text               c_w.l(libspace.o)
    0x080006e0   0x080006e0   0x00000008   Code   RO         8458    .text               c_w.l(rt_errno_addr_intlibspace.o)
    0x080006e8   0x080006e8   0x00000034   Code   RO         8464    .text               c_w.l(h1_extend.o)
    0x0800071c   0x0800071c   0x00000030   Code   RO         8468    .text               c_w.l(_fptrap.o)
    0x0800074c   0x0800074c   0x0000000e   Code   RO         8470    .text               c_w.l(defsig_rtmem_outer.o)
    0x0800075a   0x0800075a   0x00000002   Code   RO         8485    .text               c_w.l(use_no_semi.o)
    0x0800075c   0x0800075c   0x00000000   Code   RO         8487    .text               c_w.l(indicate_semi.o)
    0x0800075c   0x0800075c   0x0000004a   Code   RO         8488    .text               c_w.l(sys_stackheap_outer.o)
    0x080007a6   0x080007a6   0x00000012   Code   RO         8494    .text               c_w.l(exit.o)
    0x080007b8   0x080007b8   0x0000000a   Code   RO         8496    .text               c_w.l(defsig_exit.o)
    0x080007c2   0x080007c2   0x0000000e   Code   RO         8498    .text               c_w.l(defsig_fpe_outer.o)
    0x080007d0   0x080007d0   0x00000050   Code   RO         8502    .text               c_w.l(defsig_rtmem_inner.o)
    0x08000820   0x08000820   0x0000000c   Code   RO         8514    .text               c_w.l(sys_exit.o)
    0x0800082c   0x0800082c   0x00000032   Code   RO         8524    .text               c_w.l(defsig_general.o)
    0x0800085e   0x0800085e   0x00000002   PAD
    0x08000860   0x08000860   0x000000ac   Code   RO         8526    .text               c_w.l(defsig_fpe_inner.o)
    0x0800090c   0x0800090c   0x0000000e   Code   RO         8544    .text               c_w.l(sys_wrch.o)
    0x0800091a   0x0800091a   0x00000002   PAD
    0x0800091c   0x0800091c   0x00000020   Code   RO         6923    i.AHRS_init         ins_task.o
    0x0800093c   0x0800093c   0x00000010   Code   RO         7541    i.BMI088_ACCEL_NS_H  bmi088middleware.o
    0x0800094c   0x0800094c   0x00000010   Code   RO         7542    i.BMI088_ACCEL_NS_L  bmi088middleware.o
    0x0800095c   0x0800095c   0x00000002   Code   RO         7543    i.BMI088_GPIO_init  bmi088middleware.o
    0x0800095e   0x0800095e   0x00000002   PAD
    0x08000960   0x08000960   0x00000010   Code   RO         7544    i.BMI088_GYRO_NS_H  bmi088middleware.o
    0x08000970   0x08000970   0x00000010   Code   RO         7545    i.BMI088_GYRO_NS_L  bmi088middleware.o
    0x08000980   0x08000980   0x00000002   Code   RO         7546    i.BMI088_com_init   bmi088middleware.o
    0x08000982   0x08000982   0x00000018   Code   RO         7547    i.BMI088_delay_ms   bmi088middleware.o
    0x0800099a   0x0800099a   0x0000002e   Code   RO         7548    i.BMI088_delay_us   bmi088middleware.o
    0x080009c8   0x080009c8   0x00000018   Code   RO         7472    i.BMI088_init       bmi088driver.o
    0x080009e0   0x080009e0   0x00000158   Code   RO         7473    i.BMI088_read       bmi088driver.o
    0x08000b38   0x08000b38   0x00000024   Code   RO         7474    i.BMI088_read_muli_reg  bmi088driver.o
    0x08000b5c   0x08000b5c   0x00000016   Code   RO         7475    i.BMI088_read_single_reg  bmi088driver.o
    0x08000b72   0x08000b72   0x00000002   PAD
    0x08000b74   0x08000b74   0x00000020   Code   RO         7549    i.BMI088_read_write_byte  bmi088middleware.o
    0x08000b94   0x08000b94   0x00000012   Code   RO         7476    i.BMI088_write_single_reg  bmi088driver.o
    0x08000ba6   0x08000ba6   0x00000002   Code   RO          599    i.BusFault_Handler  stm32f4xx_it.o
    0x08000ba8   0x08000ba8   0x0000001c   Code   RO         7290    i.Buzzer_Init       bsp_buzzer.o
    0x08000bc4   0x08000bc4   0x0000000c   Code   RO          600    i.CAN1_RX0_IRQHandler  stm32f4xx_it.o
    0x08000bd0   0x08000bd0   0x0000000c   Code   RO          601    i.CAN1_RX1_IRQHandler  stm32f4xx_it.o
    0x08000bdc   0x08000bdc   0x0000000c   Code   RO          602    i.CAN1_TX_IRQHandler  stm32f4xx_it.o
    0x08000be8   0x08000be8   0x0000000c   Code   RO          603    i.CAN2_RX0_IRQHandler  stm32f4xx_it.o
    0x08000bf4   0x08000bf4   0x0000000c   Code   RO          604    i.CAN2_RX1_IRQHandler  stm32f4xx_it.o
    0x08000c00   0x08000c00   0x00000038   Code   RO         7210    i.CAN_cmd_firc      can_receive.o
    0x08000c38   0x08000c38   0x00000034   Code   RO         7211    i.CAN_cmd_gimbal_pitch  can_receive.o
    0x08000c6c   0x08000c6c   0x00000034   Code   RO         7212    i.CAN_cmd_gimbal_yaw  can_receive.o
    0x08000ca0   0x08000ca0   0x00000004   Code   RO          935    i.CDC_Control_FS    usbd_cdc_if.o
    0x08000ca4   0x08000ca4   0x00000004   Code   RO          936    i.CDC_DeInit_FS     usbd_cdc_if.o
    0x08000ca8   0x08000ca8   0x00000024   Code   RO          937    i.CDC_Init_FS       usbd_cdc_if.o
    0x08000ccc   0x08000ccc   0x00000038   Code   RO          938    i.CDC_Receive_FS    usbd_cdc_if.o
    0x08000d04   0x08000d04   0x00000004   Code   RO          939    i.CDC_TransmitCplt_FS  usbd_cdc_if.o
    0x08000d08   0x08000d08   0x0000002c   Code   RO          940    i.CDC_Transmit_FS   usbd_cdc_if.o
    0x08000d34   0x08000d34   0x0000000c   Code   RO          605    i.DMA1_Stream1_IRQHandler  stm32f4xx_it.o
    0x08000d40   0x08000d40   0x0000000c   Code   RO          606    i.DMA2_Stream2_IRQHandler  stm32f4xx_it.o
    0x08000d4c   0x08000d4c   0x0000000c   Code   RO          607    i.DMA2_Stream3_IRQHandler  stm32f4xx_it.o
    0x08000d58   0x08000d58   0x00000028   Code   RO         2243    i.DMA_CalcBaseAndBitshift  stm32f4xx_hal_dma.o
    0x08000d80   0x08000d80   0x00000054   Code   RO         2244    i.DMA_CheckFifoParam  stm32f4xx_hal_dma.o
    0x08000dd4   0x08000dd4   0x00000002   Code   RO          608    i.DebugMon_Handler  stm32f4xx_it.o
    0x08000dd6   0x08000dd6   0x00000004   Code   RO           13    i.Error_Handler     main.o
    0x08000dda   0x08000dda   0x00000002   PAD
    0x08000ddc   0x08000ddc   0x00000104   Code   RO         6611    i.Gimbal_data_transfer  communicate_task.o
    0x08000ee0   0x08000ee0   0x00000024   Code   RO         2917    i.HAL_CAN_ActivateNotification  stm32f4xx_hal_can.o
    0x08000f04   0x08000f04   0x000000c8   Code   RO         2918    i.HAL_CAN_AddTxMessage  stm32f4xx_hal_can.o
    0x08000fcc   0x08000fcc   0x0000010c   Code   RO         2919    i.HAL_CAN_ConfigFilter  stm32f4xx_hal_can.o
    0x080010d8   0x080010d8   0x00000002   Code   RO         2922    i.HAL_CAN_ErrorCallback  stm32f4xx_hal_can.o
    0x080010da   0x080010da   0x000000e8   Code   RO         2925    i.HAL_CAN_GetRxMessage  stm32f4xx_hal_can.o
    0x080011c2   0x080011c2   0x000001fc   Code   RO         2929    i.HAL_CAN_IRQHandler  stm32f4xx_hal_can.o
    0x080013be   0x080013be   0x0000011a   Code   RO         2930    i.HAL_CAN_Init      stm32f4xx_hal_can.o
    0x080014d8   0x080014d8   0x0000012c   Code   RO          383    i.HAL_CAN_MspInit   can.o
    0x08001604   0x08001604   0x00000002   Code   RO         2937    i.HAL_CAN_RxFifo0FullCallback  stm32f4xx_hal_can.o
    0x08001606   0x08001606   0x00000002   PAD
    0x08001608   0x08001608   0x000000ec   Code   RO         7213    i.HAL_CAN_RxFifo0MsgPendingCallback  can_receive.o
    0x080016f4   0x080016f4   0x00000002   Code   RO         2939    i.HAL_CAN_RxFifo1FullCallback  stm32f4xx_hal_can.o
    0x080016f6   0x080016f6   0x00000002   Code   RO         2940    i.HAL_CAN_RxFifo1MsgPendingCallback  stm32f4xx_hal_can.o
    0x080016f8   0x080016f8   0x00000002   Code   RO         2941    i.HAL_CAN_SleepCallback  stm32f4xx_hal_can.o
    0x080016fa   0x080016fa   0x00000002   PAD
    0x080016fc   0x080016fc   0x00000058   Code   RO         2942    i.HAL_CAN_Start     stm32f4xx_hal_can.o
    0x08001754   0x08001754   0x00000002   Code   RO         2944    i.HAL_CAN_TxMailbox0AbortCallback  stm32f4xx_hal_can.o
    0x08001756   0x08001756   0x00000002   Code   RO         2945    i.HAL_CAN_TxMailbox0CompleteCallback  stm32f4xx_hal_can.o
    0x08001758   0x08001758   0x00000002   Code   RO         2946    i.HAL_CAN_TxMailbox1AbortCallback  stm32f4xx_hal_can.o
    0x0800175a   0x0800175a   0x00000002   Code   RO         2947    i.HAL_CAN_TxMailbox1CompleteCallback  stm32f4xx_hal_can.o
    0x0800175c   0x0800175c   0x00000002   Code   RO         2948    i.HAL_CAN_TxMailbox2AbortCallback  stm32f4xx_hal_can.o
    0x0800175e   0x0800175e   0x00000002   Code   RO         2949    i.HAL_CAN_TxMailbox2CompleteCallback  stm32f4xx_hal_can.o
    0x08001760   0x08001760   0x00000002   Code   RO         2951    i.HAL_CAN_WakeUpFromRxMsgCallback  stm32f4xx_hal_can.o
    0x08001762   0x08001762   0x00000092   Code   RO         2246    i.HAL_DMA_Abort     stm32f4xx_hal_dma.o
    0x080017f4   0x080017f4   0x00000024   Code   RO         2247    i.HAL_DMA_Abort_IT  stm32f4xx_hal_dma.o
    0x08001818   0x08001818   0x000001a0   Code   RO         2251    i.HAL_DMA_IRQHandler  stm32f4xx_hal_dma.o
    0x080019b8   0x080019b8   0x000000d4   Code   RO         2252    i.HAL_DMA_Init      stm32f4xx_hal_dma.o
    0x08001a8c   0x08001a8c   0x00000024   Code   RO         2665    i.HAL_Delay         stm32f4xx_hal.o
    0x08001ab0   0x08001ab0   0x000001f0   Code   RO         2139    i.HAL_GPIO_Init     stm32f4xx_hal_gpio.o
    0x08001ca0   0x08001ca0   0x0000000a   Code   RO         2143    i.HAL_GPIO_WritePin  stm32f4xx_hal_gpio.o
    0x08001caa   0x08001caa   0x00000002   PAD
    0x08001cac   0x08001cac   0x0000000c   Code   RO         2671    i.HAL_GetTick       stm32f4xx_hal.o
    0x08001cb8   0x08001cb8   0x00000010   Code   RO         2677    i.HAL_IncTick       stm32f4xx_hal.o
    0x08001cc8   0x08001cc8   0x00000034   Code   RO         2678    i.HAL_Init          stm32f4xx_hal.o
    0x08001cfc   0x08001cfc   0x00000098   Code   RO          753    i.HAL_InitTick      stm32f4xx_hal_timebase_tim.o
    0x08001d94   0x08001d94   0x00000038   Code   RO          729    i.HAL_MspInit       stm32f4xx_hal_msp.o
    0x08001dcc   0x08001dcc   0x0000001a   Code   RO         2528    i.HAL_NVIC_EnableIRQ  stm32f4xx_hal_cortex.o
    0x08001de6   0x08001de6   0x00000002   PAD
    0x08001de8   0x08001de8   0x00000040   Code   RO         2534    i.HAL_NVIC_SetPriority  stm32f4xx_hal_cortex.o
    0x08001e28   0x08001e28   0x00000024   Code   RO         2535    i.HAL_NVIC_SetPriorityGrouping  stm32f4xx_hal_cortex.o
    0x08001e4c   0x08001e4c   0x00000002   Code   RO         1438    i.HAL_PCDEx_LPM_Callback  stm32f4xx_hal_pcd_ex.o
    0x08001e4e   0x08001e4e   0x00000008   Code   RO         1439    i.HAL_PCDEx_SetRxFiFo  stm32f4xx_hal_pcd_ex.o
    0x08001e56   0x08001e56   0x00000044   Code   RO         1440    i.HAL_PCDEx_SetTxFiFo  stm32f4xx_hal_pcd_ex.o
    0x08001e9a   0x08001e9a   0x00000008   Code   RO          992    i.HAL_PCD_ConnectCallback  usbd_conf.o
    0x08001ea2   0x08001ea2   0x00000012   Code   RO          993    i.HAL_PCD_DataInStageCallback  usbd_conf.o
    0x08001eb4   0x08001eb4   0x00000014   Code   RO          994    i.HAL_PCD_DataOutStageCallback  usbd_conf.o
    0x08001ec8   0x08001ec8   0x00000008   Code   RO          995    i.HAL_PCD_DisconnectCallback  usbd_conf.o
    0x08001ed0   0x08001ed0   0x0000001e   Code   RO         1208    i.HAL_PCD_EP_Abort  stm32f4xx_hal_pcd.o
    0x08001eee   0x08001eee   0x0000004c   Code   RO         1209    i.HAL_PCD_EP_Close  stm32f4xx_hal_pcd.o
    0x08001f3a   0x08001f3a   0x0000005c   Code   RO         1210    i.HAL_PCD_EP_ClrStall  stm32f4xx_hal_pcd.o
    0x08001f96   0x08001f96   0x00000012   Code   RO         1212    i.HAL_PCD_EP_GetRxCount  stm32f4xx_hal_pcd.o
    0x08001fa8   0x08001fa8   0x00000060   Code   RO         1213    i.HAL_PCD_EP_Open   stm32f4xx_hal_pcd.o
    0x08002008   0x08002008   0x00000048   Code   RO         1214    i.HAL_PCD_EP_Receive  stm32f4xx_hal_pcd.o
    0x08002050   0x08002050   0x00000074   Code   RO         1215    i.HAL_PCD_EP_SetStall  stm32f4xx_hal_pcd.o
    0x080020c4   0x080020c4   0x00000040   Code   RO         1216    i.HAL_PCD_EP_Transmit  stm32f4xx_hal_pcd.o
    0x08002104   0x08002104   0x00000560   Code   RO         1218    i.HAL_PCD_IRQHandler  stm32f4xx_hal_pcd.o
    0x08002664   0x08002664   0x00000008   Code   RO          996    i.HAL_PCD_ISOINIncompleteCallback  usbd_conf.o
    0x0800266c   0x0800266c   0x00000008   Code   RO          997    i.HAL_PCD_ISOOUTIncompleteCallback  usbd_conf.o
    0x08002674   0x08002674   0x000000e2   Code   RO         1221    i.HAL_PCD_Init      stm32f4xx_hal_pcd.o
    0x08002756   0x08002756   0x00000002   PAD
    0x08002758   0x08002758   0x00000084   Code   RO          999    i.HAL_PCD_MspInit   usbd_conf.o
    0x080027dc   0x080027dc   0x0000002c   Code   RO         1000    i.HAL_PCD_ResetCallback  usbd_conf.o
    0x08002808   0x08002808   0x00000008   Code   RO         1001    i.HAL_PCD_ResumeCallback  usbd_conf.o
    0x08002810   0x08002810   0x00000008   Code   RO         1002    i.HAL_PCD_SOFCallback  usbd_conf.o
    0x08002818   0x08002818   0x00000028   Code   RO         1227    i.HAL_PCD_SetAddress  stm32f4xx_hal_pcd.o
    0x08002840   0x08002840   0x0000000e   Code   RO         1003    i.HAL_PCD_SetupStageCallback  usbd_conf.o
    0x0800284e   0x0800284e   0x00000042   Code   RO         1230    i.HAL_PCD_Start     stm32f4xx_hal_pcd.o
    0x08002890   0x08002890   0x00000030   Code   RO         1004    i.HAL_PCD_SuspendCallback  usbd_conf.o
    0x080028c0   0x080028c0   0x00000134   Code   RO         1785    i.HAL_RCC_ClockConfig  stm32f4xx_hal_rcc.o
    0x080029f4   0x080029f4   0x00000040   Code   RO         1789    i.HAL_RCC_GetClockConfig  stm32f4xx_hal_rcc.o
    0x08002a34   0x08002a34   0x0000000c   Code   RO         1790    i.HAL_RCC_GetHCLKFreq  stm32f4xx_hal_rcc.o
    0x08002a40   0x08002a40   0x00000020   Code   RO         1792    i.HAL_RCC_GetPCLK1Freq  stm32f4xx_hal_rcc.o
    0x08002a60   0x08002a60   0x00000020   Code   RO         1793    i.HAL_RCC_GetPCLK2Freq  stm32f4xx_hal_rcc.o
    0x08002a80   0x08002a80   0x00000064   Code   RO         1794    i.HAL_RCC_GetSysClockFreq  stm32f4xx_hal_rcc.o
    0x08002ae4   0x08002ae4   0x0000036c   Code   RO         1797    i.HAL_RCC_OscConfig  stm32f4xx_hal_rcc.o
    0x08002e50   0x08002e50   0x000000bc   Code   RO         3161    i.HAL_SPI_Init      stm32f4xx_hal_spi.o
    0x08002f0c   0x08002f0c   0x000000fc   Code   RO          456    i.HAL_SPI_MspInit   spi.o
    0x08003008   0x08003008   0x000001e2   Code   RO         3170    i.HAL_SPI_TransmitReceive  stm32f4xx_hal_spi.o
    0x080031ea   0x080031ea   0x00000002   Code   RO         4178    i.HAL_TIMEx_BreakCallback  stm32f4xx_hal_tim_ex.o
    0x080031ec   0x080031ec   0x00000002   Code   RO         4179    i.HAL_TIMEx_CommutCallback  stm32f4xx_hal_tim_ex.o
    0x080031ee   0x080031ee   0x00000002   PAD
    0x080031f0   0x080031f0   0x00000090   Code   RO         4197    i.HAL_TIMEx_MasterConfigSynchronization  stm32f4xx_hal_tim_ex.o
    0x08003280   0x08003280   0x0000005a   Code   RO         3474    i.HAL_TIM_Base_Init  stm32f4xx_hal_tim.o
    0x080032da   0x080032da   0x00000002   PAD
    0x080032dc   0x080032dc   0x00000028   Code   RO          498    i.HAL_TIM_Base_MspInit  tim.o
    0x08003304   0x08003304   0x00000078   Code   RO         3477    i.HAL_TIM_Base_Start  stm32f4xx_hal_tim.o
    0x0800337c   0x0800337c   0x00000080   Code   RO         3479    i.HAL_TIM_Base_Start_IT  stm32f4xx_hal_tim.o
    0x080033fc   0x080033fc   0x000000dc   Code   RO         3483    i.HAL_TIM_ConfigClockSource  stm32f4xx_hal_tim.o
    0x080034d8   0x080034d8   0x00000002   Code   RO         3508    i.HAL_TIM_IC_CaptureCallback  stm32f4xx_hal_tim.o
    0x080034da   0x080034da   0x00000166   Code   RO         3522    i.HAL_TIM_IRQHandler  stm32f4xx_hal_tim.o
    0x08003640   0x08003640   0x00000054   Code   RO          499    i.HAL_TIM_MspPostInit  tim.o
    0x08003694   0x08003694   0x00000002   Code   RO         3525    i.HAL_TIM_OC_DelayElapsedCallback  stm32f4xx_hal_tim.o
    0x08003696   0x08003696   0x000000cc   Code   RO         3546    i.HAL_TIM_PWM_ConfigChannel  stm32f4xx_hal_tim.o
    0x08003762   0x08003762   0x0000005a   Code   RO         3549    i.HAL_TIM_PWM_Init  stm32f4xx_hal_tim.o
    0x080037bc   0x080037bc   0x00000002   Code   RO         3551    i.HAL_TIM_PWM_MspInit  stm32f4xx_hal_tim.o
    0x080037be   0x080037be   0x00000002   Code   RO         3552    i.HAL_TIM_PWM_PulseFinishedCallback  stm32f4xx_hal_tim.o
    0x080037c0   0x080037c0   0x000000c8   Code   RO         3554    i.HAL_TIM_PWM_Start  stm32f4xx_hal_tim.o
    0x08003888   0x08003888   0x00000014   Code   RO           14    i.HAL_TIM_PeriodElapsedCallback  main.o
    0x0800389c   0x0800389c   0x00000002   Code   RO         3565    i.HAL_TIM_TriggerCallback  stm32f4xx_hal_tim.o
    0x0800389e   0x0800389e   0x00000002   Code   RO         4456    i.HAL_UARTEx_RxEventCallback  stm32f4xx_hal_uart.o
    0x080038a0   0x080038a0   0x00000002   Code   RO         4470    i.HAL_UART_ErrorCallback  stm32f4xx_hal_uart.o
    0x080038a2   0x080038a2   0x00000002   PAD
    0x080038a4   0x080038a4   0x00000268   Code   RO         4473    i.HAL_UART_IRQHandler  stm32f4xx_hal_uart.o
    0x08003b0c   0x08003b0c   0x00000062   Code   RO         4474    i.HAL_UART_Init     stm32f4xx_hal_uart.o
    0x08003b6e   0x08003b6e   0x00000002   PAD
    0x08003b70   0x08003b70   0x00000188   Code   RO          546    i.HAL_UART_MspInit  usart.o
    0x08003cf8   0x08003cf8   0x00000002   Code   RO         4480    i.HAL_UART_RxCpltCallback  stm32f4xx_hal_uart.o
    0x08003cfa   0x08003cfa   0x00000002   PAD
    0x08003cfc   0x08003cfc   0x000000b2   Code   RO         4482    i.HAL_UART_Transmit  stm32f4xx_hal_uart.o
    0x08003dae   0x08003dae   0x00000002   Code   RO         4485    i.HAL_UART_TxCpltCallback  stm32f4xx_hal_uart.o
    0x08003db0   0x08003db0   0x00000002   Code   RO          609    i.HardFault_Handler  stm32f4xx_it.o
    0x08003db2   0x08003db2   0x00000002   PAD
    0x08003db4   0x08003db4   0x00000120   Code   RO         6924    i.INS_task          ins_task.o
    0x08003ed4   0x08003ed4   0x00000038   Code   RO          840    i.IntToUnicode      usbd_desc.o
    0x08003f0c   0x08003f0c   0x000002fc   Code   RO         7614    i.K_FF_Cal          pid.o
    0x08004208   0x08004208   0x00000048   Code   RO         7615    i.K_FF_init         pid.o
    0x08004250   0x08004250   0x00000044   Code   RO          384    i.MX_CAN1_Init      can.o
    0x08004294   0x08004294   0x00000040   Code   RO          385    i.MX_CAN2_Init      can.o
    0x080042d4   0x080042d4   0x0000005c   Code   RO          431    i.MX_DMA_Init       dma.o
    0x08004330   0x08004330   0x000000ac   Code   RO          297    i.MX_FREERTOS_Init  freertos.o
    0x080043dc   0x080043dc   0x000000c0   Code   RO          269    i.MX_GPIO_Init      gpio.o
    0x0800449c   0x0800449c   0x00000048   Code   RO          457    i.MX_SPI1_Init      spi.o
    0x080044e4   0x080044e4   0x00000098   Code   RO          500    i.MX_TIM4_Init      tim.o
    0x0800457c   0x0800457c   0x00000038   Code   RO          547    i.MX_USART1_UART_Init  usart.o
    0x080045b4   0x080045b4   0x0000003c   Code   RO          548    i.MX_USART3_UART_Init  usart.o
    0x080045f0   0x080045f0   0x00000038   Code   RO          549    i.MX_USART6_UART_Init  usart.o
    0x08004628   0x08004628   0x00000054   Code   RO          792    i.MX_USB_DEVICE_Init  usb_device.o
    0x0800467c   0x0800467c   0x000001e4   Code   RO         7856    i.MahonyAHRSupdateIMU  mahonyahrs.o
    0x08004860   0x08004860   0x00000002   Code   RO          610    i.MemManage_Handler  stm32f4xx_it.o
    0x08004862   0x08004862   0x00000002   Code   RO          611    i.NMI_Handler       stm32f4xx_it.o
    0x08004864   0x08004864   0x0000000c   Code   RO          612    i.OTG_FS_IRQHandler  stm32f4xx_it.o
    0x08004870   0x08004870   0x000000cc   Code   RO         1234    i.PCD_EP_OutXfrComplete_int  stm32f4xx_hal_pcd.o
    0x0800493c   0x0800493c   0x000000a2   Code   RO         1235    i.PCD_WriteEmptyTxFifo  stm32f4xx_hal_pcd.o
    0x080049de   0x080049de   0x00000002   PAD
    0x080049e0   0x080049e0   0x000002ec   Code   RO         7617    i.PID_calc          pid.o
    0x08004ccc   0x08004ccc   0x0000003c   Code   RO         7619    i.PID_init          pid.o
    0x08004d08   0x08004d08   0x00000060   Code   RO         7398    i.RC_init           bsp_rc.o
    0x08004d68   0x08004d68   0x00000058   Code   RO         3199    i.SPI_EndRxTxTransaction  stm32f4xx_hal_spi.o
    0x08004dc0   0x08004dc0   0x000000b8   Code   RO         3204    i.SPI_WaitFlagStateUntilTimeout  stm32f4xx_hal_spi.o
    0x08004e78   0x08004e78   0x0000000a   Code   RO         6296    i.SWAPBYTE          usbd_ctlreq.o
    0x08004e82   0x08004e82   0x00000002   PAD
    0x08004e84   0x08004e84   0x0000002c   Code   RO         6058    i.SysTick_Handler   port.o
    0x08004eb0   0x08004eb0   0x00000094   Code   RO           15    i.SystemClock_Config  main.o
    0x08004f44   0x08004f44   0x00000010   Code   RO         4803    i.SystemInit        system_stm32f4xx.o
    0x08004f54   0x08004f54   0x0000000c   Code   RO          613    i.TIM5_IRQHandler   stm32f4xx_it.o
    0x08004f60   0x08004f60   0x000000c8   Code   RO         3567    i.TIM_Base_SetConfig  stm32f4xx_hal_tim.o
    0x08005028   0x08005028   0x0000001a   Code   RO         3568    i.TIM_CCxChannelCmd  stm32f4xx_hal_tim.o
    0x08005042   0x08005042   0x00000014   Code   RO         3578    i.TIM_ETR_SetConfig  stm32f4xx_hal_tim.o
    0x08005056   0x08005056   0x00000010   Code   RO         3579    i.TIM_ITRx_SetConfig  stm32f4xx_hal_tim.o
    0x08005066   0x08005066   0x00000002   PAD
    0x08005068   0x08005068   0x00000060   Code   RO         3580    i.TIM_OC1_SetConfig  stm32f4xx_hal_tim.o
    0x080050c8   0x080050c8   0x0000006c   Code   RO         3581    i.TIM_OC2_SetConfig  stm32f4xx_hal_tim.o
    0x08005134   0x08005134   0x00000068   Code   RO         3582    i.TIM_OC3_SetConfig  stm32f4xx_hal_tim.o
    0x0800519c   0x0800519c   0x00000050   Code   RO         3583    i.TIM_OC4_SetConfig  stm32f4xx_hal_tim.o
    0x080051ec   0x080051ec   0x00000022   Code   RO         3585    i.TIM_TI1_ConfigInputStage  stm32f4xx_hal_tim.o
    0x0800520e   0x0800520e   0x00000024   Code   RO         3587    i.TIM_TI2_ConfigInputStage  stm32f4xx_hal_tim.o
    0x08005232   0x08005232   0x00000010   Code   RO         4487    i.UART_DMAAbortOnError  stm32f4xx_hal_uart.o
    0x08005242   0x08005242   0x0000004e   Code   RO         4497    i.UART_EndRxTransfer  stm32f4xx_hal_uart.o
    0x08005290   0x08005290   0x000000c0   Code   RO         4499    i.UART_Receive_IT   stm32f4xx_hal_uart.o
    0x08005350   0x08005350   0x0000010c   Code   RO         4500    i.UART_SetConfig    stm32f4xx_hal_uart.o
    0x0800545c   0x0800545c   0x00000078   Code   RO         4503    i.UART_WaitOnFlagUntilTimeout  stm32f4xx_hal_uart.o
    0x080054d4   0x080054d4   0x0000000c   Code   RO          614    i.USART1_IRQHandler  stm32f4xx_it.o
    0x080054e0   0x080054e0   0x000000c0   Code   RO         7131    i.USART3_IRQHandler  remote_control.o
    0x080055a0   0x080055a0   0x0000000c   Code   RO          615    i.USART6_IRQHandler  stm32f4xx_it.o
    0x080055ac   0x080055ac   0x00000076   Code   RO         6429    i.USBD_CDC_DataIn   usbd_cdc.o
    0x08005622   0x08005622   0x0000003c   Code   RO         6430    i.USBD_CDC_DataOut  usbd_cdc.o
    0x0800565e   0x0800565e   0x00000002   PAD
    0x08005660   0x08005660   0x00000090   Code   RO         6431    i.USBD_CDC_DeInit   usbd_cdc.o
    0x080056f0   0x080056f0   0x00000036   Code   RO         6432    i.USBD_CDC_EP0_RxReady  usbd_cdc.o
    0x08005726   0x08005726   0x00000002   PAD
    0x08005728   0x08005728   0x0000000c   Code   RO         6433    i.USBD_CDC_GetDeviceQualifierDescriptor  usbd_cdc.o
    0x08005734   0x08005734   0x0000003c   Code   RO         6434    i.USBD_CDC_GetFSCfgDesc  usbd_cdc.o
    0x08005770   0x08005770   0x00000040   Code   RO         6435    i.USBD_CDC_GetHSCfgDesc  usbd_cdc.o
    0x080057b0   0x080057b0   0x0000003c   Code   RO         6436    i.USBD_CDC_GetOtherSpeedCfgDesc  usbd_cdc.o
    0x080057ec   0x080057ec   0x00000118   Code   RO         6437    i.USBD_CDC_Init     usbd_cdc.o
    0x08005904   0x08005904   0x00000038   Code   RO         6438    i.USBD_CDC_ReceivePacket  usbd_cdc.o
    0x0800593c   0x0800593c   0x00000016   Code   RO         6439    i.USBD_CDC_RegisterInterface  usbd_cdc.o
    0x08005952   0x08005952   0x0000001a   Code   RO         6440    i.USBD_CDC_SetRxBuffer  usbd_cdc.o
    0x0800596c   0x0800596c   0x0000001e   Code   RO         6441    i.USBD_CDC_SetTxBuffer  usbd_cdc.o
    0x0800598a   0x0800598a   0x000000d4   Code   RO         6442    i.USBD_CDC_Setup    usbd_cdc.o
    0x08005a5e   0x08005a5e   0x00000002   PAD
    0x08005a60   0x08005a60   0x00000050   Code   RO         6443    i.USBD_CDC_TransmitPacket  usbd_cdc.o
    0x08005ab0   0x08005ab0   0x00000014   Code   RO         6137    i.USBD_ClrClassConfig  usbd_core.o
    0x08005ac4   0x08005ac4   0x00000004   Code   RO         6138    i.USBD_CoreFindEP   usbd_core.o
    0x08005ac8   0x08005ac8   0x00000004   Code   RO         6139    i.USBD_CoreFindIF   usbd_core.o
    0x08005acc   0x08005acc   0x00000010   Code   RO         6369    i.USBD_CtlContinueRx  usbd_ioreq.o
    0x08005adc   0x08005adc   0x00000010   Code   RO         6370    i.USBD_CtlContinueSendData  usbd_ioreq.o
    0x08005aec   0x08005aec   0x00000016   Code   RO         6297    i.USBD_CtlError     usbd_ctlreq.o
    0x08005b02   0x08005b02   0x0000001e   Code   RO         6371    i.USBD_CtlPrepareRx  usbd_ioreq.o
    0x08005b20   0x08005b20   0x00000016   Code   RO         6372    i.USBD_CtlReceiveStatus  usbd_ioreq.o
    0x08005b36   0x08005b36   0x0000001a   Code   RO         6373    i.USBD_CtlSendData  usbd_ioreq.o
    0x08005b50   0x08005b50   0x00000016   Code   RO         6374    i.USBD_CtlSendStatus  usbd_ioreq.o
    0x08005b66   0x08005b66   0x00000002   PAD
    0x08005b68   0x08005b68   0x00000020   Code   RO          841    i.USBD_FS_ConfigStrDescriptor  usbd_desc.o
    0x08005b88   0x08005b88   0x0000000c   Code   RO          842    i.USBD_FS_DeviceDescriptor  usbd_desc.o
    0x08005b94   0x08005b94   0x00000024   Code   RO          843    i.USBD_FS_InterfaceStrDescriptor  usbd_desc.o
    0x08005bb8   0x08005bb8   0x0000000c   Code   RO          844    i.USBD_FS_LangIDStrDescriptor  usbd_desc.o
    0x08005bc4   0x08005bc4   0x00000028   Code   RO          845    i.USBD_FS_ManufacturerStrDescriptor  usbd_desc.o
    0x08005bec   0x08005bec   0x0000002c   Code   RO          846    i.USBD_FS_ProductStrDescriptor  usbd_desc.o
    0x08005c18   0x08005c18   0x00000038   Code   RO          847    i.USBD_FS_SerialStrDescriptor  usbd_desc.o
    0x08005c50   0x08005c50   0x000000e6   Code   RO         6298    i.USBD_GetDescriptor  usbd_ctlreq.o
    0x08005d36   0x08005d36   0x0000003a   Code   RO         6141    i.USBD_GetEpDesc    usbd_core.o
    0x08005d70   0x08005d70   0x0000000e   Code   RO         6142    i.USBD_GetNextDesc  usbd_core.o
    0x08005d7e   0x08005d7e   0x00000048   Code   RO         6299    i.USBD_GetString    usbd_ctlreq.o
    0x08005dc6   0x08005dc6   0x00000018   Code   RO         1005    i.USBD_Get_USB_Status  usbd_conf.o
    0x08005dde   0x08005dde   0x00000026   Code   RO         6143    i.USBD_Init         usbd_core.o
    0x08005e04   0x08005e04   0x00000012   Code   RO         1006    i.USBD_LL_ClearStallEP  usbd_conf.o
    0x08005e16   0x08005e16   0x00000012   Code   RO         1007    i.USBD_LL_CloseEP   usbd_conf.o
    0x08005e28   0x08005e28   0x000000b6   Code   RO         6144    i.USBD_LL_DataInStage  usbd_core.o
    0x08005ede   0x08005ede   0x0000008e   Code   RO         6145    i.USBD_LL_DataOutStage  usbd_core.o
    0x08005f6c   0x08005f6c   0x00000004   Code   RO         6146    i.USBD_LL_DevConnected  usbd_core.o
    0x08005f70   0x08005f70   0x0000001e   Code   RO         6147    i.USBD_LL_DevDisconnected  usbd_core.o
    0x08005f8e   0x08005f8e   0x00000008   Code   RO         1011    i.USBD_LL_GetRxDataSize  usbd_conf.o
    0x08005f96   0x08005f96   0x00000002   PAD
    0x08005f98   0x08005f98   0x00000060   Code   RO         1012    i.USBD_LL_Init      usbd_conf.o
    0x08005ff8   0x08005ff8   0x00000020   Code   RO         1013    i.USBD_LL_IsStallEP  usbd_conf.o
    0x08006018   0x08006018   0x00000028   Code   RO         6148    i.USBD_LL_IsoINIncomplete  usbd_core.o
    0x08006040   0x08006040   0x00000028   Code   RO         6149    i.USBD_LL_IsoOUTIncomplete  usbd_core.o
    0x08006068   0x08006068   0x00000018   Code   RO         1014    i.USBD_LL_OpenEP    usbd_conf.o
    0x08006080   0x08006080   0x00000012   Code   RO         1015    i.USBD_LL_PrepareReceive  usbd_conf.o
    0x08006092   0x08006092   0x0000005c   Code   RO         6150    i.USBD_LL_Reset     usbd_core.o
    0x080060ee   0x080060ee   0x00000014   Code   RO         6151    i.USBD_LL_Resume    usbd_core.o
    0x08006102   0x08006102   0x0000001a   Code   RO         6152    i.USBD_LL_SOF       usbd_core.o
    0x0800611c   0x0800611c   0x00000006   Code   RO         6153    i.USBD_LL_SetSpeed  usbd_core.o
    0x08006122   0x08006122   0x00000012   Code   RO         1016    i.USBD_LL_SetUSBAddress  usbd_conf.o
    0x08006134   0x08006134   0x00000060   Code   RO         6154    i.USBD_LL_SetupStage  usbd_core.o
    0x08006194   0x08006194   0x00000012   Code   RO         1017    i.USBD_LL_StallEP   usbd_conf.o
    0x080061a6   0x080061a6   0x00000012   Code   RO         1018    i.USBD_LL_Start     usbd_conf.o
    0x080061b8   0x080061b8   0x00000012   Code   RO         6155    i.USBD_LL_Suspend   usbd_core.o
    0x080061ca   0x080061ca   0x00000012   Code   RO         1020    i.USBD_LL_Transmit  usbd_conf.o
    0x080061dc   0x080061dc   0x0000002c   Code   RO         6300    i.USBD_ParseSetupRequest  usbd_ctlreq.o
    0x08006208   0x08006208   0x0000003a   Code   RO         6156    i.USBD_RegisterClass  usbd_core.o
    0x08006242   0x08006242   0x00000014   Code   RO         6158    i.USBD_SetClassConfig  usbd_core.o
    0x08006256   0x08006256   0x00000002   PAD
    0x08006258   0x08006258   0x000000b8   Code   RO         6301    i.USBD_SetConfig    usbd_ctlreq.o
    0x08006310   0x08006310   0x00000004   Code   RO         6159    i.USBD_Start        usbd_core.o
    0x08006314   0x08006314   0x0000012c   Code   RO         6302    i.USBD_StdDevReq    usbd_ctlreq.o
    0x08006440   0x08006440   0x00000160   Code   RO         6303    i.USBD_StdEPReq     usbd_ctlreq.o
    0x080065a0   0x080065a0   0x00000072   Code   RO         6304    i.USBD_StdItfReq    usbd_ctlreq.o
    0x08006612   0x08006612   0x00000002   Code   RO         1021    i.USBD_static_free  usbd_conf.o
    0x08006614   0x08006614   0x00000008   Code   RO         1022    i.USBD_static_malloc  usbd_conf.o
    0x0800661c   0x0800661c   0x00000080   Code   RO         1480    i.USB_ActivateEndpoint  stm32f4xx_ll_usb.o
    0x0800669c   0x0800669c   0x0000001c   Code   RO         1482    i.USB_ActivateSetup  stm32f4xx_ll_usb.o
    0x080066b8   0x080066b8   0x00000074   Code   RO         1484    i.USB_CoreInit      stm32f4xx_ll_usb.o
    0x0800672c   0x0800672c   0x00000040   Code   RO         1485    i.USB_CoreReset     stm32f4xx_ll_usb.o
    0x0800676c   0x0800676c   0x000000cc   Code   RO         1488    i.USB_DeactivateEndpoint  stm32f4xx_ll_usb.o
    0x08006838   0x08006838   0x0000001c   Code   RO         1489    i.USB_DevConnect    stm32f4xx_ll_usb.o
    0x08006854   0x08006854   0x0000001c   Code   RO         1490    i.USB_DevDisconnect  stm32f4xx_ll_usb.o
    0x08006870   0x08006870   0x00000174   Code   RO         1491    i.USB_DevInit       stm32f4xx_ll_usb.o
    0x080069e4   0x080069e4   0x0000000c   Code   RO         1492    i.USB_DisableGlobalInt  stm32f4xx_ll_usb.o
    0x080069f0   0x080069f0   0x0000011c   Code   RO         1495    i.USB_EP0StartXfer  stm32f4xx_ll_usb.o
    0x08006b0c   0x08006b0c   0x00000058   Code   RO         1496    i.USB_EP0_OutStart  stm32f4xx_ll_usb.o
    0x08006b64   0x08006b64   0x00000058   Code   RO         1497    i.USB_EPClearStall  stm32f4xx_ll_usb.o
    0x08006bbc   0x08006bbc   0x00000058   Code   RO         1498    i.USB_EPSetStall    stm32f4xx_ll_usb.o
    0x08006c14   0x08006c14   0x000001e4   Code   RO         1499    i.USB_EPStartXfer   stm32f4xx_ll_usb.o
    0x08006df8   0x08006df8   0x0000009e   Code   RO         1500    i.USB_EPStopXfer    stm32f4xx_ll_usb.o
    0x08006e96   0x08006e96   0x0000000c   Code   RO         1501    i.USB_EnableGlobalInt  stm32f4xx_ll_usb.o
    0x08006ea2   0x08006ea2   0x00000002   PAD
    0x08006ea4   0x08006ea4   0x0000003c   Code   RO         1502    i.USB_FlushRxFifo   stm32f4xx_ll_usb.o
    0x08006ee0   0x08006ee0   0x00000040   Code   RO         1503    i.USB_FlushTxFifo   stm32f4xx_ll_usb.o
    0x08006f20   0x08006f20   0x0000001a   Code   RO         1505    i.USB_GetDevSpeed   stm32f4xx_ll_usb.o
    0x08006f3a   0x08006f3a   0x00000008   Code   RO         1507    i.USB_GetMode       stm32f4xx_ll_usb.o
    0x08006f42   0x08006f42   0x0000000e   Code   RO         1514    i.USB_ReadDevAllInEpInterrupt  stm32f4xx_ll_usb.o
    0x08006f50   0x08006f50   0x0000000e   Code   RO         1515    i.USB_ReadDevAllOutEpInterrupt  stm32f4xx_ll_usb.o
    0x08006f5e   0x08006f5e   0x00000024   Code   RO         1516    i.USB_ReadDevInEPInterrupt  stm32f4xx_ll_usb.o
    0x08006f82   0x08006f82   0x00000010   Code   RO         1517    i.USB_ReadDevOutEPInterrupt  stm32f4xx_ll_usb.o
    0x08006f92   0x08006f92   0x00000008   Code   RO         1518    i.USB_ReadInterrupts  stm32f4xx_ll_usb.o
    0x08006f9a   0x08006f9a   0x0000003e   Code   RO         1519    i.USB_ReadPacket    stm32f4xx_ll_usb.o
    0x08006fd8   0x08006fd8   0x0000005c   Code   RO         1521    i.USB_SetCurrentMode  stm32f4xx_ll_usb.o
    0x08007034   0x08007034   0x00000022   Code   RO         1522    i.USB_SetDevAddress  stm32f4xx_ll_usb.o
    0x08007056   0x08007056   0x00000002   PAD
    0x08007058   0x08007058   0x000000e8   Code   RO         1524    i.USB_SetTurnaroundTime  stm32f4xx_ll_usb.o
    0x08007140   0x08007140   0x00000028   Code   RO         1527    i.USB_WritePacket   stm32f4xx_ll_usb.o
    0x08007168   0x08007168   0x00000002   Code   RO          616    i.UsageFault_Handler  stm32f4xx_it.o
    0x0800716a   0x0800716a   0x00000002   PAD
    0x0800716c   0x0800716c   0x00000010   Code   RO         7082    i.VofaInit          vofa_task.o
    0x0800717c   0x0800717c   0x00000018   Code   RO         7083    i.Vofa_Send         vofa_task.o
    0x08007194   0x08007194   0x00000026   Code   RO         8414    i.__ARM_fpclassifyf  m_wm.l(fpclassifyf.o)
    0x080071ba   0x080071ba   0x00000020   Code   RO         2541    i.__NVIC_SetPriority  stm32f4xx_hal_cortex.o
    0x080071da   0x080071da   0x00000002   PAD
    0x080071dc   0x080071dc   0x0000012c   Code   RO         8248    i.__hardfp_asinf    m_wm.l(asinf.o)
    0x08007308   0x08007308   0x00000250   Code   RO         8260    i.__hardfp_atan2f   m_wm.l(atan2f.o)
    0x08007558   0x08007558   0x00000006   Code   RO         8417    i.__mathlib_flt_infnan  m_wm.l(funder.o)
    0x0800755e   0x0800755e   0x00000006   Code   RO         8418    i.__mathlib_flt_infnan2  m_wm.l(funder.o)
    0x08007564   0x08007564   0x00000010   Code   RO         8419    i.__mathlib_flt_invalid  m_wm.l(funder.o)
    0x08007574   0x08007574   0x00000010   Code   RO         8422    i.__mathlib_flt_underflow  m_wm.l(funder.o)
    0x08007584   0x08007584   0x000000b8   Code   RO         6535    i.aimbots_task      aimbots_task.o
    0x0800763c   0x0800763c   0x00000030   Code   RO         6822    i.angle_to_180      gimbal_task.o
    0x0800766c   0x0800766c   0x00000110   Code   RO         7477    i.bmi088_accel_init  bmi088driver.o
    0x0800777c   0x0800777c   0x000000dc   Code   RO         7478    i.bmi088_gyro_init  bmi088driver.o
    0x08007858   0x08007858   0x00000010   Code   RO         7291    i.buzzer_off        bsp_buzzer.o
    0x08007868   0x08007868   0x00000010   Code   RO         7292    i.buzzer_on         bsp_buzzer.o
    0x08007878   0x08007878   0x00000058   Code   RO         7214    i.canfilter_init_start  can_receive.o
    0x080078d0   0x080078d0   0x0000000c   Code   RO         6612    i.communicate_task  communicate_task.o
    0x080078dc   0x080078dc   0x00000050   Code   RO         6685    i.detect_hook       detect_task.o
    0x0800792c   0x0800792c   0x00000078   Code   RO         6686    i.detect_init       detect_task.o
    0x080079a4   0x080079a4   0x000000f0   Code   RO         6687    i.detect_task       detect_task.o
    0x08007a94   0x08007a94   0x00000014   Code   RO         6925    i.get_INS_angle     ins_task.o
    0x08007aa8   0x08007aa8   0x00000008   Code   RO         6926    i.get_INS_data_point  ins_task.o
    0x08007ab0   0x08007ab0   0x000000b0   Code   RO         6928    i.get_angle         ins_task.o
    0x08007b60   0x08007b60   0x00000008   Code   RO         6536    i.get_autofire_flag_point  aimbots_task.o
    0x08007b68   0x08007b68   0x00000010   Code   RO         7215    i.get_gimbal_friction_motor_measure_point  can_receive.o
    0x08007b78   0x08007b78   0x00000008   Code   RO         7216    i.get_gimbal_pitch_motor_measure_point  can_receive.o
    0x08007b80   0x08007b80   0x00000008   Code   RO         7217    i.get_gimbal_yaw_motor_measure_point  can_receive.o
    0x08007b88   0x08007b88   0x00000008   Code   RO         6537    i.get_mini_data_point  aimbots_task.o
    0x08007b90   0x08007b90   0x00000008   Code   RO         7132    i.get_remote_control_point  remote_control.o
    0x08007b98   0x08007b98   0x00000008   Code   RO         7034    i.get_shoot_PID_Debug  shoot_task.o
    0x08007ba0   0x08007ba0   0x0000007c   Code   RO         6823    i.gimbal_auto_angle_limit  gimbal_task.o
    0x08007c1c   0x08007c1c   0x0000003c   Code   RO         6765    i.gimbal_behaviour_control_set  gimbal_behaviour.o
    0x08007c58   0x08007c58   0x0000007c   Code   RO         6766    i.gimbal_behaviour_mode_set  gimbal_behaviour.o
    0x08007cd4   0x08007cd4   0x000000a8   Code   RO         6767    i.gimbal_encode_angle_control  gimbal_behaviour.o
    0x08007d7c   0x08007d7c   0x00000032   Code   RO         6824    i.gimbal_encode_angle_limit  gimbal_task.o
    0x08007dae   0x08007dae   0x00000002   PAD
    0x08007db0   0x08007db0   0x000000dc   Code   RO         6825    i.gimbal_feedback_update  gimbal_task.o
    0x08007e8c   0x08007e8c   0x000000a8   Code   RO         6768    i.gimbal_gyro_angle_control  gimbal_behaviour.o
    0x08007f34   0x08007f34   0x000000d4   Code   RO         6826    i.gimbal_gyro_angle_limit  gimbal_task.o
    0x08008008   0x08008008   0x000001f0   Code   RO         6827    i.gimbal_init       gimbal_task.o
    0x080081f8   0x080081f8   0x0000005c   Code   RO         6828    i.gimbal_motor_auto_angle_control  gimbal_task.o
    0x08008254   0x08008254   0x0000003c   Code   RO         6829    i.gimbal_motor_encode_angle_control  gimbal_task.o
    0x08008290   0x08008290   0x0000002e   Code   RO         6830    i.gimbal_motor_gyro_angle_control  gimbal_task.o
    0x080082be   0x080082be   0x00000002   PAD
    0x080082c0   0x080082c0   0x00000080   Code   RO         6831    i.gimbal_set_control  gimbal_task.o
    0x08008340   0x08008340   0x0000010c   Code   RO         6832    i.gimbal_task       gimbal_task.o
    0x0800844c   0x0800844c   0x000000b0   Code   RO         6929    i.imu_offset_accquier  ins_task.o
    0x080084fc   0x080084fc   0x00000032   Code   RO         6930    i.imu_offset_remove  ins_task.o
    0x0800852e   0x0800852e   0x00000002   PAD
    0x08008530   0x08008530   0x0000002c   Code   RO         7857    i.invSqrt           mahonyahrs.o
    0x0800855c   0x0800855c   0x00000046   Code   RO           16    i.main              main.o
    0x080085a2   0x080085a2   0x0000000c   Code   RO         5623    i.makeFreeRtosPriority  cmsis_os.o
    0x080085ae   0x080085ae   0x00000002   PAD
    0x080085b0   0x080085b0   0x00000034   Code   RO         6833    i.motor_ecd_to_angle_change  gimbal_task.o
    0x080085e4   0x080085e4   0x00000010   Code   RO         7620    i.my_fabs           pid.o
    0x080085f4   0x080085f4   0x0000000e   Code   RO         5625    i.osDelay           cmsis_os.o
    0x08008602   0x08008602   0x0000000a   Code   RO         5628    i.osKernelStart     cmsis_os.o
    0x0800860c   0x0800860c   0x00000054   Code   RO         5662    i.osThreadCreate    cmsis_os.o
    0x08008660   0x08008660   0x00000070   Code   RO         5305    i.prvAddCurrentTaskToDelayedList  tasks.o
    0x080086d0   0x080086d0   0x000000d0   Code   RO         5306    i.prvAddNewTaskToReadyList  tasks.o
    0x080087a0   0x080087a0   0x00000034   Code   RO         5307    i.prvDeleteTCB      tasks.o
    0x080087d4   0x080087d4   0x0000004c   Code   RO         5990    i.prvHeapInit       heap_4.o
    0x08008820   0x08008820   0x00000060   Code   RO         5308    i.prvIdleTask       tasks.o
    0x08008880   0x08008880   0x00000098   Code   RO         5309    i.prvInitialiseNewTask  tasks.o
    0x08008918   0x08008918   0x0000004c   Code   RO         5991    i.prvInsertBlockIntoFreeList  heap_4.o
    0x08008964   0x08008964   0x00000020   Code   RO         5310    i.prvResetNextTaskUnblockTime  tasks.o
    0x08008984   0x08008984   0x00000028   Code   RO         6059    i.prvTaskExitError  port.o
    0x080089ac   0x080089ac   0x000000dc   Code   RO         5992    i.pvPortMalloc      heap_4.o
    0x08008a88   0x08008a88   0x0000002c   Code   RO         6060    i.pxPortInitialiseStack  port.o
    0x08008ab4   0x08008ab4   0x00000010   Code   RO         7133    i.remote_control_init  remote_control.o
    0x08008ac4   0x08008ac4   0x000000b4   Code   RO         7134    i.sbus_to_rc        remote_control.o
    0x08008b78   0x08008b78   0x00000074   Code   RO         7035    i.shoot_feedback_update  shoot_task.o
    0x08008bec   0x08008bec   0x000001c8   Code   RO         7004    i.shoot_motor_behaviour_set  shoot_behaviour.o
    0x08008db4   0x08008db4   0x00000034   Code   RO         7036    i.shoot_motor_control  shoot_task.o
    0x08008de8   0x08008de8   0x00000004   Code   RO         7005    i.shoot_motor_mode_set  shoot_behaviour.o
    0x08008dec   0x08008dec   0x00000128   Code   RO         7037    i.shoot_task        shoot_task.o
    0x08008f14   0x08008f14   0x0000003e   Code   RO         8292    i.sqrtf             m_wm.l(sqrtf_full.o)
    0x08008f52   0x08008f52   0x00000002   PAD
    0x08008f54   0x08008f54   0x00000018   Code   RO         6689    i.toe_is_error      detect_task.o
    0x08008f6c   0x08008f6c   0x00000026   Code   RO         4941    i.uxListRemove      list.o
    0x08008f92   0x08008f92   0x00000002   PAD
    0x08008f94   0x08008f94   0x00000014   Code   RO          303    i.vApplicationGetIdleTaskMemory  freertos.o
    0x08008fa8   0x08008fa8   0x00000016   Code   RO         4942    i.vListInitialise   list.o
    0x08008fbe   0x08008fbe   0x00000006   Code   RO         4943    i.vListInitialiseItem  list.o
    0x08008fc4   0x08008fc4   0x00000030   Code   RO         4944    i.vListInsert       list.o
    0x08008ff4   0x08008ff4   0x00000018   Code   RO         4945    i.vListInsertEnd    list.o
    0x0800900c   0x0800900c   0x00000040   Code   RO         6062    i.vPortEnterCritical  port.o
    0x0800904c   0x0800904c   0x00000028   Code   RO         6063    i.vPortExitCritical  port.o
    0x08009074   0x08009074   0x00000064   Code   RO         5993    i.vPortFree         heap_4.o
    0x080090d8   0x080090d8   0x00000024   Code   RO         6064    i.vPortSetupTimerInterrupt  port.o
    0x080090fc   0x080090fc   0x0000004c   Code   RO         5319    i.vTaskDelay        tasks.o
    0x08009148   0x08009148   0x0000006c   Code   RO         5332    i.vTaskStartScheduler  tasks.o
    0x080091b4   0x080091b4   0x00000010   Code   RO         5334    i.vTaskSuspendAll   tasks.o
    0x080091c4   0x080091c4   0x0000005c   Code   RO         5335    i.vTaskSwitchContext  tasks.o
    0x08009220   0x08009220   0x00000040   Code   RO         7084    i.vofa_justfloat    vofa_task.o
    0x08009260   0x08009260   0x0000001c   Code   RO         7085    i.vofa_task         vofa_task.o
    0x0800927c   0x0800927c   0x000000f4   Code   RO         6066    i.xPortStartScheduler  port.o
    0x08009370   0x08009370   0x0000005a   Code   RO         5338    i.xTaskCreate       tasks.o
    0x080093ca   0x080093ca   0x00000056   Code   RO         5339    i.xTaskCreateStatic  tasks.o
    0x08009420   0x08009420   0x0000000c   Code   RO         5344    i.xTaskGetTickCount  tasks.o
    0x0800942c   0x0800942c   0x000000cc   Code   RO         5346    i.xTaskIncrementTick  tasks.o
    0x080094f8   0x080094f8   0x000000c4   Code   RO         5352    i.xTaskResumeAll    tasks.o
    0x080095bc   0x080095bc   0x000002c4   Code   RO         8224    x$fpl$d2f           g_wm.l(d2f_clz.o)
    0x08009880   0x08009880   0x0000002e   Code   RO         8227    x$fpl$dflt          g_wm.l(dflt_clz.o)
    0x080098ae   0x080098ae   0x00000002   PAD
    0x080098b0   0x080098b0   0x000001c0   Code   RO         8232    x$fpl$dmul          g_wm.l(dmul_clz.o)
    0x08009a70   0x08009a70   0x00000102   Code   RO         8393    x$fpl$dnaninf       g_wm.l(dnaninf.o)
    0x08009b72   0x08009b72   0x00000070   Code   RO         8395    x$fpl$drenorm       g_wm.l(drenorm_clz.o)
    0x08009be2   0x08009be2   0x0000000c   Code   RO         8397    x$fpl$dretinf       g_wm.l(dretinf.o)
    0x08009bee   0x08009bee   0x0000017a   Code   RO         8401    x$fpl$dunder        g_wm.l(dunder_clz.o)
    0x08009d68   0x08009d68   0x000001ec   Code   RO         8403    x$fpl$exception     g_wm.l(except.o)
    0x08009f54   0x08009f54   0x0000000a   Code   RO         8481    x$fpl$fpinit        g_wm.l(fpinit.o)
    0x08009f5e   0x08009f5e   0x0000000a   Code   RO         8407    x$fpl$fretinf       g_wm.l(fretinf.o)
    0x08009f68   0x08009f68   0x0000013c   Code   RO         8409    x$fpl$funder        g_wm.l(funder_clz.o)
    0x0800a0a4   0x0800a0a4   0x000000b2   Code   RO         8483    x$fpl$retnan        g_wm.l(retnan.o)
    0x0800a156   0x0800a156   0x0000007e   Code   RO         8411    x$fpl$trapveneer    g_wm.l(trapv.o)
    0x0800a1d4   0x0800a1d4   0x00000000   Code   RO         8413    x$fpl$usenofp       g_wm.l(usenofp.o)
    0x0800a1d4   0x0800a1d4   0x000000c4   Data   RO          306    .constdata          freertos.o
    0x0800a298   0x0800a298   0x00000008   Data   RO         2258    .constdata          stm32f4xx_hal_dma.o
    0x0800a2a0   0x0800a2a0   0x00000010   Data   RO         4804    .constdata          system_stm32f4xx.o
    0x0800a2b0   0x0800a2b0   0x00000008   Data   RO         4805    .constdata          system_stm32f4xx.o
    0x0800a2b8   0x0800a2b8   0x0000001e   Data   RO         6691    .constdata          detect_task.o
    0x0800a2d6   0x0800a2d6   0x00000002   PAD
    0x0800a2d8   0x0800a2d8   0x00000078   Data   RO         6835    .constdata          gimbal_task.o
    0x0800a350   0x0800a350   0x0000000c   Data   RO         6933    .constdata          ins_task.o
    0x0800a35c   0x0800a35c   0x00000018   Data   RO         7039    .constdata          shoot_task.o
    0x0800a374   0x0800a374   0x0000005c   Data   RO          307    .conststring        freertos.o
    0x0800a3d0   0x0800a3d0   0x00000020   Data   RO         8572    Region$$Table       anon$$obj.o


    Execution Region RW_IRAM1 (Exec base: 0x20000000, Load base: 0x0800a3f0, Size: 0x00006fb0, Max: 0x0001c000, ABSOLUTE, COMPRESSED[0x0000010c])

    Exec Addr    Load Addr    Size         Type   Attr      Idx    E Section Name        Object

    0x20000000   COMPRESSED   0x0000001c   Data   RW          308    .data               freertos.o
    0x2000001c   COMPRESSED   0x00000004   Data   RW          387    .data               can.o
    0x20000020   COMPRESSED   0x0000001c   Data   RW          849    .data               usbd_desc.o
    0x2000003c   COMPRESSED   0x00000032   Data   RW          850    .data               usbd_desc.o
    0x2000006e   COMPRESSED   0x00000002   PAD
    0x20000070   COMPRESSED   0x00000014   Data   RW          942    .data               usbd_cdc_if.o
    0x20000084   COMPRESSED   0x0000000c   Data   RW         2685    .data               stm32f4xx_hal.o
    0x20000090   COMPRESSED   0x00000004   Data   RW         4806    .data               system_stm32f4xx.o
    0x20000094   COMPRESSED   0x0000003c   Data   RW         5355    .data               tasks.o
    0x200000d0   COMPRESSED   0x00000020   Data   RW         5999    .data               heap_4.o
    0x200000f0   COMPRESSED   0x0000000c   Data   RW         6067    .data               port.o
    0x200000fc   COMPRESSED   0x00000001   Data   RW         6305    .data               usbd_ctlreq.o
    0x200000fd   COMPRESSED   0x00000003   PAD
    0x20000100   COMPRESSED   0x00000053   Data   RW         6444    .data               usbd_cdc.o
    0x20000153   COMPRESSED   0x00000001   PAD
    0x20000154   COMPRESSED   0x00000038   Data   RW         6445    .data               usbd_cdc.o
    0x2000018c   COMPRESSED   0x00000016   Data   RW         6539    .data               aimbots_task.o
    0x200001a2   COMPRESSED   0x00000001   Data   RW         6613    .data               communicate_task.o
    0x200001a3   COMPRESSED   0x00000001   PAD
    0x200001a4   COMPRESSED   0x00000008   Data   RW         6692    .data               detect_task.o
    0x200001ac   COMPRESSED   0x00000008   Data   RW         6769    .data               gimbal_behaviour.o
    0x200001b4   COMPRESSED   0x0000001c   Data   RW         6836    .data               gimbal_task.o
    0x200001d0   COMPRESSED   0x0000000c   Data   RW         6934    .data               ins_task.o
    0x200001dc   COMPRESSED   0x00000004   Data   RW         7006    .data               shoot_behaviour.o
    0x200001e0   COMPRESSED   0x00000004   Data   RW         7040    .data               shoot_task.o
    0x200001e4   COMPRESSED   0x00000004   Data   RW         7087    .data               vofa_task.o
    0x200001e8   COMPRESSED   0x00000002   Data   RW         7138    .data               remote_control.o
    0x200001ea   COMPRESSED   0x00000016   Data   RW         7220    .data               can_receive.o
    0x20000200   COMPRESSED   0x0000002c   Data   RW         7479    .data               bmi088driver.o
    0x2000022c   COMPRESSED   0x0000000c   Data   RW         7621    .data               pid.o
    0x20000238   COMPRESSED   0x00000014   Data   RW         7858    .data               mahonyahrs.o
    0x2000024c        -       0x00000254   Zero   RW          305    .bss                freertos.o
    0x200004a0        -       0x00000050   Zero   RW          386    .bss                can.o
    0x200004f0        -       0x00000118   Zero   RW          458    .bss                spi.o
    0x20000608        -       0x00000048   Zero   RW          501    .bss                tim.o
    0x20000650        -       0x0000012c   Zero   RW          550    .bss                usart.o
    0x2000077c        -       0x00000048   Zero   RW          756    .bss                stm32f4xx_hal_timebase_tim.o
    0x200007c4        -       0x000002dc   Zero   RW          793    .bss                usb_device.o
    0x20000aa0        -       0x00000200   Zero   RW          848    .bss                usbd_desc.o
    0x20000ca0        -       0x00001064   Zero   RW          941    .bss                usbd_cdc_if.o
    0x20001d04        -       0x0000072c   Zero   RW         1023    .bss                usbd_conf.o
    0x20002430        -       0x000000f0   Zero   RW         5354    .bss                tasks.o
    0x20002520        -       0x00003c00   Zero   RW         5998    .bss                heap_4.o
    0x20006120        -       0x00000022   Zero   RW         6538    .bss                aimbots_task.o
    0x20006142        -       0x000000d8   Zero   RW         6690    .bss                detect_task.o
    0x2000621a   COMPRESSED   0x00000002   PAD
    0x2000621c        -       0x000004d8   Zero   RW         6834    .bss                gimbal_task.o
    0x200066f4        -       0x000000b8   Zero   RW         6931    .bss                ins_task.o
    0x200067ac        -       0x00000100   Zero   RW         7038    .bss                shoot_task.o
    0x200068ac        -       0x00000018   Zero   RW         7086    .bss                vofa_task.o
    0x200068c4        -       0x00000060   Zero   RW         7137    .bss                remote_control.o
    0x20006924        -       0x00000028   Zero   RW         7218    .bss                can_receive.o
    0x2000694c        -       0x00000060   Zero   RW         8436    .bss                c_w.l(libspace.o)
    0x200069ac   COMPRESSED   0x00000004   PAD
    0x200069b0        -       0x00000200   Zero   RW            2    HEAP                startup_stm32f407xx.o
    0x20006bb0        -       0x00000400   Zero   RW            1    STACK               startup_stm32f407xx.o


    Execution Region RW_IRAM2 (Exec base: 0x2001c000, Load base: 0x0800a4fc, Size: 0x00000000, Max: 0x00004000, ABSOLUTE)

    **** No section assigned to this execution region ****


==============================================================================

Image component sizes


      Code (inc. data)   RO Data    RW Data    ZI Data      Debug   Object Name

       200         32          0         22         34      10672   aimbots_task.o
       936         16          0         44          0       6458   bmi088driver.o
       170         28          0          0          0       4796   bmi088middleware.o
        60         14          0          0          0     606493   bsp_buzzer.o
        96         12          0          0          0       1002   bsp_rc.o
       432         44          0          4         80       2462   can.o
       516         68          0         22         40       6771   can_receive.o
       120          0          0          0          0      23233   cmsis_os.o
       272         22          0          1          0       2451   communicate_task.o
       464         34         30          8        216       4600   detect_task.o
        92          4          0          0          0        814   dma.o
         0          0          0          0          0      16864   event_groups.o
       192         14        288         28        596       2526   freertos.o
       520         44          0          8          0       8098   gimbal_behaviour.o
      1796        138        120         28       1240      13583   gimbal_task.o
       192         12          0          0          0       1031   gpio.o
       472         24          0         32      15360       7367   heap_4.o
       750         50         12         12        184       5544   ins_task.o
       138          0          0          0          0       3502   list.o
       528         22          0         20          0       2026   mahonyahrs.o
       242         14          0          0          0     758556   main.o
      1660         38          0         12          0       6455   pid.o
       702         72          0         12          0      10908   port.o
       396         34          0          2         96       6760   remote_control.o
       460         10          0          4          0       1971   shoot_behaviour.o
       472         52         24          4        256       4963   shoot_task.o
       324         32          0          0        280       1883   spi.o
        64         26        392          0       1536        836   startup_stm32f407xx.o
       116         18          0         12          0       8674   stm32f4xx_hal.o
      1638          6          0          0          0      14127   stm32f4xx_hal_can.o
       158         14          0          0          0      33126   stm32f4xx_hal_cortex.o
       934         16          8          0          0       5567   stm32f4xx_hal_dma.o
       506         46          0          0          0       2168   stm32f4xx_hal_gpio.o
        56          4          0          0          0        854   stm32f4xx_hal_msp.o
      2638         12          0          0          0      13600   stm32f4xx_hal_pcd.o
        78          0          0          0          0       2377   stm32f4xx_hal_pcd_ex.o
      1424         92          0          0          0       6321   stm32f4xx_hal_rcc.o
       942         12          0          0          0       4877   stm32f4xx_hal_spi.o
      2140        166          0          0          0      17431   stm32f4xx_hal_tim.o
       148         28          0          0          0       2425   stm32f4xx_hal_tim_ex.o
       152         20          0          0         72       1459   stm32f4xx_hal_timebase_tim.o
      1574         16          0          0          0      10400   stm32f4xx_hal_uart.o
       156         72          0          0          0       8330   stm32f4xx_it.o
      2888        134          0          0          0      23787   stm32f4xx_ll_usb.o
         0          0          0          0          0        392   stream_buffer.o
        16          4         24          4          0       1103   system_stm32f4xx.o
      1532        118          0         60        240      19918   tasks.o
       276         34          0          0         72       2328   tim.o
       564         72          0          0        300       3243   usart.o
        84         18          0          0        732       2599   usb_device.o
      1278         36          0        139          0      14265   usbd_cdc.o
       148         26          0         20       4196       4038   usbd_cdc_if.o
       644         24          0          0       1836      16624   usbd_conf.o
       916          0          0          0          0      15299   usbd_core.o
      1328         28          0          1          0      14812   usbd_ctlreq.o
       288        104          0         78        512       6113   usbd_desc.o
       132          0          0          0          0       4480   usbd_ioreq.o
       132         16          0          4         24       3180   vofa_task.o

    ----------------------------------------------------------------------
     35218       1992        932        588      27904    1786542   Object Totals
         0          0         32          0          0          0   (incl. Generated)
        66          0          2          7          2          0   (incl. Padding)

    ----------------------------------------------------------------------

      Code (inc. data)   RO Data    RW Data    ZI Data      Debug   Library Member Name

        90          0          0          0          0          0   __dczerorl2.o
         8          0          0          0          0         68   __main.o
         0          0          0          0          0          0   __rtentry.o
        12          0          0          0          0          0   __rtentry2.o
         6          0          0          0          0          0   __rtentry4.o
        52          8          0          0          0          0   __scatter.o
        28          0          0          0          0          0   __scatter_zi.o
        48          4          0          0          0         84   _fptrap.o
        22          0          0          0          0        100   _rserrno.o
        10          0          0          0          0         68   defsig_exit.o
       172        110          0          0          0         76   defsig_fpe_inner.o
        14          0          0          0          0         80   defsig_fpe_outer.o
        50          0          0          0          0         88   defsig_general.o
        80         58          0          0          0         76   defsig_rtmem_inner.o
        14          0          0          0          0         80   defsig_rtmem_outer.o
        18          0          0          0          0         80   exit.o
        94          0          0          0          0         80   h1_alloc.o
        52          0          0          0          0         68   h1_extend.o
        78          0          0          0          0         80   h1_free.o
        14          0          0          0          0         84   h1_init.o
         6          0          0          0          0        152   heapauxi.o
         4          0          0          0          0        136   hguard.o
         0          0          0          0          0          0   indicate_semi.o
       138          0          0          0          0        168   init_alloc.o
         2          0          0          0          0          0   libinit.o
        14          0          0          0          0          0   libinit2.o
         2          0          0          0          0          0   libshutdown.o
         2          0          0          0          0          0   libshutdown2.o
         8          4          0          0         96         68   libspace.o
       238          0          0          0          0        100   lludivv7m.o
         0          0          0          0          0          0   maybetermalloc1.o
        88          0          0          0          0         76   memcmp.o
         8          4          0          0          0         68   rt_errno_addr_intlibspace.o
         8          4          0          0          0         68   rt_heap_descriptor_intlibspace.o
        78          0          0          0          0         80   rt_memclr_w.o
       100          0          0          0          0         80   rt_memcpy_w.o
         2          0          0          0          0          0   rtexit.o
        10          0          0          0          0          0   rtexit2.o
        12          4          0          0          0         68   sys_exit.o
        74          0          0          0          0         80   sys_stackheap_outer.o
        14          0          0          0          0         76   sys_wrch.o
         2          0          0          0          0         68   use_no_semi.o
       708         16          0          0          0        140   d2f_clz.o
        46          0          0          0          0        116   dflt_clz.o
       448         16          0          0          0        164   dmul_clz.o
       258          4          0          0          0        156   dnaninf.o
       112          0          0          0          0        160   drenorm_clz.o
        12          0          0          0          0        116   dretinf.o
       378          0          0          0          0        168   dunder_clz.o
       492         36          0          0          0        148   except.o
        10          0          0          0          0        116   fpinit.o
        10          0          0          0          0        116   fretinf.o
       316          0          0          0          0        132   funder_clz.o
       178          0          0          0          0        116   retnan.o
       126          0          0          0          0        148   trapv.o
         0          0          0          0          0          0   usenofp.o
       300         42          0          0          0        176   asinf.o
       592         90          0          0          0        184   atan2f.o
        38          0          0          0          0        116   fpclassifyf.o
        44         12          0          0          0        464   funder.o
        62          0          0          0          0        136   sqrtf_full.o

    ----------------------------------------------------------------------
      5818        412          0          0        100       5272   Library Totals
        16          0          0          0          4          0   (incl. Padding)

    ----------------------------------------------------------------------

      Code (inc. data)   RO Data    RW Data    ZI Data      Debug   Library Name

      1672        196          0          0         96       2400   c_w.l
      3094         72          0          0          0       1796   g_wm.l
      1036        144          0          0          0       1076   m_wm.l

    ----------------------------------------------------------------------
      5818        412          0          0        100       5272   Library Totals

    ----------------------------------------------------------------------

==============================================================================


      Code (inc. data)   RO Data    RW Data    ZI Data      Debug   

     41036       2404        932        588      28004    1752014   Grand Totals
     41036       2404        932        268      28004    1752014   ELF Image Totals (compressed)
     41036       2404        932        268          0          0   ROM Totals

==============================================================================

    Total RO  Size (Code + RO Data)                41968 (  40.98kB)
    Total RW  Size (RW Data + ZI Data)             28592 (  27.92kB)
    Total ROM Size (Code + RO Data + RW Data)      42236 (  41.25kB)

==============================================================================

