<html>
<body>
<pre>
<h1>µVision Build Log</h1>
<h2>Tool Versions:</h2>
IDE-Version: ¦ÌVision V5.38.0.0
Copyright (C) 2022 ARM Ltd and ARM Germany GmbH. All rights reserved.
License Information: 1 a18749178481@outlook.com, 1, LIC=ZB4EI-TX6V2-RAYDM-X1T0V-ZNP0U-1IA4H
 
Tool Versions:
Toolchain:       MDK-ARM Plus  Version: 5.24.1
Toolchain Path:  C:\Keil5 MDK\ARM\ARMCC\Bin
C Compiler:      Armcc.exe V5.06 update 5 (build 528)
Assembler:       Armasm.exe V5.06 update 5 (build 528)
Linker/Locator:  ArmLink.exe V5.06 update 5 (build 528)
Library Manager: ArmAr.exe V5.06 update 5 (build 528)
Hex Converter:   FromElf.exe V5.06 update 5 (build 528)
CPU DLL:         SARMCM3.DLL V5.24.1
Dialog DLL:      DCM.DLL V1.16.0.0
Target DLL:      UL2CM3.DLL V1.160.3.0
Dialog DLL:      TCM.DLL V1.32.0.0
 
<h2>Project:</h2>
C:\Users\a1874\Desktop\GIMBAL\MDK-ARM\GIMBAL.uvprojx
Project File Date:  01/03/2025

<h2>Output:</h2>
*** Using Compiler 'V5.06 update 5 (build 528)', folder: 'C:\Keil5 MDK\ARM\ARMCC\Bin'
Build target 'GIMBAL'
assembling startup_stm32f407xx.s...
compiling stm32f4xx_hal_timebase_tim.c...
compiling stm32f4xx_it.c...
compiling spi.c...
compiling stm32f4xx_hal_pcd.c...
compiling stm32f4xx_hal_msp.c...
compiling gpio.c...
compiling can.c...
compiling usbd_desc.c...
compiling main.c...
compiling usb_device.c...
compiling usbd_conf.c...
compiling usart.c...
compiling tim.c...
compiling dma.c...
compiling freertos.c...
compiling usbd_cdc_if.c...
compiling stm32f4xx_hal_gpio.c...
compiling stm32f4xx_hal_pwr.c...
compiling stm32f4xx_hal_flash_ex.c...
compiling stm32f4xx_hal_pwr_ex.c...
compiling stm32f4xx_hal_rcc.c...
compiling stm32f4xx_hal_pcd_ex.c...
compiling stm32f4xx_hal_rcc_ex.c...
compiling stm32f4xx_hal_dma_ex.c...
compiling stm32f4xx_hal_flash_ramfunc.c...
compiling croutine.c...
compiling stm32f4xx_hal_cortex.c...
compiling event_groups.c...
compiling list.c...
compiling stm32f4xx_ll_usb.c...
compiling queue.c...
compiling stream_buffer.c...
compiling timers.c...
compiling heap_4.c...
compiling stm32f4xx_hal_dma.c...
compiling stm32f4xx_hal_flash.c...
compiling tasks.c...
compiling port.c...
compiling cmsis_os.c...
compiling detect_task.c...
compiling stm32f4xx_hal_can.c...
compiling stm32f4xx_hal.c...
compiling stm32f4xx_hal_exti.c...
compiling stm32f4xx_hal_spi.c...
compiling stm32f4xx_hal_tim_ex.c...
compiling system_stm32f4xx.c...
compiling stm32f4xx_hal_tim.c...
compiling usbd_cdc.c...
compiling stm32f4xx_hal_uart.c...
compiling usbd_ctlreq.c...
compiling gimbal_behaviour.c...
compiling usbd_ioreq.c...
compiling aimbots_task.c...
compiling shoot_task.c...
compiling gimbal_task.c...
..\application\gimbal_task.c(145): warning:  #186-D: pointless comparison of unsigned integer with zero
  	
cd_format(Pitch_offset_ecd);
..\application\gimbal_task.c(153): warning:  #186-D: pointless comparison of unsigned integer with zero
  	
cd_format(Yaw_offset_ecd);
..\application\gimbal_task.c: 2 warnings, 0 errors
compiling usbd_core.c...
compiling communicate_task.c...
compiling MahonyAHRS.c...
compiling shoot_behaviour.c...
compiling user_lib.c...
compiling INS_task.c...
compiling Can_receive.c...
compiling bsp_rc.c...
compiling remote_control.c...
compiling vofa_task.c...
compiling BMI088driver.c...
compiling BMI088Middleware.c...
compiling bsp_buzzer.c...
compiling AHRS_middleware.c...
compiling bsp_spi.c...
compiling pid.c...
..\components\controller\pid.c(230): warning:  #177-D: function "ecd_zero"  was declared but never referenced
  static fp32 ecd_zero(uint16_t ecd, uint16_t offset_ecd, uint16_t ecd_range)
..\components\controller\pid.c: 1 warning, 0 errors
linking...
Program Size: Code=40856 RO-data=932 RW-data=584 ZI-data=28000  
FromELF: creating hex file...
".\GIMBAL\GIMBAL.axf" - 0 Error(s), 3 Warning(s).

<h2>Software Packages used:</h2>

Package Vendor: ARM
                http://www.keil.com/pack/ARM.CMSIS.5.0.1.pack
                ARM.CMSIS.5.0.1
                CMSIS (Cortex Microcontroller Software Interface Standard)
   * Component: CORE Version: 5.0.1

Package Vendor: Keil
                https://www.keil.com/pack/Keil.STM32F4xx_DFP.2.17.1.pack
                Keil.STM32F4xx_DFP.2.17.1
                STMicroelectronics STM32F4 Series Device Support, Drivers and Examples

<h2>Collection of Component include folders:</h2>
  ./RTE/_GIMBAL
  C:/Keil5 MDK/ARM/PACK/ARM/CMSIS/5.0.1/CMSIS/Include
  C:/Keil5 MDK/ARM/PACK/Keil/STM32F4xx_DFP/2.17.1/Drivers/CMSIS/Device/ST/STM32F4xx/Include

<h2>Collection of Component Files used:</h2>

   * Component: ARM::CMSIS:CORE:5.0.1
Build Time Elapsed:  00:00:34
</pre>
</body>
</html>
