Component: ARM Compiler 5.06 update 5 (build 528) Tool: armlink [4d35e2]

==============================================================================

Section Cross References

    startup_stm32f407xx.o(STACK) refers (Special) to heapauxi.o(.text) for __use_two_region_memory
    startup_stm32f407xx.o(HEAP) refers (Special) to heapauxi.o(.text) for __use_two_region_memory
    startup_stm32f407xx.o(RESET) refers (Special) to heapauxi.o(.text) for __use_two_region_memory
    startup_stm32f407xx.o(RESET) refers to startup_stm32f407xx.o(STACK) for __initial_sp
    startup_stm32f407xx.o(RESET) refers to startup_stm32f407xx.o(.text) for Reset_Handler
    startup_stm32f407xx.o(RESET) refers to stm32f4xx_it.o(i.NMI_Handler) for NMI_Handler
    startup_stm32f407xx.o(RESET) refers to stm32f4xx_it.o(i.HardFault_Handler) for HardFault_Handler
    startup_stm32f407xx.o(RESET) refers to stm32f4xx_it.o(i.MemManage_Handler) for MemManage_Handler
    startup_stm32f407xx.o(RESET) refers to stm32f4xx_it.o(i.BusFault_Handler) for BusFault_Handler
    startup_stm32f407xx.o(RESET) refers to stm32f4xx_it.o(i.UsageFault_Handler) for UsageFault_Handler
    startup_stm32f407xx.o(RESET) refers to port.o(.emb_text) for SVC_Handler
    startup_stm32f407xx.o(RESET) refers to stm32f4xx_it.o(i.DebugMon_Handler) for DebugMon_Handler
    startup_stm32f407xx.o(RESET) refers to port.o(i.SysTick_Handler) for SysTick_Handler
    startup_stm32f407xx.o(RESET) refers to stm32f4xx_it.o(i.DMA1_Stream1_IRQHandler) for DMA1_Stream1_IRQHandler
    startup_stm32f407xx.o(RESET) refers to stm32f4xx_it.o(i.CAN1_TX_IRQHandler) for CAN1_TX_IRQHandler
    startup_stm32f407xx.o(RESET) refers to stm32f4xx_it.o(i.CAN1_RX0_IRQHandler) for CAN1_RX0_IRQHandler
    startup_stm32f407xx.o(RESET) refers to stm32f4xx_it.o(i.CAN1_RX1_IRQHandler) for CAN1_RX1_IRQHandler
    startup_stm32f407xx.o(RESET) refers to stm32f4xx_it.o(i.USART1_IRQHandler) for USART1_IRQHandler
    startup_stm32f407xx.o(RESET) refers to remote_control.o(i.USART3_IRQHandler) for USART3_IRQHandler
    startup_stm32f407xx.o(RESET) refers to stm32f4xx_it.o(i.TIM5_IRQHandler) for TIM5_IRQHandler
    startup_stm32f407xx.o(RESET) refers to stm32f4xx_it.o(i.DMA2_Stream1_IRQHandler) for DMA2_Stream1_IRQHandler
    startup_stm32f407xx.o(RESET) refers to stm32f4xx_it.o(i.DMA2_Stream2_IRQHandler) for DMA2_Stream2_IRQHandler
    startup_stm32f407xx.o(RESET) refers to stm32f4xx_it.o(i.DMA2_Stream3_IRQHandler) for DMA2_Stream3_IRQHandler
    startup_stm32f407xx.o(RESET) refers to stm32f4xx_it.o(i.CAN2_RX0_IRQHandler) for CAN2_RX0_IRQHandler
    startup_stm32f407xx.o(RESET) refers to stm32f4xx_it.o(i.CAN2_RX1_IRQHandler) for CAN2_RX1_IRQHandler
    startup_stm32f407xx.o(RESET) refers to stm32f4xx_it.o(i.OTG_FS_IRQHandler) for OTG_FS_IRQHandler
    startup_stm32f407xx.o(RESET) refers to stm32f4xx_it.o(i.DMA2_Stream6_IRQHandler) for DMA2_Stream6_IRQHandler
    startup_stm32f407xx.o(RESET) refers to referee.o(i.USART6_IRQHandler) for USART6_IRQHandler
    startup_stm32f407xx.o(.text) refers (Special) to heapauxi.o(.text) for __use_two_region_memory
    startup_stm32f407xx.o(.text) refers to system_stm32f4xx.o(i.SystemInit) for SystemInit
    startup_stm32f407xx.o(.text) refers to __main.o(!!!main) for __main
    startup_stm32f407xx.o(.text) refers to startup_stm32f407xx.o(HEAP) for Heap_Mem
    startup_stm32f407xx.o(.text) refers to startup_stm32f407xx.o(STACK) for Stack_Mem
    main.o(i.HAL_TIM_PeriodElapsedCallback) refers to stm32f4xx_hal.o(i.HAL_IncTick) for HAL_IncTick
    main.o(i.SystemClock_Config) refers to rt_memclr_w.o(.text) for __aeabi_memclr4
    main.o(i.SystemClock_Config) refers to stm32f4xx_hal_rcc.o(i.HAL_RCC_OscConfig) for HAL_RCC_OscConfig
    main.o(i.SystemClock_Config) refers to stm32f4xx_hal_rcc.o(i.HAL_RCC_ClockConfig) for HAL_RCC_ClockConfig
    main.o(i.main) refers to stm32f4xx_hal.o(i.HAL_Init) for HAL_Init
    main.o(i.main) refers to main.o(i.SystemClock_Config) for SystemClock_Config
    main.o(i.main) refers to gpio.o(i.MX_GPIO_Init) for MX_GPIO_Init
    main.o(i.main) refers to dma.o(i.MX_DMA_Init) for MX_DMA_Init
    main.o(i.main) refers to can.o(i.MX_CAN1_Init) for MX_CAN1_Init
    main.o(i.main) refers to can.o(i.MX_CAN2_Init) for MX_CAN2_Init
    main.o(i.main) refers to spi.o(i.MX_SPI1_Init) for MX_SPI1_Init
    main.o(i.main) refers to tim.o(i.MX_TIM4_Init) for MX_TIM4_Init
    main.o(i.main) refers to usart.o(i.MX_USART1_UART_Init) for MX_USART1_UART_Init
    main.o(i.main) refers to usart.o(i.MX_USART3_UART_Init) for MX_USART3_UART_Init
    main.o(i.main) refers to usart.o(i.MX_USART6_UART_Init) for MX_USART6_UART_Init
    main.o(i.main) refers to usb_device.o(i.MX_USB_DEVICE_Init) for MX_USB_DEVICE_Init
    main.o(i.main) refers to remote_control.o(i.remote_control_init) for remote_control_init
    main.o(i.main) refers to bsp_buzzer.o(i.Buzzer_Init) for Buzzer_Init
    main.o(i.main) refers to can_receive.o(i.canfilter_init_start) for canfilter_init_start
[...]
    USB_ReadDevAllOutEpInterrupt             0x080072b5   Thumb Code    14  stm32f4xx_ll_usb.o(i.USB_ReadDevAllOutEpInterrupt)
    USB_ReadDevInEPInterrupt                 0x080072c3   Thumb Code    36  stm32f4xx_ll_usb.o(i.USB_ReadDevInEPInterrupt)
    USB_ReadDevOutEPInterrupt                0x080072e7   Thumb Code    16  stm32f4xx_ll_usb.o(i.USB_ReadDevOutEPInterrupt)
    USB_ReadInterrupts                       0x080072f7   Thumb Code     8  stm32f4xx_ll_usb.o(i.USB_ReadInterrupts)
    USB_ReadPacket                           0x080072ff   Thumb Code    62  stm32f4xx_ll_usb.o(i.USB_ReadPacket)
    USB_SetCurrentMode                       0x0800733d   Thumb Code    92  stm32f4xx_ll_usb.o(i.USB_SetCurrentMode)
    USB_SetDevAddress                        0x08007399   Thumb Code    34  stm32f4xx_ll_usb.o(i.USB_SetDevAddress)
    USB_SetTurnaroundTime                    0x080073bd   Thumb Code   158  stm32f4xx_ll_usb.o(i.USB_SetTurnaroundTime)
    USB_WritePacket                          0x080074a5   Thumb Code    40  stm32f4xx_ll_usb.o(i.USB_WritePacket)
    UsageFault_Handler                       0x080074cd   Thumb Code     2  stm32f4xx_it.o(i.UsageFault_Handler)
    Verify_CRC8_Check_Sum                    0x080074cf   Thumb Code    38  crc8_crc16.o(i.Verify_CRC8_Check_Sum)
    VofaInit                                 0x080074f5   Thumb Code    12  vofa_task.o(i.VofaInit)
    Vofa_Send                                0x08007505   Thumb Code    16  vofa_task.o(i.Vofa_Send)
    __ARM_fpclassifyf                        0x0800751d   Thumb Code    38  fpclassifyf.o(i.__ARM_fpclassifyf)
    __hardfp_asinf                           0x08007565   Thumb Code   258  asinf.o(i.__hardfp_asinf)
    __hardfp_atan2f                          0x08007691   Thumb Code   502  atan2f.o(i.__hardfp_atan2f)
    __mathlib_flt_infnan                     0x080078e1   Thumb Code     6  funder.o(i.__mathlib_flt_infnan)
    __mathlib_flt_infnan2                    0x080078e7   Thumb Code     6  funder.o(i.__mathlib_flt_infnan2)
    __mathlib_flt_invalid                    0x080078ed   Thumb Code    10  funder.o(i.__mathlib_flt_invalid)
    __mathlib_flt_underflow                  0x080078fd   Thumb Code    10  funder.o(i.__mathlib_flt_underflow)
    aimbots_task                             0x0800790d   Thumb Code   124  aimbots_task.o(i.aimbots_task)
    angle_to_180                             0x08007999   Thumb Code    36  gimbal_task.o(i.angle_to_180)
    bmi088_accel_init                        0x080079c9   Thumb Code   266  bmi088driver.o(i.bmi088_accel_init)
    bmi088_gyro_init                         0x08007ad9   Thumb Code   214  bmi088driver.o(i.bmi088_gyro_init)
    buzzer_off                               0x08007bb5   Thumb Code    10  bsp_buzzer.o(i.buzzer_off)
    buzzer_on                                0x08007bc5   Thumb Code    12  bsp_buzzer.o(i.buzzer_on)
    canfilter_init_start                     0x08007bd5   Thumb Code    80  can_receive.o(i.canfilter_init_start)
    communicate_task                         0x08007c2d   Thumb Code    12  communicate_task.o(i.communicate_task)
    detect_hook                              0x08007c39   Thumb Code    74  detect_task.o(i.detect_hook)
    detect_task                              0x08007d01   Thumb Code   228  detect_task.o(i.detect_task)
    get_INS_angle                            0x08007df1   Thumb Code    14  ins_task.o(i.get_INS_angle)
    get_INS_data_point                       0x08007e05   Thumb Code     4  ins_task.o(i.get_INS_data_point)
    get_angle                                0x08007e0d   Thumb Code   176  ins_task.o(i.get_angle)
    get_gimbal_friction_motor_measure_point  0x08007ebd   Thumb Code    12  can_receive.o(i.get_gimbal_friction_motor_measure_point)
    get_gimbal_pitch_motor_measure_point     0x08007ecd   Thumb Code     4  can_receive.o(i.get_gimbal_pitch_motor_measure_point)
    get_gimbal_yaw_motor_measure_point       0x08007ed5   Thumb Code     4  can_receive.o(i.get_gimbal_yaw_motor_measure_point)
    get_mini_data_point                      0x08007edd   Thumb Code     4  aimbots_task.o(i.get_mini_data_point)
    get_remote_control_point                 0x08007ee5   Thumb Code     4  remote_control.o(i.get_remote_control_point)
    get_shoot_PID_Debug                      0x08007eed   Thumb Code     4  shoot_task.o(i.get_shoot_PID_Debug)
    gimbal_behaviour_control_set             0x08007f71   Thumb Code    56  gimbal_behaviour.o(i.gimbal_behaviour_control_set)
    gimbal_behaviour_mode_set                0x08007fad   Thumb Code    60  gimbal_behaviour.o(i.gimbal_behaviour_mode_set)
    gimbal_task                              0x08008681   Thumb Code   284  gimbal_task.o(i.gimbal_task)
    imu_offset_accquier                      0x080087a5   Thumb Code   168  ins_task.o(i.imu_offset_accquier)
    imu_offset_remove                        0x08008855   Thumb Code    50  ins_task.o(i.imu_offset_remove)
    invSqrt                                  0x08008889   Thumb Code    40  mahonyahrs.o(i.invSqrt)
    key_task                                 0x080088b5   Thumb Code    86  key_task.o(i.key_task)
    main                                     0x0800891d   Thumb Code    74  main.o(i.main)
    my_fabs                                  0x080089a9   Thumb Code    16  pid.o(i.my_fabs)
    osDelay                                  0x080089b9   Thumb Code    14  cmsis_os.o(i.osDelay)
    osKernelStart                            0x080089c7   Thumb Code    10  cmsis_os.o(i.osKernelStart)
    osThreadCreate                           0x080089d1   Thumb Code    84  cmsis_os.o(i.osThreadCreate)
    pvPortMalloc                             0x08008d71   Thumb Code   216  heap_4.o(i.pvPortMalloc)
    pxPortInitialiseStack                    0x08008e4d   Thumb Code    40  port.o(i.pxPortInitialiseStack)
    referee_init                             0x08008e79   Thumb Code   208  bsp_usart.o(i.referee_init)
    remote_control_init                      0x08008f61   Thumb Code    12  remote_control.o(i.remote_control_init)
    shoot_motor_mode_set                     0x080092c9   Thumb Code     4  shoot_behaviour.o(i.shoot_motor_mode_set)
    shoot_task                               0x080092cd   Thumb Code   264  shoot_task.o(i.shoot_task)
    sqrtf                                    0x080093f1   Thumb Code    62  sqrtf_full.o(i.sqrtf)
    toe_is_error                             0x08009431   Thumb Code    18  detect_task.o(i.toe_is_error)
    uxListRemove                             0x08009449   Thumb Code    38  list.o(i.uxListRemove)
    vApplicationGetIdleTaskMemory            0x08009471   Thumb Code    16  freertos.o(i.vApplicationGetIdleTaskMemory)
    vListInitialise                          0x08009485   Thumb Code    22  list.o(i.vListInitialise)
    vListInitialiseItem                      0x0800949b   Thumb Code     6  list.o(i.vListInitialiseItem)
    vListInsert                              0x080094a1   Thumb Code    48  list.o(i.vListInsert)
    vListInsertEnd                           0x080094d1   Thumb Code    24  list.o(i.vListInsertEnd)
    vPortEnterCritical                       0x080094e9   Thumb Code    54  port.o(i.vPortEnterCritical)
    vPortExitCritical                        0x08009529   Thumb Code    34  port.o(i.vPortExitCritical)
    vPortFree                                0x08009551   Thumb Code    94  heap_4.o(i.vPortFree)
    vPortSetupTimerInterrupt                 0x080095b5   Thumb Code    32  port.o(i.vPortSetupTimerInterrupt)
    vTaskDelay                               0x080095d9   Thumb Code    66  tasks.o(i.vTaskDelay)
    vTaskStartScheduler                      0x08009625   Thumb Code    90  tasks.o(i.vTaskStartScheduler)
    vTaskSuspendAll                          0x08009691   Thumb Code    10  tasks.o(i.vTaskSuspendAll)
    vTaskSwitchContext                       0x080096a1   Thumb Code    82  tasks.o(i.vTaskSwitchContext)
    vofa_justfloat                           0x080096fd   Thumb Code    64  vofa_task.o(i.vofa_justfloat)
    vofa_task                                0x0800973d   Thumb Code    24  vofa_task.o(i.vofa_task)
    xPortStartScheduler                      0x08009759   Thumb Code   222  port.o(i.xPortStartScheduler)
    xTaskCreate                              0x0800984d   Thumb Code    90  tasks.o(i.xTaskCreate)
    xTaskCreateStatic                        0x080098a7   Thumb Code    86  tasks.o(i.xTaskCreateStatic)
    xTaskGetTickCount                        0x080098fd   Thumb Code     6  tasks.o(i.xTaskGetTickCount)
    xTaskIncrementTick                       0x08009909   Thumb Code   194  tasks.o(i.xTaskIncrementTick)
    xTaskResumeAll                           0x080099d5   Thumb Code   182  tasks.o(i.xTaskResumeAll)
    __aeabi_d2f                              0x08009a99   Thumb Code     0  d2f_clz.o(x$fpl$d2f)
    _d2f                                     0x08009a99   Thumb Code   700  d2f_clz.o(x$fpl$d2f)
    __aeabi_i2d                              0x08009d5d   Thumb Code     0  dflt_clz.o(x$fpl$dflt)
    _dflt                                    0x08009d5d   Thumb Code    46  dflt_clz.o(x$fpl$dflt)
    __aeabi_dmul                             0x08009d8d   Thumb Code     0  dmul_clz.o(x$fpl$dmul)
    _dmul                                    0x08009d8d   Thumb Code   440  dmul_clz.o(x$fpl$dmul)
    __fpl_dnaninf                            0x08009f4d   Thumb Code   258  dnaninf.o(x$fpl$dnaninf)
    __fpl_drenorm2                           0x0800a04f   Thumb Code   106  drenorm_clz.o(x$fpl$drenorm)
    __fpl_drenorm1                           0x0800a0b9   Thumb Code     6  drenorm_clz.o(x$fpl$drenorm)
    __fpl_dretinf                            0x0800a0bf   Thumb Code    12  dretinf.o(x$fpl$dretinf)
    __dunder                                 0x0800a0cb   Thumb Code   314  dunder_clz.o(x$fpl$dunder)
    __dunder_d                               0x0800a205   Thumb Code    64  dunder_clz.o(x$fpl$dunder)
    __fpl_exception                          0x0800a245   Thumb Code   454  except.o(x$fpl$exception)
    _fp_init                                 0x0800a431   Thumb Code    10  fpinit.o(x$fpl$fpinit)
    __fplib_config_fpu_vfp                   0x0800a439   Thumb Code     0  fpinit.o(x$fpl$fpinit)
    __fplib_config_pureend_doubles           0x0800a439   Thumb Code     0  fpinit.o(x$fpl$fpinit)
    __fpl_fretinf                            0x0800a43b   Thumb Code    10  fretinf.o(x$fpl$fretinf)
    __funder                                 0x0800a445   Thumb Code   254  funder_clz.o(x$fpl$funder)
    __funder_d                               0x0800a543   Thumb Code    62  funder_clz.o(x$fpl$funder)
    __fpl_return_NaN                         0x0800a581   Thumb Code   178  retnan.o(x$fpl$retnan)
    _fp_trapveneer                           0x0800a633   Thumb Code    36  trapv.o(x$fpl$trapveneer)
    __fpl_cmpreturn                          0x0800a657   Thumb Code    90  trapv.o(x$fpl$trapveneer)
    __I$use$fp                               0x0800a6b0   Number         0  usenofp.o(x$fpl$usenofp)
    AHBPrescTable                            0x0800a798   Data          16  system_stm32f4xx.o(.constdata)
    APBPrescTable                            0x0800a7a8   Data           8  system_stm32f4xx.o(.constdata)
    CRC8_TAB                                 0x0800a878   Data         256  crc8_crc16.o(.constdata)
    wCRC_Table                               0x0800a978   Data         512  crc8_crc16.o(.constdata)
    Region$$Table$$Base                      0x0800abe0   Number         0  anon$$obj.o(Region$$Table)
    Region$$Table$$Limit                     0x0800ac00   Number         0  anon$$obj.o(Region$$Table)
    INS_TASKHandle                           0x20000000   Data           4  freertos.o(.data)
    GIMBAL_TASKHandle                        0x20000004   Data           4  freertos.o(.data)
    DETECT_TASKHandle                        0x20000008   Data           4  freertos.o(.data)
    SHOOT_TASKHandle                         0x2000000c   Data           4  freertos.o(.data)
    VOFA_TASKHandle                          0x20000010   Data           4  freertos.o(.data)
    AIMBOTS_TASKHandle                       0x20000014   Data           4  freertos.o(.data)
    COMMUNICATE_TASHandle                    0x20000018   Data           4  freertos.o(.data)
    KEY_TASKHandle                           0x2000001c   Data           4  freertos.o(.data)
    FS_Desc                                  0x20000024   Data          28  usbd_desc.o(.data)
    USBD_LangIDDesc                          0x20000040   Data           4  usbd_desc.o(.data)
    USBD_FS_DeviceDesc                       0x20000044   Data          18  usbd_desc.o(.data)
    USBD_StringSerial                        0x20000058   Data          26  usbd_desc.o(.data)
    USBD_Interface_fops_FS                   0x20000074   Data          20  usbd_cdc_if.o(.data)
    uwTickFreq                               0x20000088   Data           1  stm32f4xx_hal.o(.data)
    uwTickPrio                               0x2000008c   Data           4  stm32f4xx_hal.o(.data)
    uwTick                                   0x20000090   Data           4  stm32f4xx_hal.o(.data)
    SystemCoreClock                          0x20000094   Data           4  system_stm32f4xx.o(.data)
    pxCurrentTCB                             0x20000098   Data           4  tasks.o(.data)
    USBD_CDC                                 0x20000158   Data          56  usbd_cdc.o(.data)
    a                                        0x20000190   Data          18  aimbots_task.o(.data)
    chassis_data                             0x200001a4   Data           8  communicate_task.o(.data)
    yaw_relative_init                        0x200001c4   Data           4  gimbal_task.o(.data)
    Bee_flag                                 0x200001c8   Data           1  ins_task.o(.data)
    psc                                      0x200001ca   Data           2  ins_task.o(.data)
    pwm                                      0x200001cc   Data           2  ins_task.o(.data)
    imu_to_pc                                0x200001d0   Data           4  ins_task.o(.data)
    fric1                                    0x200001d8   Data           4  shoot_task.o(.data)
    fric2                                    0x200001dc   Data           4  shoot_task.o(.data)
    shoot_debug                              0x200001e0   Data           4  vofa_task.o(.data)
    ControlMode                              0x200001e6   Data           1  key_task.o(.data)
    Mouse_Data                               0x200001ea   Data           8  key_task.o(.data)
    rx_data1                                 0x200001fa   Data           7  can_receive.o(.data)
    rx_data2                                 0x20000201   Data           7  can_receive.o(.data)
    BMI088_ACCEL_SEN                         0x20000208   Data           4  bmi088driver.o(.data)
    BMI088_GYRO_SEN                          0x2000020c   Data           4  bmi088driver.o(.data)
    twoKp                                    0x2000024c   Data           4  mahonyahrs.o(.data)
    twoKi                                    0x20000250   Data           4  mahonyahrs.o(.data)
    integralFBx                              0x20000254   Data           4  mahonyahrs.o(.data)
    integralFBy                              0x20000258   Data           4  mahonyahrs.o(.data)
    integralFBz                              0x2000025c   Data           4  mahonyahrs.o(.data)
    hcan1                                    0x200004b4   Data          40  can.o(.bss)
    hcan2                                    0x200004dc   Data          40  can.o(.bss)
    hspi1                                    0x20000504   Data          88  spi.o(.bss)
    hdma_spi1_rx                             0x2000055c   Data          96  spi.o(.bss)
    hdma_spi1_tx                             0x200005bc   Data          96  spi.o(.bss)
    htim4                                    0x2000061c   Data          72  tim.o(.bss)
    huart1                                   0x20000664   Data          68  usart.o(.bss)
    huart3                                   0x200006a8   Data          68  usart.o(.bss)
    huart6                                   0x200006ec   Data          68  usart.o(.bss)
    hdma_usart3_rx                           0x20000730   Data          96  usart.o(.bss)
    hdma_usart6_rx                           0x20000790   Data          96  usart.o(.bss)
    hdma_usart6_tx                           0x200007f0   Data          96  usart.o(.bss)
    htim5                                    0x20000850   Data          72  stm32f4xx_hal_timebase_tim.o(.bss)
    hUsbDeviceFS                             0x20000898   Data         732  usb_device.o(.bss)
    USBD_StrDesc                             0x20000b74   Data         512  usbd_desc.o(.bss)
    usb_recive_buffer                        0x20000d74   Data         100  usbd_cdc_if.o(.bss)
    UserRxBufferFS                           0x20000dd8   Data        2048  usbd_cdc_if.o(.bss)
    UserTxBufferFS                           0x200015d8   Data        2048  usbd_cdc_if.o(.bss)
    hpcd_USB_OTG_FS                          0x20001ff8   Data        1292  usbd_conf.o(.bss)
    auto_data                                0x200061f4   Data          12  aimbots_task.o(.bss)
    Send_to_minpc                            0x20006200   Data          18  aimbots_task.o(.bss)
    error_list                               0x20006212   Data         252  detect_task.o(.bss)
    gimbal_control                           0x20006310   Data        1360  gimbal_task.o(.bss)
    INS_quat                                 0x20006860   Data          16  ins_task.o(.bss)
    bmi088_real_data                         0x20006870   Data          48  ins_task.o(.bss)
    gyro_offset                              0x20006908   Data          12  ins_task.o(.bss)
    bmi088_radians                           0x20006914   Data          12  ins_task.o(.bss)
    shoot_control                            0x20006920   Data         396  shoot_task.o(.bss)
    Vofa_Data                                0x20006aac   Data          24  vofa_task.o(.bss)
    rc_ctrl                                  0x20006ac4   Data          24  remote_control.o(.bss)
    Key_ScanValue                            0x20006b24   Data          40  key_task.o(.bss)
    Referee_System                           0x20006b4c   Data        1174  referee.o(.bss)
    yaw_motor                                0x20006fe2   Data          10  can_receive.o(.bss)
    pitch_motor                              0x20006fec   Data          10  can_receive.o(.bss)
    friction_motor                           0x20006ff6   Data          20  can_receive.o(.bss)
    __libspace_start                         0x2000700c   Data          96  libspace.o(.bss)
    __temporary_stack_top$libspace           0x2000706c   Data           0  libspace.o(.bss)



==============================================================================

Memory Map of the image

  Image Entry point : 0x08000189

  Load Region LR_IROM1 (Base: 0x08000000, Size: 0x0000ae60, Max: 0x00100000, ABSOLUTE, COMPRESSED[0x0000ad0c])

    Execution Region ER_IROM1 (Exec base: 0x08000000, Load base: 0x08000000, Size: 0x0000ac00, Max: 0x00100000, ABSOLUTE)

    Exec Addr    Load Addr    Size         Type   Attr      Idx    E Section Name        Object

    0x08000000   0x08000000   0x00000188   Data   RO            3    RESET               startup_stm32f407xx.o
    0x08000188   0x08000188   0x00000008   Code   RO         8443  * !!!main             c_w.l(__main.o)
    0x08000190   0x08000190   0x00000034   Code   RO         8799    !!!scatter          c_w.l(__scatter.o)
    0x080001c4   0x080001c4   0x0000005a   Code   RO         8797    !!dczerorl2         c_w.l(__dczerorl2.o)
    0x0800021e   0x0800021e   0x00000002   PAD
    0x08000220   0x08000220   0x0000001c   Code   RO         8801    !!handler_zi        c_w.l(__scatter_zi.o)
    0x0800023c   0x0800023c   0x00000002   Code   RO         8736    .ARM.Collect$$libinit$$00000000  c_w.l(libinit.o)
    0x0800023e   0x0800023e   0x00000004   Code   RO         8569    .ARM.Collect$$libinit$$00000001  c_w.l(libinit2.o)
    0x08000242   0x08000242   0x00000000   Code   RO         8572    .ARM.Collect$$libinit$$00000004  c_w.l(libinit2.o)
    0x08000242   0x08000242   0x00000008   Code   RO         8573    .ARM.Collect$$libinit$$00000005  c_w.l(libinit2.o)
    0x0800024a   0x0800024a   0x00000000   Code   RO         8575    .ARM.Collect$$libinit$$0000000A  c_w.l(libinit2.o)
    0x0800024a   0x0800024a   0x00000000   Code   RO         8577    .ARM.Collect$$libinit$$0000000C  c_w.l(libinit2.o)
    0x0800024a   0x0800024a   0x00000000   Code   RO         8579    .ARM.Collect$$libinit$$0000000E  c_w.l(libinit2.o)
    0x0800024a   0x0800024a   0x00000000   Code   RO         8582    .ARM.Collect$$libinit$$00000011  c_w.l(libinit2.o)
    0x0800024a   0x0800024a   0x00000000   Code   RO         8584    .ARM.Collect$$libinit$$00000013  c_w.l(libinit2.o)
    0x0800024a   0x0800024a   0x00000000   Code   RO         8586    .ARM.Collect$$libinit$$00000015  c_w.l(libinit2.o)
    0x0800024a   0x0800024a   0x00000000   Code   RO         8588    .ARM.Collect$$libinit$$00000017  c_w.l(libinit2.o)
    0x0800024a   0x0800024a   0x00000000   Code   RO         8590    .ARM.Collect$$libinit$$00000019  c_w.l(libinit2.o)
    0x0800024a   0x0800024a   0x00000000   Code   RO         8592    .ARM.Collect$$libinit$$0000001B  c_w.l(libinit2.o)
    0x0800024a   0x0800024a   0x00000000   Code   RO         8594    .ARM.Collect$$libinit$$0000001D  c_w.l(libinit2.o)
    0x0800024a   0x0800024a   0x00000000   Code   RO         8596    .ARM.Collect$$libinit$$0000001F  c_w.l(libinit2.o)
    0x0800024a   0x0800024a   0x00000000   Code   RO         8598    .ARM.Collect$$libinit$$00000021  c_w.l(libinit2.o)
    0x0800024a   0x0800024a   0x00000000   Code   RO         8600    .ARM.Collect$$libinit$$00000023  c_w.l(libinit2.o)
    0x0800024a   0x0800024a   0x00000000   Code   RO         8602    .ARM.Collect$$libinit$$00000025  c_w.l(libinit2.o)
    0x0800024a   0x0800024a   0x00000000   Code   RO         8606    .ARM.Collect$$libinit$$0000002C  c_w.l(libinit2.o)
    0x0800024a   0x0800024a   0x00000000   Code   RO         8608    .ARM.Collect$$libinit$$0000002E  c_w.l(libinit2.o)
    0x0800024a   0x0800024a   0x00000000   Code   RO         8610    .ARM.Collect$$libinit$$00000030  c_w.l(libinit2.o)
    0x0800024a   0x0800024a   0x00000000   Code   RO         8612    .ARM.Collect$$libinit$$00000032  c_w.l(libinit2.o)
    0x0800024a   0x0800024a   0x00000002   Code   RO         8613    .ARM.Collect$$libinit$$00000033  c_w.l(libinit2.o)
    0x0800024c   0x0800024c   0x00000002   Code   RO         8794    .ARM.Collect$$libshutdown$$00000000  c_w.l(libshutdown.o)
    0x0800024e   0x0800024e   0x00000000   Code   RO         8752    .ARM.Collect$$libshutdown$$00000002  c_w.l(libshutdown2.o)
    0x0800024e   0x0800024e   0x00000000   Code   RO         8754    .ARM.Collect$$libshutdown$$00000004  c_w.l(libshutdown2.o)
    0x0800024e   0x0800024e   0x00000000   Code   RO         8757    .ARM.Collect$$libshutdown$$00000007  c_w.l(libshutdown2.o)
    0x0800024e   0x0800024e   0x00000000   Code   RO         8760    .ARM.Collect$$libshutdown$$0000000A  c_w.l(libshutdown2.o)
    0x0800024e   0x0800024e   0x00000000   Code   RO         8762    .ARM.Collect$$libshutdown$$0000000C  c_w.l(libshutdown2.o)
    0x0800024e   0x0800024e   0x00000000   Code   RO         8765    .ARM.Collect$$libshutdown$$0000000F  c_w.l(libshutdown2.o)
    0x0800024e   0x0800024e   0x00000002   Code   RO         8766    .ARM.Collect$$libshutdown$$00000010  c_w.l(libshutdown2.o)
    0x08000250   0x08000250   0x00000000   Code   RO         8531    .ARM.Collect$$rtentry$$00000000  c_w.l(__rtentry.o)
    0x08000250   0x08000250   0x00000000   Code   RO         8662    .ARM.Collect$$rtentry$$00000002  c_w.l(__rtentry2.o)
    0x08000250   0x08000250   0x00000006   Code   RO         8674    .ARM.Collect$$rtentry$$00000004  c_w.l(__rtentry4.o)
    0x08000256   0x08000256   0x00000000   Code   RO         8664    .ARM.Collect$$rtentry$$00000009  c_w.l(__rtentry2.o)
    0x08000256   0x08000256   0x00000004   Code   RO         8665    .ARM.Collect$$rtentry$$0000000A  c_w.l(__rtentry2.o)
    0x0800025a   0x0800025a   0x00000000   Code   RO         8667    .ARM.Collect$$rtentry$$0000000C  c_w.l(__rtentry2.o)
    0x0800025a   0x0800025a   0x00000008   Code   RO         8668    .ARM.Collect$$rtentry$$0000000D  c_w.l(__rtentry2.o)
    0x08000262   0x08000262   0x00000002   Code   RO         8739    .ARM.Collect$$rtexit$$00000000  c_w.l(rtexit.o)
    0x08000264   0x08000264   0x00000000   Code   RO         8770    .ARM.Collect$$rtexit$$00000002  c_w.l(rtexit2.o)
    0x08000264   0x08000264   0x00000004   Code   RO         8771    .ARM.Collect$$rtexit$$00000003  c_w.l(rtexit2.o)
    0x08000268   0x08000268   0x00000006   Code   RO         8772    .ARM.Collect$$rtexit$$00000004  c_w.l(rtexit2.o)
    0x0800026e   0x0800026e   0x00000002   PAD
    0x08000270   0x08000270   0x000000be   Code   RO         6076    .emb_text           port.o
    0x0800032e   0x0800032e   0x00000002   PAD
    0x08000330   0x08000330   0x00000000   Code   RO         8685    .emb_text           c_w.l(maybetermalloc1.o)
    0x08000330   0x08000330   0x00000040   Code   RO            4    .text               startup_stm32f407xx.o
    0x08000370   0x08000370   0x0000005e   Code   RO         8371    .text               c_w.l(h1_alloc.o)
    0x080003ce   0x080003ce   0x0000004e   Code   RO         8373    .text               c_w.l(h1_free.o)
    0x0800041c   0x0800041c   0x000000ee   Code   RO         8429    .text               c_w.l(lludivv7m.o)
    0x0800050a   0x0800050a   0x0000008a   Code   RO         8431    .text               c_w.l(rt_memcpy_v6.o)
    0x08000594   0x08000594   0x00000084   Code   RO         8433    .text               c_w.l(rt_memmove_v6.o)
    0x08000618   0x08000618   0x00000064   Code   RO         8435    .text               c_w.l(rt_memcpy_w.o)
    0x0800067c   0x0800067c   0x0000004e   Code   RO         8439    .text               c_w.l(rt_memclr_w.o)
    0x080006ca   0x080006ca   0x00000006   Code   RO         8441    .text               c_w.l(heapauxi.o)
    0x080006d0   0x080006d0   0x00000008   Code   RO         8539    .text               c_w.l(rt_heap_descriptor_intlibspace.o)
    0x080006d8   0x080006d8   0x00000004   Code   RO         8541    .text               c_w.l(hguard.o)
    0x080006dc   0x080006dc   0x0000008a   Code   RO         8543    .text               c_w.l(init_alloc.o)
    0x08000766   0x08000766   0x0000000e   Code   RO         8547    .text               c_w.l(h1_init.o)
    0x08000774   0x08000774   0x00000016   Code   RO         8561    .text               c_w.l(_rserrno.o)
    0x0800078a   0x0800078a   0x0000007a   Code   RO         8563    .text               c_w.l(rt_memmove_w.o)
    0x08000804   0x08000804   0x00000008   Code   RO         8658    .text               c_w.l(libspace.o)
    0x0800080c   0x0800080c   0x00000008   Code   RO         8681    .text               c_w.l(rt_errno_addr_intlibspace.o)
    0x08000814   0x08000814   0x00000034   Code   RO         8687    .text               c_w.l(h1_extend.o)
    0x08000848   0x08000848   0x00000030   Code   RO         8691    .text               c_w.l(_fptrap.o)
    0x08000878   0x08000878   0x0000000e   Code   RO         8693    .text               c_w.l(defsig_rtmem_outer.o)
    0x08000886   0x08000886   0x00000002   Code   RO         8708    .text               c_w.l(use_no_semi.o)
    0x08000888   0x08000888   0x00000000   Code   RO         8710    .text               c_w.l(indicate_semi.o)
    0x08000888   0x08000888   0x0000004a   Code   RO         8711    .text               c_w.l(sys_stackheap_outer.o)
    0x080008d2   0x080008d2   0x00000012   Code   RO         8717    .text               c_w.l(exit.o)
    0x080008e4   0x080008e4   0x0000000a   Code   RO         8719    .text               c_w.l(defsig_exit.o)
    0x080008ee   0x080008ee   0x0000000e   Code   RO         8721    .text               c_w.l(defsig_fpe_outer.o)
    0x080008fc   0x080008fc   0x00000050   Code   RO         8725    .text               c_w.l(defsig_rtmem_inner.o)
    0x0800094c   0x0800094c   0x0000000c   Code   RO         8737    .text               c_w.l(sys_exit.o)
    0x08000958   0x08000958   0x00000032   Code   RO         8747    .text               c_w.l(defsig_general.o)
    0x0800098a   0x0800098a   0x00000002   PAD
    0x0800098c   0x0800098c   0x000000ac   Code   RO         8749    .text               c_w.l(defsig_fpe_inner.o)
    0x08000a38   0x08000a38   0x0000000e   Code   RO         8767    .text               c_w.l(sys_wrch.o)
    0x08000a46   0x08000a46   0x00000002   PAD
    0x08000a48   0x08000a48   0x00000020   Code   RO         6949    i.AHRS_init         ins_task.o
    0x08000a68   0x08000a68   0x00000010   Code   RO         7698    i.BMI088_ACCEL_NS_H  bmi088middleware.o
    0x08000a78   0x08000a78   0x00000010   Code   RO         7699    i.BMI088_ACCEL_NS_L  bmi088middleware.o
    0x08000a88   0x08000a88   0x00000002   Code   RO         7700    i.BMI088_GPIO_init  bmi088middleware.o
    0x08000a8a   0x08000a8a   0x00000002   PAD
    0x08000a8c   0x08000a8c   0x00000010   Code   RO         7701    i.BMI088_GYRO_NS_H  bmi088middleware.o
    0x08000a9c   0x08000a9c   0x00000010   Code   RO         7702    i.BMI088_GYRO_NS_L  bmi088middleware.o
    0x08000aac   0x08000aac   0x00000002   Code   RO         7703    i.BMI088_com_init   bmi088middleware.o
    0x08000aae   0x08000aae   0x00000018   Code   RO         7704    i.BMI088_delay_ms   bmi088middleware.o
    0x08000ac6   0x08000ac6   0x0000002e   Code   RO         7705    i.BMI088_delay_us   bmi088middleware.o
    0x08000af4   0x08000af4   0x00000018   Code   RO         7629    i.BMI088_init       bmi088driver.o
    0x08000b0c   0x08000b0c   0x00000158   Code   RO         7630    i.BMI088_read       bmi088driver.o
    0x08000c64   0x08000c64   0x00000024   Code   RO         7631    i.BMI088_read_muli_reg  bmi088driver.o
    0x08000c88   0x08000c88   0x00000016   Code   RO         7632    i.BMI088_read_single_reg  bmi088driver.o
    0x08000c9e   0x08000c9e   0x00000002   PAD
    0x08000ca0   0x08000ca0   0x00000020   Code   RO         7706    i.BMI088_read_write_byte  bmi088middleware.o
    0x08000cc0   0x08000cc0   0x00000012   Code   RO         7633    i.BMI088_write_single_reg  bmi088driver.o
    0x08000cd2   0x08000cd2   0x00000002   Code   RO          612    i.BusFault_Handler  stm32f4xx_it.o
    0x08000cd4   0x08000cd4   0x0000001c   Code   RO         7516    i.Buzzer_Init       bsp_buzzer.o
    0x08000cf0   0x08000cf0   0x0000000c   Code   RO          613    i.CAN1_RX0_IRQHandler  stm32f4xx_it.o
    0x08000cfc   0x08000cfc   0x0000000c   Code   RO          614    i.CAN1_RX1_IRQHandler  stm32f4xx_it.o
    0x08000d08   0x08000d08   0x0000000c   Code   RO          615    i.CAN1_TX_IRQHandler  stm32f4xx_it.o
    0x08000d14   0x08000d14   0x0000000c   Code   RO          616    i.CAN2_RX0_IRQHandler  stm32f4xx_it.o
    0x08000d20   0x08000d20   0x0000000c   Code   RO          617    i.CAN2_RX1_IRQHandler  stm32f4xx_it.o
    0x08000d2c   0x08000d2c   0x00000038   Code   RO         7435    i.CAN_cmd_firc      can_receive.o
    0x08000d64   0x08000d64   0x00000034   Code   RO         7436    i.CAN_cmd_gimbal_pitch  can_receive.o
    0x08000d98   0x08000d98   0x00000034   Code   RO         7437    i.CAN_cmd_gimbal_yaw  can_receive.o
    0x08000dcc   0x08000dcc   0x00000004   Code   RO          954    i.CDC_Control_FS    usbd_cdc_if.o
    0x08000dd0   0x08000dd0   0x00000004   Code   RO          955    i.CDC_DeInit_FS     usbd_cdc_if.o
    0x08000dd4   0x08000dd4   0x00000024   Code   RO          956    i.CDC_Init_FS       usbd_cdc_if.o
    0x08000df8   0x08000df8   0x00000038   Code   RO          957    i.CDC_Receive_FS    usbd_cdc_if.o
    0x08000e30   0x08000e30   0x00000004   Code   RO          958    i.CDC_TransmitCplt_FS  usbd_cdc_if.o
    0x08000e34   0x08000e34   0x0000002c   Code   RO          959    i.CDC_Transmit_FS   usbd_cdc_if.o
    0x08000e60   0x08000e60   0x0000001c   Code   RO         7236    i.ControlMode_Get   key_task.o
    0x08000e7c   0x08000e7c   0x0000000c   Code   RO          618    i.DMA1_Stream1_IRQHandler  stm32f4xx_it.o
    0x08000e88   0x08000e88   0x0000000c   Code   RO          619    i.DMA2_Stream1_IRQHandler  stm32f4xx_it.o
    0x08000e94   0x08000e94   0x0000000c   Code   RO          620    i.DMA2_Stream2_IRQHandler  stm32f4xx_it.o
    0x08000ea0   0x08000ea0   0x0000000c   Code   RO          621    i.DMA2_Stream3_IRQHandler  stm32f4xx_it.o
    0x08000eac   0x08000eac   0x0000000c   Code   RO          622    i.DMA2_Stream6_IRQHandler  stm32f4xx_it.o
    0x08000eb8   0x08000eb8   0x00000028   Code   RO         2262    i.DMA_CalcBaseAndBitshift  stm32f4xx_hal_dma.o
    0x08000ee0   0x08000ee0   0x00000054   Code   RO         2263    i.DMA_CheckFifoParam  stm32f4xx_hal_dma.o
    0x08000f34   0x08000f34   0x00000002   Code   RO          623    i.DebugMon_Handler  stm32f4xx_it.o
    0x08000f36   0x08000f36   0x00000004   Code   RO           13    i.Error_Handler     main.o
    0x08000f3a   0x08000f3a   0x00000002   PAD
    0x08000f3c   0x08000f3c   0x0000001c   Code   RO         8154    i.Get_CRC8_Check_Sum  crc8_crc16.o
    0x08000f58   0x08000f58   0x0000016c   Code   RO         6626    i.Gimbal_data_transfer  communicate_task.o
    0x080010c4   0x080010c4   0x00000024   Code   RO         2936    i.HAL_CAN_ActivateNotification  stm32f4xx_hal_can.o
    0x080010e8   0x080010e8   0x000000c8   Code   RO         2937    i.HAL_CAN_AddTxMessage  stm32f4xx_hal_can.o
    0x080011b0   0x080011b0   0x0000010c   Code   RO         2938    i.HAL_CAN_ConfigFilter  stm32f4xx_hal_can.o
    0x080012bc   0x080012bc   0x00000002   Code   RO         2941    i.HAL_CAN_ErrorCallback  stm32f4xx_hal_can.o
    0x080012be   0x080012be   0x000000e8   Code   RO         2944    i.HAL_CAN_GetRxMessage  stm32f4xx_hal_can.o
    0x080013a6   0x080013a6   0x000001fc   Code   RO         2948    i.HAL_CAN_IRQHandler  stm32f4xx_hal_can.o
    0x080015a2   0x080015a2   0x0000011a   Code   RO         2949    i.HAL_CAN_Init      stm32f4xx_hal_can.o
    0x080016bc   0x080016bc   0x0000012c   Code   RO          396    i.HAL_CAN_MspInit   can.o
    0x080017e8   0x080017e8   0x00000002   Code   RO         2956    i.HAL_CAN_RxFifo0FullCallback  stm32f4xx_hal_can.o
    0x080017ea   0x080017ea   0x00000002   PAD
    0x080017ec   0x080017ec   0x000000ec   Code   RO         7438    i.HAL_CAN_RxFifo0MsgPendingCallback  can_receive.o
    0x080018d8   0x080018d8   0x00000002   Code   RO         2958    i.HAL_CAN_RxFifo1FullCallback  stm32f4xx_hal_can.o
    0x080018da   0x080018da   0x00000002   Code   RO         2959    i.HAL_CAN_RxFifo1MsgPendingCallback  stm32f4xx_hal_can.o
    0x080018dc   0x080018dc   0x00000002   Code   RO         2960    i.HAL_CAN_SleepCallback  stm32f4xx_hal_can.o
    0x080018de   0x080018de   0x00000002   PAD
    0x080018e0   0x080018e0   0x00000058   Code   RO         2961    i.HAL_CAN_Start     stm32f4xx_hal_can.o
    0x08001938   0x08001938   0x00000002   Code   RO         2963    i.HAL_CAN_TxMailbox0AbortCallback  stm32f4xx_hal_can.o
    0x0800193a   0x0800193a   0x00000002   Code   RO         2964    i.HAL_CAN_TxMailbox0CompleteCallback  stm32f4xx_hal_can.o
    0x0800193c   0x0800193c   0x00000002   Code   RO         2965    i.HAL_CAN_TxMailbox1AbortCallback  stm32f4xx_hal_can.o
    0x0800193e   0x0800193e   0x00000002   Code   RO         2966    i.HAL_CAN_TxMailbox1CompleteCallback  stm32f4xx_hal_can.o
    0x08001940   0x08001940   0x00000002   Code   RO         2967    i.HAL_CAN_TxMailbox2AbortCallback  stm32f4xx_hal_can.o
    0x08001942   0x08001942   0x00000002   Code   RO         2968    i.HAL_CAN_TxMailbox2CompleteCallback  stm32f4xx_hal_can.o
    0x08001944   0x08001944   0x00000002   Code   RO         2970    i.HAL_CAN_WakeUpFromRxMsgCallback  stm32f4xx_hal_can.o
    0x08001946   0x08001946   0x00000092   Code   RO         2265    i.HAL_DMA_Abort     stm32f4xx_hal_dma.o
    0x080019d8   0x080019d8   0x00000024   Code   RO         2266    i.HAL_DMA_Abort_IT  stm32f4xx_hal_dma.o
    0x080019fc   0x080019fc   0x000001a0   Code   RO         2270    i.HAL_DMA_IRQHandler  stm32f4xx_hal_dma.o
    0x08001b9c   0x08001b9c   0x000000d4   Code   RO         2271    i.HAL_DMA_Init      stm32f4xx_hal_dma.o
    0x08001c70   0x08001c70   0x00000024   Code   RO         2684    i.HAL_Delay         stm32f4xx_hal.o
    0x08001c94   0x08001c94   0x000001f0   Code   RO         2158    i.HAL_GPIO_Init     stm32f4xx_hal_gpio.o
    0x08001e84   0x08001e84   0x0000000a   Code   RO         2162    i.HAL_GPIO_WritePin  stm32f4xx_hal_gpio.o
    0x08001e8e   0x08001e8e   0x00000002   PAD
    0x08001e90   0x08001e90   0x0000000c   Code   RO         2690    i.HAL_GetTick       stm32f4xx_hal.o
    0x08001e9c   0x08001e9c   0x00000010   Code   RO         2696    i.HAL_IncTick       stm32f4xx_hal.o
    0x08001eac   0x08001eac   0x00000034   Code   RO         2697    i.HAL_Init          stm32f4xx_hal.o
    0x08001ee0   0x08001ee0   0x00000098   Code   RO          772    i.HAL_InitTick      stm32f4xx_hal_timebase_tim.o
    0x08001f78   0x08001f78   0x00000038   Code   RO          748    i.HAL_MspInit       stm32f4xx_hal_msp.o
    0x08001fb0   0x08001fb0   0x0000001a   Code   RO         2547    i.HAL_NVIC_EnableIRQ  stm32f4xx_hal_cortex.o
    0x08001fca   0x08001fca   0x00000002   PAD
    0x08001fcc   0x08001fcc   0x00000040   Code   RO         2553    i.HAL_NVIC_SetPriority  stm32f4xx_hal_cortex.o
    0x0800200c   0x0800200c   0x00000024   Code   RO         2554    i.HAL_NVIC_SetPriorityGrouping  stm32f4xx_hal_cortex.o
    0x08002030   0x08002030   0x00000002   Code   RO         1457    i.HAL_PCDEx_LPM_Callback  stm32f4xx_hal_pcd_ex.o
    0x08002032   0x08002032   0x00000008   Code   RO         1458    i.HAL_PCDEx_SetRxFiFo  stm32f4xx_hal_pcd_ex.o
    0x0800203a   0x0800203a   0x00000044   Code   RO         1459    i.HAL_PCDEx_SetTxFiFo  stm32f4xx_hal_pcd_ex.o
    0x0800207e   0x0800207e   0x00000008   Code   RO         1011    i.HAL_PCD_ConnectCallback  usbd_conf.o
    0x08002086   0x08002086   0x00000012   Code   RO         1012    i.HAL_PCD_DataInStageCallback  usbd_conf.o
    0x08002098   0x08002098   0x00000014   Code   RO         1013    i.HAL_PCD_DataOutStageCallback  usbd_conf.o
    0x080020ac   0x080020ac   0x00000008   Code   RO         1014    i.HAL_PCD_DisconnectCallback  usbd_conf.o
    0x080020b4   0x080020b4   0x0000001e   Code   RO         1227    i.HAL_PCD_EP_Abort  stm32f4xx_hal_pcd.o
    0x080020d2   0x080020d2   0x0000004c   Code   RO         1228    i.HAL_PCD_EP_Close  stm32f4xx_hal_pcd.o
    0x0800211e   0x0800211e   0x0000005c   Code   RO         1229    i.HAL_PCD_EP_ClrStall  stm32f4xx_hal_pcd.o
    0x0800217a   0x0800217a   0x00000012   Code   RO         1231    i.HAL_PCD_EP_GetRxCount  stm32f4xx_hal_pcd.o
    0x0800218c   0x0800218c   0x00000060   Code   RO         1232    i.HAL_PCD_EP_Open   stm32f4xx_hal_pcd.o
    0x080021ec   0x080021ec   0x00000048   Code   RO         1233    i.HAL_PCD_EP_Receive  stm32f4xx_hal_pcd.o
    0x08002234   0x08002234   0x00000074   Code   RO         1234    i.HAL_PCD_EP_SetStall  stm32f4xx_hal_pcd.o
    0x080022a8   0x080022a8   0x00000040   Code   RO         1235    i.HAL_PCD_EP_Transmit  stm32f4xx_hal_pcd.o
    0x080022e8   0x080022e8   0x00000560   Code   RO         1237    i.HAL_PCD_IRQHandler  stm32f4xx_hal_pcd.o
    0x08002848   0x08002848   0x00000008   Code   RO         1015    i.HAL_PCD_ISOINIncompleteCallback  usbd_conf.o
    0x08002850   0x08002850   0x00000008   Code   RO         1016    i.HAL_PCD_ISOOUTIncompleteCallback  usbd_conf.o
    0x08002858   0x08002858   0x000000e2   Code   RO         1240    i.HAL_PCD_Init      stm32f4xx_hal_pcd.o
    0x0800293a   0x0800293a   0x00000002   PAD
    0x0800293c   0x0800293c   0x00000084   Code   RO         1018    i.HAL_PCD_MspInit   usbd_conf.o
    0x080029c0   0x080029c0   0x0000002c   Code   RO         1019    i.HAL_PCD_ResetCallback  usbd_conf.o
    0x080029ec   0x080029ec   0x00000008   Code   RO         1020    i.HAL_PCD_ResumeCallback  usbd_conf.o
    0x080029f4   0x080029f4   0x00000008   Code   RO         1021    i.HAL_PCD_SOFCallback  usbd_conf.o
    0x080029fc   0x080029fc   0x00000028   Code   RO         1246    i.HAL_PCD_SetAddress  stm32f4xx_hal_pcd.o
    0x08002a24   0x08002a24   0x0000000e   Code   RO         1022    i.HAL_PCD_SetupStageCallback  usbd_conf.o
    0x08002a32   0x08002a32   0x00000042   Code   RO         1249    i.HAL_PCD_Start     stm32f4xx_hal_pcd.o
    0x08002a74   0x08002a74   0x00000030   Code   RO         1023    i.HAL_PCD_SuspendCallback  usbd_conf.o
    0x08002aa4   0x08002aa4   0x00000134   Code   RO         1804    i.HAL_RCC_ClockConfig  stm32f4xx_hal_rcc.o
    0x08002bd8   0x08002bd8   0x00000040   Code   RO         1808    i.HAL_RCC_GetClockConfig  stm32f4xx_hal_rcc.o
    0x08002c18   0x08002c18   0x0000000c   Code   RO         1809    i.HAL_RCC_GetHCLKFreq  stm32f4xx_hal_rcc.o
    0x08002c24   0x08002c24   0x00000020   Code   RO         1811    i.HAL_RCC_GetPCLK1Freq  stm32f4xx_hal_rcc.o
    0x08002c44   0x08002c44   0x00000020   Code   RO         1812    i.HAL_RCC_GetPCLK2Freq  stm32f4xx_hal_rcc.o
    0x08002c64   0x08002c64   0x00000064   Code   RO         1813    i.HAL_RCC_GetSysClockFreq  stm32f4xx_hal_rcc.o
    0x08002cc8   0x08002cc8   0x0000036c   Code   RO         1816    i.HAL_RCC_OscConfig  stm32f4xx_hal_rcc.o
    0x08003034   0x08003034   0x000000bc   Code   RO         3180    i.HAL_SPI_Init      stm32f4xx_hal_spi.o
    0x080030f0   0x080030f0   0x000000fc   Code   RO          469    i.HAL_SPI_MspInit   spi.o
    0x080031ec   0x080031ec   0x000001e2   Code   RO         3189    i.HAL_SPI_TransmitReceive  stm32f4xx_hal_spi.o
    0x080033ce   0x080033ce   0x00000002   Code   RO         4197    i.HAL_TIMEx_BreakCallback  stm32f4xx_hal_tim_ex.o
    0x080033d0   0x080033d0   0x00000002   Code   RO         4198    i.HAL_TIMEx_CommutCallback  stm32f4xx_hal_tim_ex.o
    0x080033d2   0x080033d2   0x00000002   PAD
    0x080033d4   0x080033d4   0x00000090   Code   RO         4216    i.HAL_TIMEx_MasterConfigSynchronization  stm32f4xx_hal_tim_ex.o
    0x08003464   0x08003464   0x0000005a   Code   RO         3493    i.HAL_TIM_Base_Init  stm32f4xx_hal_tim.o
    0x080034be   0x080034be   0x00000002   PAD
    0x080034c0   0x080034c0   0x00000028   Code   RO          511    i.HAL_TIM_Base_MspInit  tim.o
    0x080034e8   0x080034e8   0x00000078   Code   RO         3496    i.HAL_TIM_Base_Start  stm32f4xx_hal_tim.o
    0x08003560   0x08003560   0x00000080   Code   RO         3498    i.HAL_TIM_Base_Start_IT  stm32f4xx_hal_tim.o
    0x080035e0   0x080035e0   0x000000dc   Code   RO         3502    i.HAL_TIM_ConfigClockSource  stm32f4xx_hal_tim.o
    0x080036bc   0x080036bc   0x00000002   Code   RO         3527    i.HAL_TIM_IC_CaptureCallback  stm32f4xx_hal_tim.o
    0x080036be   0x080036be   0x00000166   Code   RO         3541    i.HAL_TIM_IRQHandler  stm32f4xx_hal_tim.o
    0x08003824   0x08003824   0x00000054   Code   RO          512    i.HAL_TIM_MspPostInit  tim.o
    0x08003878   0x08003878   0x00000002   Code   RO         3544    i.HAL_TIM_OC_DelayElapsedCallback  stm32f4xx_hal_tim.o
    0x0800387a   0x0800387a   0x000000cc   Code   RO         3565    i.HAL_TIM_PWM_ConfigChannel  stm32f4xx_hal_tim.o
    0x08003946   0x08003946   0x0000005a   Code   RO         3568    i.HAL_TIM_PWM_Init  stm32f4xx_hal_tim.o
    0x080039a0   0x080039a0   0x00000002   Code   RO         3570    i.HAL_TIM_PWM_MspInit  stm32f4xx_hal_tim.o
    0x080039a2   0x080039a2   0x00000002   Code   RO         3571    i.HAL_TIM_PWM_PulseFinishedCallback  stm32f4xx_hal_tim.o
    0x080039a4   0x080039a4   0x000000c8   Code   RO         3573    i.HAL_TIM_PWM_Start  stm32f4xx_hal_tim.o
    0x08003a6c   0x08003a6c   0x00000014   Code   RO           14    i.HAL_TIM_PeriodElapsedCallback  main.o
    0x08003a80   0x08003a80   0x00000002   Code   RO         3584    i.HAL_TIM_TriggerCallback  stm32f4xx_hal_tim.o
    0x08003a82   0x08003a82   0x00000002   Code   RO         4475    i.HAL_UARTEx_RxEventCallback  stm32f4xx_hal_uart.o
    0x08003a84   0x08003a84   0x00000002   Code   RO         4489    i.HAL_UART_ErrorCallback  stm32f4xx_hal_uart.o
    0x08003a86   0x08003a86   0x00000002   PAD
    0x08003a88   0x08003a88   0x00000268   Code   RO         4492    i.HAL_UART_IRQHandler  stm32f4xx_hal_uart.o
    0x08003cf0   0x08003cf0   0x00000062   Code   RO         4493    i.HAL_UART_Init     stm32f4xx_hal_uart.o
    0x08003d52   0x08003d52   0x00000002   PAD
    0x08003d54   0x08003d54   0x000001e8   Code   RO          559    i.HAL_UART_MspInit  usart.o
    0x08003f3c   0x08003f3c   0x00000002   Code   RO         4499    i.HAL_UART_RxCpltCallback  stm32f4xx_hal_uart.o
    0x08003f3e   0x08003f3e   0x00000002   PAD
    0x08003f40   0x08003f40   0x000000b2   Code   RO         4501    i.HAL_UART_Transmit  stm32f4xx_hal_uart.o
    0x08003ff2   0x08003ff2   0x00000002   Code   RO         4504    i.HAL_UART_TxCpltCallback  stm32f4xx_hal_uart.o
    0x08003ff4   0x08003ff4   0x00000002   Code   RO          624    i.HardFault_Handler  stm32f4xx_it.o
    0x08003ff6   0x08003ff6   0x00000002   PAD
    0x08003ff8   0x08003ff8   0x00000124   Code   RO         6950    i.INS_task          ins_task.o
    0x0800411c   0x0800411c   0x00000038   Code   RO          859    i.IntToUnicode      usbd_desc.o
    0x08004154   0x08004154   0x000002f4   Code   RO         7771    i.K_FF_Cal          pid.o
    0x08004448   0x08004448   0x0000004a   Code   RO         7773    i.K_FF_init         pid.o
    0x08004492   0x08004492   0x00000002   PAD
    0x08004494   0x08004494   0x000000c8   Code   RO         7237    i.Key_Scan          key_task.o
    0x0800455c   0x0800455c   0x00000044   Code   RO          397    i.MX_CAN1_Init      can.o
    0x080045a0   0x080045a0   0x00000040   Code   RO          398    i.MX_CAN2_Init      can.o
    0x080045e0   0x080045e0   0x0000007c   Code   RO          444    i.MX_DMA_Init       dma.o
    0x0800465c   0x0800465c   0x000000c0   Code   RO          304    i.MX_FREERTOS_Init  freertos.o
    0x0800471c   0x0800471c   0x000000c0   Code   RO          276    i.MX_GPIO_Init      gpio.o
    0x080047dc   0x080047dc   0x00000048   Code   RO          470    i.MX_SPI1_Init      spi.o
    0x08004824   0x08004824   0x00000098   Code   RO          513    i.MX_TIM4_Init      tim.o
    0x080048bc   0x080048bc   0x00000038   Code   RO          560    i.MX_USART1_UART_Init  usart.o
    0x080048f4   0x080048f4   0x0000003c   Code   RO          561    i.MX_USART3_UART_Init  usart.o
    0x08004930   0x08004930   0x00000038   Code   RO          562    i.MX_USART6_UART_Init  usart.o
    0x08004968   0x08004968   0x00000054   Code   RO          811    i.MX_USB_DEVICE_Init  usb_device.o
    0x080049bc   0x080049bc   0x000001e4   Code   RO         8019    i.MahonyAHRSupdateIMU  mahonyahrs.o
    0x08004ba0   0x08004ba0   0x00000002   Code   RO          625    i.MemManage_Handler  stm32f4xx_it.o
    0x08004ba2   0x08004ba2   0x00000002   Code   RO          626    i.NMI_Handler       stm32f4xx_it.o
    0x08004ba4   0x08004ba4   0x0000000c   Code   RO          627    i.OTG_FS_IRQHandler  stm32f4xx_it.o
    0x08004bb0   0x08004bb0   0x000000cc   Code   RO         1253    i.PCD_EP_OutXfrComplete_int  stm32f4xx_hal_pcd.o
    0x08004c7c   0x08004c7c   0x000000a2   Code   RO         1254    i.PCD_WriteEmptyTxFifo  stm32f4xx_hal_pcd.o
    0x08004d1e   0x08004d1e   0x00000002   PAD
    0x08004d20   0x08004d20   0x000001ec   Code   RO         7775    i.PID_calc          pid.o
    0x08004f0c   0x08004f0c   0x0000004e   Code   RO         7777    i.PID_init          pid.o
    0x08004f5a   0x08004f5a   0x00000002   PAD
    0x08004f5c   0x08004f5c   0x00000060   Code   RO         7555    i.RC_init           bsp_rc.o
    0x08004fbc   0x08004fbc   0x00000070   Code   RO         7279    i.Referee_Data_Process  referee.o
    0x0800502c   0x0800502c   0x0000001c   Code   RO         7280    i.Referee_Sys_Init  referee.o
    0x08005048   0x08005048   0x00000058   Code   RO         3218    i.SPI_EndRxTxTransaction  stm32f4xx_hal_spi.o
    0x080050a0   0x080050a0   0x000000b8   Code   RO         3223    i.SPI_WaitFlagStateUntilTimeout  stm32f4xx_hal_spi.o
    0x08005158   0x08005158   0x0000000a   Code   RO         6315    i.SWAPBYTE          usbd_ctlreq.o
    0x08005162   0x08005162   0x00000002   PAD
    0x08005164   0x08005164   0x0000002c   Code   RO         6077    i.SysTick_Handler   port.o
    0x08005190   0x08005190   0x00000094   Code   RO           15    i.SystemClock_Config  main.o
    0x08005224   0x08005224   0x00000010   Code   RO         4822    i.SystemInit        system_stm32f4xx.o
    0x08005234   0x08005234   0x0000000c   Code   RO          628    i.TIM5_IRQHandler   stm32f4xx_it.o
    0x08005240   0x08005240   0x000000c8   Code   RO         3586    i.TIM_Base_SetConfig  stm32f4xx_hal_tim.o
    0x08005308   0x08005308   0x0000001a   Code   RO         3587    i.TIM_CCxChannelCmd  stm32f4xx_hal_tim.o
    0x08005322   0x08005322   0x00000014   Code   RO         3597    i.TIM_ETR_SetConfig  stm32f4xx_hal_tim.o
    0x08005336   0x08005336   0x00000010   Code   RO         3598    i.TIM_ITRx_SetConfig  stm32f4xx_hal_tim.o
    0x08005346   0x08005346   0x00000002   PAD
    0x08005348   0x08005348   0x00000060   Code   RO         3599    i.TIM_OC1_SetConfig  stm32f4xx_hal_tim.o
    0x080053a8   0x080053a8   0x0000006c   Code   RO         3600    i.TIM_OC2_SetConfig  stm32f4xx_hal_tim.o
    0x08005414   0x08005414   0x00000068   Code   RO         3601    i.TIM_OC3_SetConfig  stm32f4xx_hal_tim.o
    0x0800547c   0x0800547c   0x00000050   Code   RO         3602    i.TIM_OC4_SetConfig  stm32f4xx_hal_tim.o
    0x080054cc   0x080054cc   0x00000022   Code   RO         3604    i.TIM_TI1_ConfigInputStage  stm32f4xx_hal_tim.o
    0x080054ee   0x080054ee   0x00000024   Code   RO         3606    i.TIM_TI2_ConfigInputStage  stm32f4xx_hal_tim.o
    0x08005512   0x08005512   0x00000010   Code   RO         4506    i.UART_DMAAbortOnError  stm32f4xx_hal_uart.o
    0x08005522   0x08005522   0x0000004e   Code   RO         4516    i.UART_EndRxTransfer  stm32f4xx_hal_uart.o
    0x08005570   0x08005570   0x000000c0   Code   RO         4518    i.UART_Receive_IT   stm32f4xx_hal_uart.o
    0x08005630   0x08005630   0x0000010c   Code   RO         4519    i.UART_SetConfig    stm32f4xx_hal_uart.o
    0x0800573c   0x0800573c   0x00000078   Code   RO         4522    i.UART_WaitOnFlagUntilTimeout  stm32f4xx_hal_uart.o
    0x080057b4   0x080057b4   0x0000000c   Code   RO          629    i.USART1_IRQHandler  stm32f4xx_it.o
    0x080057c0   0x080057c0   0x000000c0   Code   RO         7157    i.USART3_IRQHandler  remote_control.o
    0x08005880   0x08005880   0x00000090   Code   RO         7281    i.USART6_IRQHandler  referee.o
    0x08005910   0x08005910   0x00000076   Code   RO         6448    i.USBD_CDC_DataIn   usbd_cdc.o
    0x08005986   0x08005986   0x0000003c   Code   RO         6449    i.USBD_CDC_DataOut  usbd_cdc.o
    0x080059c2   0x080059c2   0x00000002   PAD
    0x080059c4   0x080059c4   0x00000090   Code   RO         6450    i.USBD_CDC_DeInit   usbd_cdc.o
    0x08005a54   0x08005a54   0x00000036   Code   RO         6451    i.USBD_CDC_EP0_RxReady  usbd_cdc.o
    0x08005a8a   0x08005a8a   0x00000002   PAD
    0x08005a8c   0x08005a8c   0x0000000c   Code   RO         6452    i.USBD_CDC_GetDeviceQualifierDescriptor  usbd_cdc.o
    0x08005a98   0x08005a98   0x0000003c   Code   RO         6453    i.USBD_CDC_GetFSCfgDesc  usbd_cdc.o
    0x08005ad4   0x08005ad4   0x00000040   Code   RO         6454    i.USBD_CDC_GetHSCfgDesc  usbd_cdc.o
    0x08005b14   0x08005b14   0x0000003c   Code   RO         6455    i.USBD_CDC_GetOtherSpeedCfgDesc  usbd_cdc.o
    0x08005b50   0x08005b50   0x00000118   Code   RO         6456    i.USBD_CDC_Init     usbd_cdc.o
    0x08005c68   0x08005c68   0x00000038   Code   RO         6457    i.USBD_CDC_ReceivePacket  usbd_cdc.o
    0x08005ca0   0x08005ca0   0x00000016   Code   RO         6458    i.USBD_CDC_RegisterInterface  usbd_cdc.o
    0x08005cb6   0x08005cb6   0x0000001a   Code   RO         6459    i.USBD_CDC_SetRxBuffer  usbd_cdc.o
    0x08005cd0   0x08005cd0   0x0000001e   Code   RO         6460    i.USBD_CDC_SetTxBuffer  usbd_cdc.o
    0x08005cee   0x08005cee   0x000000d4   Code   RO         6461    i.USBD_CDC_Setup    usbd_cdc.o
    0x08005dc2   0x08005dc2   0x00000002   PAD
    0x08005dc4   0x08005dc4   0x00000050   Code   RO         6462    i.USBD_CDC_TransmitPacket  usbd_cdc.o
    0x08005e14   0x08005e14   0x00000014   Code   RO         6156    i.USBD_ClrClassConfig  usbd_core.o
    0x08005e28   0x08005e28   0x00000004   Code   RO         6157    i.USBD_CoreFindEP   usbd_core.o
    0x08005e2c   0x08005e2c   0x00000004   Code   RO         6158    i.USBD_CoreFindIF   usbd_core.o
    0x08005e30   0x08005e30   0x00000010   Code   RO         6388    i.USBD_CtlContinueRx  usbd_ioreq.o
    0x08005e40   0x08005e40   0x00000010   Code   RO         6389    i.USBD_CtlContinueSendData  usbd_ioreq.o
    0x08005e50   0x08005e50   0x00000016   Code   RO         6316    i.USBD_CtlError     usbd_ctlreq.o
    0x08005e66   0x08005e66   0x0000001e   Code   RO         6390    i.USBD_CtlPrepareRx  usbd_ioreq.o
    0x08005e84   0x08005e84   0x00000016   Code   RO         6391    i.USBD_CtlReceiveStatus  usbd_ioreq.o
    0x08005e9a   0x08005e9a   0x0000001a   Code   RO         6392    i.USBD_CtlSendData  usbd_ioreq.o
    0x08005eb4   0x08005eb4   0x00000016   Code   RO         6393    i.USBD_CtlSendStatus  usbd_ioreq.o
    0x08005eca   0x08005eca   0x00000002   PAD
    0x08005ecc   0x08005ecc   0x00000020   Code   RO          860    i.USBD_FS_ConfigStrDescriptor  usbd_desc.o
    0x08005eec   0x08005eec   0x0000000c   Code   RO          861    i.USBD_FS_DeviceDescriptor  usbd_desc.o
    0x08005ef8   0x08005ef8   0x00000024   Code   RO          862    i.USBD_FS_InterfaceStrDescriptor  usbd_desc.o
    0x08005f1c   0x08005f1c   0x0000000c   Code   RO          863    i.USBD_FS_LangIDStrDescriptor  usbd_desc.o
    0x08005f28   0x08005f28   0x00000028   Code   RO          864    i.USBD_FS_ManufacturerStrDescriptor  usbd_desc.o
    0x08005f50   0x08005f50   0x0000002c   Code   RO          865    i.USBD_FS_ProductStrDescriptor  usbd_desc.o
    0x08005f7c   0x08005f7c   0x00000038   Code   RO          866    i.USBD_FS_SerialStrDescriptor  usbd_desc.o
    0x08005fb4   0x08005fb4   0x000000e6   Code   RO         6317    i.USBD_GetDescriptor  usbd_ctlreq.o
    0x0800609a   0x0800609a   0x0000003a   Code   RO         6160    i.USBD_GetEpDesc    usbd_core.o
    0x080060d4   0x080060d4   0x0000000e   Code   RO         6161    i.USBD_GetNextDesc  usbd_core.o
    0x080060e2   0x080060e2   0x00000048   Code   RO         6318    i.USBD_GetString    usbd_ctlreq.o
    0x0800612a   0x0800612a   0x00000018   Code   RO         1024    i.USBD_Get_USB_Status  usbd_conf.o
    0x08006142   0x08006142   0x00000026   Code   RO         6162    i.USBD_Init         usbd_core.o
    0x08006168   0x08006168   0x00000012   Code   RO         1025    i.USBD_LL_ClearStallEP  usbd_conf.o
    0x0800617a   0x0800617a   0x00000012   Code   RO         1026    i.USBD_LL_CloseEP   usbd_conf.o
    0x0800618c   0x0800618c   0x000000b6   Code   RO         6163    i.USBD_LL_DataInStage  usbd_core.o
    0x08006242   0x08006242   0x0000008e   Code   RO         6164    i.USBD_LL_DataOutStage  usbd_core.o
    0x080062d0   0x080062d0   0x00000004   Code   RO         6165    i.USBD_LL_DevConnected  usbd_core.o
    0x080062d4   0x080062d4   0x0000001e   Code   RO         6166    i.USBD_LL_DevDisconnected  usbd_core.o
    0x080062f2   0x080062f2   0x00000008   Code   RO         1030    i.USBD_LL_GetRxDataSize  usbd_conf.o
    0x080062fa   0x080062fa   0x00000002   PAD
    0x080062fc   0x080062fc   0x00000060   Code   RO         1031    i.USBD_LL_Init      usbd_conf.o
    0x0800635c   0x0800635c   0x00000020   Code   RO         1032    i.USBD_LL_IsStallEP  usbd_conf.o
    0x0800637c   0x0800637c   0x00000028   Code   RO         6167    i.USBD_LL_IsoINIncomplete  usbd_core.o
    0x080063a4   0x080063a4   0x00000028   Code   RO         6168    i.USBD_LL_IsoOUTIncomplete  usbd_core.o
    0x080063cc   0x080063cc   0x00000018   Code   RO         1033    i.USBD_LL_OpenEP    usbd_conf.o
    0x080063e4   0x080063e4   0x00000012   Code   RO         1034    i.USBD_LL_PrepareReceive  usbd_conf.o
    0x080063f6   0x080063f6   0x0000005c   Code   RO         6169    i.USBD_LL_Reset     usbd_core.o
    0x08006452   0x08006452   0x00000014   Code   RO         6170    i.USBD_LL_Resume    usbd_core.o
    0x08006466   0x08006466   0x0000001a   Code   RO         6171    i.USBD_LL_SOF       usbd_core.o
    0x08006480   0x08006480   0x00000006   Code   RO         6172    i.USBD_LL_SetSpeed  usbd_core.o
    0x08006486   0x08006486   0x00000012   Code   RO         1035    i.USBD_LL_SetUSBAddress  usbd_conf.o
    0x08006498   0x08006498   0x00000060   Code   RO         6173    i.USBD_LL_SetupStage  usbd_core.o
    0x080064f8   0x080064f8   0x00000012   Code   RO         1036    i.USBD_LL_StallEP   usbd_conf.o
    0x0800650a   0x0800650a   0x00000012   Code   RO         1037    i.USBD_LL_Start     usbd_conf.o
    0x0800651c   0x0800651c   0x00000012   Code   RO         6174    i.USBD_LL_Suspend   usbd_core.o
    0x0800652e   0x0800652e   0x00000012   Code   RO         1039    i.USBD_LL_Transmit  usbd_conf.o
    0x08006540   0x08006540   0x0000002c   Code   RO         6319    i.USBD_ParseSetupRequest  usbd_ctlreq.o
    0x0800656c   0x0800656c   0x0000003a   Code   RO         6175    i.USBD_RegisterClass  usbd_core.o
    0x080065a6   0x080065a6   0x00000014   Code   RO         6177    i.USBD_SetClassConfig  usbd_core.o
    0x080065ba   0x080065ba   0x00000002   PAD
    0x080065bc   0x080065bc   0x000000b8   Code   RO         6320    i.USBD_SetConfig    usbd_ctlreq.o
    0x08006674   0x08006674   0x00000004   Code   RO         6178    i.USBD_Start        usbd_core.o
    0x08006678   0x08006678   0x0000012c   Code   RO         6321    i.USBD_StdDevReq    usbd_ctlreq.o
    0x080067a4   0x080067a4   0x00000160   Code   RO         6322    i.USBD_StdEPReq     usbd_ctlreq.o
    0x08006904   0x08006904   0x00000072   Code   RO         6323    i.USBD_StdItfReq    usbd_ctlreq.o
    0x08006976   0x08006976   0x00000002   Code   RO         1040    i.USBD_static_free  usbd_conf.o
    0x08006978   0x08006978   0x00000008   Code   RO         1041    i.USBD_static_malloc  usbd_conf.o
    0x08006980   0x08006980   0x00000080   Code   RO         1499    i.USB_ActivateEndpoint  stm32f4xx_ll_usb.o
    0x08006a00   0x08006a00   0x0000001c   Code   RO         1501    i.USB_ActivateSetup  stm32f4xx_ll_usb.o
    0x08006a1c   0x08006a1c   0x00000074   Code   RO         1503    i.USB_CoreInit      stm32f4xx_ll_usb.o
    0x08006a90   0x08006a90   0x00000040   Code   RO         1504    i.USB_CoreReset     stm32f4xx_ll_usb.o
    0x08006ad0   0x08006ad0   0x000000cc   Code   RO         1507    i.USB_DeactivateEndpoint  stm32f4xx_ll_usb.o
    0x08006b9c   0x08006b9c   0x0000001c   Code   RO         1508    i.USB_DevConnect    stm32f4xx_ll_usb.o
    0x08006bb8   0x08006bb8   0x0000001c   Code   RO         1509    i.USB_DevDisconnect  stm32f4xx_ll_usb.o
    0x08006bd4   0x08006bd4   0x00000174   Code   RO         1510    i.USB_DevInit       stm32f4xx_ll_usb.o
    0x08006d48   0x08006d48   0x0000000c   Code   RO         1511    i.USB_DisableGlobalInt  stm32f4xx_ll_usb.o
    0x08006d54   0x08006d54   0x0000011c   Code   RO         1514    i.USB_EP0StartXfer  stm32f4xx_ll_usb.o
    0x08006e70   0x08006e70   0x00000058   Code   RO         1515    i.USB_EP0_OutStart  stm32f4xx_ll_usb.o
    0x08006ec8   0x08006ec8   0x00000058   Code   RO         1516    i.USB_EPClearStall  stm32f4xx_ll_usb.o
    0x08006f20   0x08006f20   0x00000058   Code   RO         1517    i.USB_EPSetStall    stm32f4xx_ll_usb.o
    0x08006f78   0x08006f78   0x000001e4   Code   RO         1518    i.USB_EPStartXfer   stm32f4xx_ll_usb.o
    0x0800715c   0x0800715c   0x0000009e   Code   RO         1519    i.USB_EPStopXfer    stm32f4xx_ll_usb.o
    0x080071fa   0x080071fa   0x0000000c   Code   RO         1520    i.USB_EnableGlobalInt  stm32f4xx_ll_usb.o
    0x08007206   0x08007206   0x00000002   PAD
    0x08007208   0x08007208   0x0000003c   Code   RO         1521    i.USB_FlushRxFifo   stm32f4xx_ll_usb.o
    0x08007244   0x08007244   0x00000040   Code   RO         1522    i.USB_FlushTxFifo   stm32f4xx_ll_usb.o
    0x08007284   0x08007284   0x0000001a   Code   RO         1524    i.USB_GetDevSpeed   stm32f4xx_ll_usb.o
    0x0800729e   0x0800729e   0x00000008   Code   RO         1526    i.USB_GetMode       stm32f4xx_ll_usb.o
    0x080072a6   0x080072a6   0x0000000e   Code   RO         1533    i.USB_ReadDevAllInEpInterrupt  stm32f4xx_ll_usb.o
    0x080072b4   0x080072b4   0x0000000e   Code   RO         1534    i.USB_ReadDevAllOutEpInterrupt  stm32f4xx_ll_usb.o
    0x080072c2   0x080072c2   0x00000024   Code   RO         1535    i.USB_ReadDevInEPInterrupt  stm32f4xx_ll_usb.o
    0x080072e6   0x080072e6   0x00000010   Code   RO         1536    i.USB_ReadDevOutEPInterrupt  stm32f4xx_ll_usb.o
    0x080072f6   0x080072f6   0x00000008   Code   RO         1537    i.USB_ReadInterrupts  stm32f4xx_ll_usb.o
    0x080072fe   0x080072fe   0x0000003e   Code   RO         1538    i.USB_ReadPacket    stm32f4xx_ll_usb.o
    0x0800733c   0x0800733c   0x0000005c   Code   RO         1540    i.USB_SetCurrentMode  stm32f4xx_ll_usb.o
    0x08007398   0x08007398   0x00000022   Code   RO         1541    i.USB_SetDevAddress  stm32f4xx_ll_usb.o
    0x080073ba   0x080073ba   0x00000002   PAD
    0x080073bc   0x080073bc   0x000000e8   Code   RO         1543    i.USB_SetTurnaroundTime  stm32f4xx_ll_usb.o
    0x080074a4   0x080074a4   0x00000028   Code   RO         1546    i.USB_WritePacket   stm32f4xx_ll_usb.o
    0x080074cc   0x080074cc   0x00000002   Code   RO          630    i.UsageFault_Handler  stm32f4xx_it.o
    0x080074ce   0x080074ce   0x00000026   Code   RO         8156    i.Verify_CRC8_Check_Sum  crc8_crc16.o
    0x080074f4   0x080074f4   0x00000010   Code   RO         7108    i.VofaInit          vofa_task.o
    0x08007504   0x08007504   0x00000018   Code   RO         7109    i.Vofa_Send         vofa_task.o
    0x0800751c   0x0800751c   0x00000026   Code   RO         8637    i.__ARM_fpclassifyf  m_wm.l(fpclassifyf.o)
    0x08007542   0x08007542   0x00000020   Code   RO         2560    i.__NVIC_SetPriority  stm32f4xx_hal_cortex.o
    0x08007562   0x08007562   0x00000002   PAD
    0x08007564   0x08007564   0x0000012c   Code   RO         8469    i.__hardfp_asinf    m_wm.l(asinf.o)
    0x08007690   0x08007690   0x00000250   Code   RO         8481    i.__hardfp_atan2f   m_wm.l(atan2f.o)
    0x080078e0   0x080078e0   0x00000006   Code   RO         8640    i.__mathlib_flt_infnan  m_wm.l(funder.o)
    0x080078e6   0x080078e6   0x00000006   Code   RO         8641    i.__mathlib_flt_infnan2  m_wm.l(funder.o)
    0x080078ec   0x080078ec   0x00000010   Code   RO         8642    i.__mathlib_flt_invalid  m_wm.l(funder.o)
    0x080078fc   0x080078fc   0x00000010   Code   RO         8645    i.__mathlib_flt_underflow  m_wm.l(funder.o)
    0x0800790c   0x0800790c   0x0000008c   Code   RO         6554    i.aimbots_task      aimbots_task.o
    0x08007998   0x08007998   0x00000030   Code   RO         6850    i.angle_to_180      gimbal_task.o
    0x080079c8   0x080079c8   0x00000110   Code   RO         7634    i.bmi088_accel_init  bmi088driver.o
    0x08007ad8   0x08007ad8   0x000000dc   Code   RO         7635    i.bmi088_gyro_init  bmi088driver.o
    0x08007bb4   0x08007bb4   0x00000010   Code   RO         7517    i.buzzer_off        bsp_buzzer.o
    0x08007bc4   0x08007bc4   0x00000010   Code   RO         7518    i.buzzer_on         bsp_buzzer.o
    0x08007bd4   0x08007bd4   0x00000058   Code   RO         7439    i.canfilter_init_start  can_receive.o
    0x08007c2c   0x08007c2c   0x0000000c   Code   RO         6627    i.communicate_task  communicate_task.o
    0x08007c38   0x08007c38   0x00000050   Code   RO         6708    i.detect_hook       detect_task.o
    0x08007c88   0x08007c88   0x00000078   Code   RO         6709    i.detect_init       detect_task.o
    0x08007d00   0x08007d00   0x000000f0   Code   RO         6710    i.detect_task       detect_task.o
    0x08007df0   0x08007df0   0x00000014   Code   RO         6951    i.get_INS_angle     ins_task.o
    0x08007e04   0x08007e04   0x00000008   Code   RO         6952    i.get_INS_data_point  ins_task.o
    0x08007e0c   0x08007e0c   0x000000b0   Code   RO         6954    i.get_angle         ins_task.o
    0x08007ebc   0x08007ebc   0x00000010   Code   RO         7440    i.get_gimbal_friction_motor_measure_point  can_receive.o
    0x08007ecc   0x08007ecc   0x00000008   Code   RO         7441    i.get_gimbal_pitch_motor_measure_point  can_receive.o
    0x08007ed4   0x08007ed4   0x00000008   Code   RO         7442    i.get_gimbal_yaw_motor_measure_point  can_receive.o
    0x08007edc   0x08007edc   0x00000008   Code   RO         6555    i.get_mini_data_point  aimbots_task.o
    0x08007ee4   0x08007ee4   0x00000008   Code   RO         7158    i.get_remote_control_point  remote_control.o
    0x08007eec   0x08007eec   0x00000008   Code   RO         7060    i.get_shoot_PID_Debug  shoot_task.o
    0x08007ef4   0x08007ef4   0x0000007c   Code   RO         6851    i.gimbal_auto_angle_limit  gimbal_task.o
    0x08007f70   0x08007f70   0x0000003c   Code   RO         6788    i.gimbal_behaviour_control_set  gimbal_behaviour.o
    0x08007fac   0x08007fac   0x0000003c   Code   RO         6789    i.gimbal_behaviour_mode_set  gimbal_behaviour.o
    0x08007fe8   0x08007fe8   0x00000060   Code   RO         6790    i.gimbal_behavour_set  gimbal_behaviour.o
    0x08008048   0x08008048   0x000000c4   Code   RO         6791    i.gimbal_encode_angle_control  gimbal_behaviour.o
    0x0800810c   0x0800810c   0x00000032   Code   RO         6852    i.gimbal_encode_angle_limit  gimbal_task.o
    0x0800813e   0x0800813e   0x00000064   Code   RO         6853    i.gimbal_feedback_update  gimbal_task.o
    0x080081a2   0x080081a2   0x00000002   PAD
    0x080081a4   0x080081a4   0x000000a8   Code   RO         6792    i.gimbal_gyro_angle_control  gimbal_behaviour.o
    0x0800824c   0x0800824c   0x000000d4   Code   RO         6854    i.gimbal_gyro_angle_limit  gimbal_task.o
    0x08008320   0x08008320   0x00000218   Code   RO         6855    i.gimbal_init       gimbal_task.o
    0x08008538   0x08008538   0x0000005c   Code   RO         6856    i.gimbal_motor_auto_angle_control  gimbal_task.o
    0x08008594   0x08008594   0x0000003c   Code   RO         6857    i.gimbal_motor_encode_angle_control  gimbal_task.o
    0x080085d0   0x080085d0   0x0000002e   Code   RO         6858    i.gimbal_motor_gyro_angle_control  gimbal_task.o
    0x080085fe   0x080085fe   0x00000002   PAD
    0x08008600   0x08008600   0x00000080   Code   RO         6859    i.gimbal_set_control  gimbal_task.o
    0x08008680   0x08008680   0x00000124   Code   RO         6860    i.gimbal_task       gimbal_task.o
    0x080087a4   0x080087a4   0x000000b0   Code   RO         6955    i.imu_offset_accquier  ins_task.o
    0x08008854   0x08008854   0x00000032   Code   RO         6956    i.imu_offset_remove  ins_task.o
    0x08008886   0x08008886   0x00000002   PAD
    0x08008888   0x08008888   0x0000002c   Code   RO         8020    i.invSqrt           mahonyahrs.o
    0x080088b4   0x080088b4   0x00000068   Code   RO         7238    i.key_task          key_task.o
    0x0800891c   0x0800891c   0x0000004a   Code   RO           16    i.main              main.o
    0x08008966   0x08008966   0x0000000c   Code   RO         5642    i.makeFreeRtosPriority  cmsis_os.o
    0x08008972   0x08008972   0x00000002   PAD
    0x08008974   0x08008974   0x00000034   Code   RO         6861    i.motor_ecd_to_angle_change  gimbal_task.o
    0x080089a8   0x080089a8   0x00000010   Code   RO         7778    i.my_fabs           pid.o
    0x080089b8   0x080089b8   0x0000000e   Code   RO         5644    i.osDelay           cmsis_os.o
    0x080089c6   0x080089c6   0x0000000a   Code   RO         5647    i.osKernelStart     cmsis_os.o
    0x080089d0   0x080089d0   0x00000054   Code   RO         5681    i.osThreadCreate    cmsis_os.o
    0x08008a24   0x08008a24   0x00000070   Code   RO         5324    i.prvAddCurrentTaskToDelayedList  tasks.o
    0x08008a94   0x08008a94   0x000000d0   Code   RO         5325    i.prvAddNewTaskToReadyList  tasks.o
    0x08008b64   0x08008b64   0x00000034   Code   RO         5326    i.prvDeleteTCB      tasks.o
    0x08008b98   0x08008b98   0x0000004c   Code   RO         6009    i.prvHeapInit       heap_4.o
    0x08008be4   0x08008be4   0x00000060   Code   RO         5327    i.prvIdleTask       tasks.o
    0x08008c44   0x08008c44   0x00000098   Code   RO         5328    i.prvInitialiseNewTask  tasks.o
    0x08008cdc   0x08008cdc   0x0000004c   Code   RO         6010    i.prvInsertBlockIntoFreeList  heap_4.o
    0x08008d28   0x08008d28   0x00000020   Code   RO         5329    i.prvResetNextTaskUnblockTime  tasks.o
    0x08008d48   0x08008d48   0x00000028   Code   RO         6078    i.prvTaskExitError  port.o
    0x08008d70   0x08008d70   0x000000dc   Code   RO         6011    i.pvPortMalloc      heap_4.o
    0x08008e4c   0x08008e4c   0x0000002c   Code   RO         6079    i.pxPortInitialiseStack  port.o
    0x08008e78   0x08008e78   0x000000e8   Code   RO         7333    i.referee_init      bsp_usart.o
    0x08008f60   0x08008f60   0x00000010   Code   RO         7159    i.remote_control_init  remote_control.o
    0x08008f70   0x08008f70   0x000000b4   Code   RO         7160    i.sbus_to_rc        remote_control.o
    0x08009024   0x08009024   0x000000a8   Code   RO         7061    i.shoot_feedback_update  shoot_task.o
    0x080090cc   0x080090cc   0x000001c8   Code   RO         7030    i.shoot_motor_behaviour_set  shoot_behaviour.o
    0x08009294   0x08009294   0x00000034   Code   RO         7062    i.shoot_motor_control  shoot_task.o
    0x080092c8   0x080092c8   0x00000004   Code   RO         7031    i.shoot_motor_mode_set  shoot_behaviour.o
    0x080092cc   0x080092cc   0x00000124   Code   RO         7063    i.shoot_task        shoot_task.o
    0x080093f0   0x080093f0   0x0000003e   Code   RO         8513    i.sqrtf             m_wm.l(sqrtf_full.o)
    0x0800942e   0x0800942e   0x00000002   PAD
    0x08009430   0x08009430   0x00000018   Code   RO         6712    i.toe_is_error      detect_task.o
    0x08009448   0x08009448   0x00000026   Code   RO         4960    i.uxListRemove      list.o
    0x0800946e   0x0800946e   0x00000002   PAD
    0x08009470   0x08009470   0x00000014   Code   RO          311    i.vApplicationGetIdleTaskMemory  freertos.o
    0x08009484   0x08009484   0x00000016   Code   RO         4961    i.vListInitialise   list.o
    0x0800949a   0x0800949a   0x00000006   Code   RO         4962    i.vListInitialiseItem  list.o
    0x080094a0   0x080094a0   0x00000030   Code   RO         4963    i.vListInsert       list.o
    0x080094d0   0x080094d0   0x00000018   Code   RO         4964    i.vListInsertEnd    list.o
    0x080094e8   0x080094e8   0x00000040   Code   RO         6081    i.vPortEnterCritical  port.o
    0x08009528   0x08009528   0x00000028   Code   RO         6082    i.vPortExitCritical  port.o
    0x08009550   0x08009550   0x00000064   Code   RO         6012    i.vPortFree         heap_4.o
    0x080095b4   0x080095b4   0x00000024   Code   RO         6083    i.vPortSetupTimerInterrupt  port.o
    0x080095d8   0x080095d8   0x0000004c   Code   RO         5338    i.vTaskDelay        tasks.o
    0x08009624   0x08009624   0x0000006c   Code   RO         5351    i.vTaskStartScheduler  tasks.o
    0x08009690   0x08009690   0x00000010   Code   RO         5353    i.vTaskSuspendAll   tasks.o
    0x080096a0   0x080096a0   0x0000005c   Code   RO         5354    i.vTaskSwitchContext  tasks.o
    0x080096fc   0x080096fc   0x00000040   Code   RO         7110    i.vofa_justfloat    vofa_task.o
    0x0800973c   0x0800973c   0x0000001c   Code   RO         7111    i.vofa_task         vofa_task.o
    0x08009758   0x08009758   0x000000f4   Code   RO         6085    i.xPortStartScheduler  port.o
    0x0800984c   0x0800984c   0x0000005a   Code   RO         5357    i.xTaskCreate       tasks.o
    0x080098a6   0x080098a6   0x00000056   Code   RO         5358    i.xTaskCreateStatic  tasks.o
    0x080098fc   0x080098fc   0x0000000c   Code   RO         5363    i.xTaskGetTickCount  tasks.o
    0x08009908   0x08009908   0x000000cc   Code   RO         5365    i.xTaskIncrementTick  tasks.o
    0x080099d4   0x080099d4   0x000000c4   Code   RO         5371    i.xTaskResumeAll    tasks.o
    0x08009a98   0x08009a98   0x000002c4   Code   RO         8445    x$fpl$d2f           g_wm.l(d2f_clz.o)
    0x08009d5c   0x08009d5c   0x0000002e   Code   RO         8448    x$fpl$dflt          g_wm.l(dflt_clz.o)
    0x08009d8a   0x08009d8a   0x00000002   PAD
    0x08009d8c   0x08009d8c   0x000001c0   Code   RO         8453    x$fpl$dmul          g_wm.l(dmul_clz.o)
    0x08009f4c   0x08009f4c   0x00000102   Code   RO         8616    x$fpl$dnaninf       g_wm.l(dnaninf.o)
    0x0800a04e   0x0800a04e   0x00000070   Code   RO         8618    x$fpl$drenorm       g_wm.l(drenorm_clz.o)
    0x0800a0be   0x0800a0be   0x0000000c   Code   RO         8620    x$fpl$dretinf       g_wm.l(dretinf.o)
    0x0800a0ca   0x0800a0ca   0x0000017a   Code   RO         8624    x$fpl$dunder        g_wm.l(dunder_clz.o)
    0x0800a244   0x0800a244   0x000001ec   Code   RO         8626    x$fpl$exception     g_wm.l(except.o)
    0x0800a430   0x0800a430   0x0000000a   Code   RO         8704    x$fpl$fpinit        g_wm.l(fpinit.o)
    0x0800a43a   0x0800a43a   0x0000000a   Code   RO         8630    x$fpl$fretinf       g_wm.l(fretinf.o)
    0x0800a444   0x0800a444   0x0000013c   Code   RO         8632    x$fpl$funder        g_wm.l(funder_clz.o)
    0x0800a580   0x0800a580   0x000000b2   Code   RO         8706    x$fpl$retnan        g_wm.l(retnan.o)
    0x0800a632   0x0800a632   0x0000007e   Code   RO         8634    x$fpl$trapveneer    g_wm.l(trapv.o)
    0x0800a6b0   0x0800a6b0   0x00000000   Code   RO         8636    x$fpl$usenofp       g_wm.l(usenofp.o)
    0x0800a6b0   0x0800a6b0   0x000000e0   Data   RO          314    .constdata          freertos.o
    0x0800a790   0x0800a790   0x00000008   Data   RO         2277    .constdata          stm32f4xx_hal_dma.o
    0x0800a798   0x0800a798   0x00000010   Data   RO         4823    .constdata          system_stm32f4xx.o
    0x0800a7a8   0x0800a7a8   0x00000008   Data   RO         4824    .constdata          system_stm32f4xx.o
    0x0800a7b0   0x0800a7b0   0x00000024   Data   RO         6714    .constdata          detect_task.o
    0x0800a7d4   0x0800a7d4   0x00000080   Data   RO         6863    .constdata          gimbal_task.o
    0x0800a854   0x0800a854   0x0000000c   Data   RO         6959    .constdata          ins_task.o
    0x0800a860   0x0800a860   0x00000018   Data   RO         7065    .constdata          shoot_task.o
    0x0800a878   0x0800a878   0x00000300   Data   RO         8158    .constdata          crc8_crc16.o
    0x0800ab78   0x0800ab78   0x00000068   Data   RO          315    .conststring        freertos.o
    0x0800abe0   0x0800abe0   0x00000020   Data   RO         8795    Region$$Table       anon$$obj.o


    Execution Region RW_IRAM1 (Exec base: 0x20000000, Load base: 0x0800ac00, Size: 0x00007670, Max: 0x0001c000, ABSOLUTE, COMPRESSED[0x0000010c])

    Exec Addr    Load Addr    Size         Type   Attr      Idx    E Section Name        Object

    0x20000000   COMPRESSED   0x00000020   Data   RW          316    .data               freertos.o
    0x20000020   COMPRESSED   0x00000004   Data   RW          400    .data               can.o
    0x20000024   COMPRESSED   0x0000001c   Data   RW          868    .data               usbd_desc.o
    0x20000040   COMPRESSED   0x00000032   Data   RW          869    .data               usbd_desc.o
    0x20000072   COMPRESSED   0x00000002   PAD
    0x20000074   COMPRESSED   0x00000014   Data   RW          961    .data               usbd_cdc_if.o
    0x20000088   COMPRESSED   0x0000000c   Data   RW         2704    .data               stm32f4xx_hal.o
    0x20000094   COMPRESSED   0x00000004   Data   RW         4825    .data               system_stm32f4xx.o
    0x20000098   COMPRESSED   0x0000003c   Data   RW         5374    .data               tasks.o
    0x200000d4   COMPRESSED   0x00000020   Data   RW         6018    .data               heap_4.o
    0x200000f4   COMPRESSED   0x0000000c   Data   RW         6086    .data               port.o
    0x20000100   COMPRESSED   0x00000001   Data   RW         6324    .data               usbd_ctlreq.o
    0x20000101   COMPRESSED   0x00000003   PAD
    0x20000104   COMPRESSED   0x00000053   Data   RW         6463    .data               usbd_cdc.o
    0x20000157   COMPRESSED   0x00000001   PAD
    0x20000158   COMPRESSED   0x00000038   Data   RW         6464    .data               usbd_cdc.o
    0x20000190   COMPRESSED   0x00000012   Data   RW         6557    .data               aimbots_task.o
    0x200001a2   COMPRESSED   0x00000001   Data   RW         6628    .data               communicate_task.o
    0x200001a3   COMPRESSED   0x00000001   PAD
    0x200001a4   COMPRESSED   0x00000008   Data   RW         6629    .data               communicate_task.o
    0x200001ac   COMPRESSED   0x00000008   Data   RW         6715    .data               detect_task.o
    0x200001b4   COMPRESSED   0x00000008   Data   RW         6793    .data               gimbal_behaviour.o
    0x200001bc   COMPRESSED   0x0000000c   Data   RW         6864    .data               gimbal_task.o
    0x200001c8   COMPRESSED   0x0000000c   Data   RW         6960    .data               ins_task.o
    0x200001d4   COMPRESSED   0x00000004   Data   RW         7032    .data               shoot_behaviour.o
    0x200001d8   COMPRESSED   0x00000008   Data   RW         7066    .data               shoot_task.o
    0x200001e0   COMPRESSED   0x00000004   Data   RW         7113    .data               vofa_task.o
    0x200001e4   COMPRESSED   0x00000002   Data   RW         7164    .data               remote_control.o
    0x200001e6   COMPRESSED   0x0000000c   Data   RW         7240    .data               key_task.o
    0x200001f2   COMPRESSED   0x00000016   Data   RW         7445    .data               can_receive.o
    0x20000208   COMPRESSED   0x0000002c   Data   RW         7636    .data               bmi088driver.o
    0x20000234   COMPRESSED   0x00000018   Data   RW         7779    .data               pid.o
    0x2000024c   COMPRESSED   0x00000014   Data   RW         8021    .data               mahonyahrs.o
    0x20000260        -       0x00000254   Zero   RW          313    .bss                freertos.o
    0x200004b4        -       0x00000050   Zero   RW          399    .bss                can.o
    0x20000504        -       0x00000118   Zero   RW          471    .bss                spi.o
    0x2000061c        -       0x00000048   Zero   RW          514    .bss                tim.o
    0x20000664        -       0x000001ec   Zero   RW          563    .bss                usart.o
    0x20000850        -       0x00000048   Zero   RW          775    .bss                stm32f4xx_hal_timebase_tim.o
    0x20000898        -       0x000002dc   Zero   RW          812    .bss                usb_device.o
    0x20000b74        -       0x00000200   Zero   RW          867    .bss                usbd_desc.o
    0x20000d74        -       0x00001064   Zero   RW          960    .bss                usbd_cdc_if.o
    0x20001dd8        -       0x0000072c   Zero   RW         1042    .bss                usbd_conf.o
    0x20002504        -       0x000000f0   Zero   RW         5373    .bss                tasks.o
    0x200025f4        -       0x00003c00   Zero   RW         6017    .bss                heap_4.o
    0x200061f4        -       0x0000001e   Zero   RW         6556    .bss                aimbots_task.o
    0x20006212        -       0x000000fc   Zero   RW         6713    .bss                detect_task.o
    0x2000630e   COMPRESSED   0x00000002   PAD
    0x20006310        -       0x00000550   Zero   RW         6862    .bss                gimbal_task.o
    0x20006860        -       0x000000c0   Zero   RW         6957    .bss                ins_task.o
    0x20006920        -       0x0000018c   Zero   RW         7064    .bss                shoot_task.o
    0x20006aac        -       0x00000018   Zero   RW         7112    .bss                vofa_task.o
    0x20006ac4        -       0x00000060   Zero   RW         7163    .bss                remote_control.o
    0x20006b24        -       0x00000028   Zero   RW         7239    .bss                key_task.o
    0x20006b4c        -       0x00000496   Zero   RW         7283    .bss                referee.o
    0x20006fe2        -       0x00000028   Zero   RW         7443    .bss                can_receive.o
    0x2000700a   COMPRESSED   0x00000002   PAD
    0x2000700c        -       0x00000060   Zero   RW         8659    .bss                c_w.l(libspace.o)
    0x2000706c   COMPRESSED   0x00000004   PAD
    0x20007070        -       0x00000200   Zero   RW            2    HEAP                startup_stm32f407xx.o
    0x20007270        -       0x00000400   Zero   RW            1    STACK               startup_stm32f407xx.o


    Execution Region RW_IRAM2 (Exec base: 0x2001c000, Load base: 0x0800ad0c, Size: 0x00000000, Max: 0x00004000, ABSOLUTE)

    **** No section assigned to this execution region ****


==============================================================================

Image component sizes


      Code (inc. data)   RO Data    RW Data    ZI Data      Debug   Object Name

       148         20          0         18         30      10245   aimbots_task.o
       936         16          0         44          0       6458   bmi088driver.o
       170         28          0          0          0       4796   bmi088middleware.o
        60         14          0          0          0       1813   bsp_buzzer.o
        96         12          0          0          0       1002   bsp_rc.o
       232         24          0          0          0     614842   bsp_usart.o
       432         44          0          4         80       2462   can.o
       516         68          0         22         40       6927   can_receive.o
       120          0          0          0          0      23233   cmsis_os.o
       376         30          0          9          0       3566   communicate_task.o
        66          4        768          0          0       2330   crc8_crc16.o
       464         34         36          8        252       4616   detect_task.o
       124          4          0          0          0        830   dma.o
         0          0          0          0          0      16864   event_groups.o
       212         12        328         32        596       2613   freertos.o
       580         60          0          8          0       8466   gimbal_behaviour.o
      1740        140        128         12       1360      13326   gimbal_task.o
       192         12          0          0          0       1031   gpio.o
       472         24          0         32      15360       7367   heap_4.o
       754         48         12         12        192       5556   ins_task.o
       332         40          0         12         40       3451   key_task.o
       138          0          0          0          0       3502   list.o
       528         22          0         20          0       2026   mahonyahrs.o
       246         14          0          0          0     758884   main.o
      1416         36          0         24          0       7988   pid.o
       702         72          0         12          0      10908   port.o
       284         32          0          0       1174       9572   referee.o
       396         34          0          2         96       6760   remote_control.o
       460         26          0          4          0       1955   shoot_behaviour.o
       520         60         24          8        396       5211   shoot_task.o
       324         32          0          0        280       1883   spi.o
        64         26        392          0       1536        836   startup_stm32f407xx.o
       116         18          0         12          0       8674   stm32f4xx_hal.o
      1638          6          0          0          0      14127   stm32f4xx_hal_can.o
       158         14          0          0          0      33126   stm32f4xx_hal_cortex.o
       934         16          8          0          0       5567   stm32f4xx_hal_dma.o
       506         46          0          0          0       2168   stm32f4xx_hal_gpio.o
        56          4          0          0          0        854   stm32f4xx_hal_msp.o
      2638         12          0          0          0      13600   stm32f4xx_hal_pcd.o
        78          0          0          0          0       2377   stm32f4xx_hal_pcd_ex.o
      1424         92          0          0          0       6321   stm32f4xx_hal_rcc.o
       942         12          0          0          0       4877   stm32f4xx_hal_spi.o
      2140        166          0          0          0      17431   stm32f4xx_hal_tim.o
       148         28          0          0          0       2425   stm32f4xx_hal_tim_ex.o
       152         20          0          0         72       1459   stm32f4xx_hal_timebase_tim.o
      1574         16          0          0          0      10400   stm32f4xx_hal_uart.o
       168         78          0          0          0       8818   stm32f4xx_it.o
      2888        134          0          0          0      23787   stm32f4xx_ll_usb.o
         0          0          0          0          0        392   stream_buffer.o
        16          4         24          4          0       1103   system_stm32f4xx.o
      1532        118          0         60        240      19918   tasks.o
       276         34          0          0         72       2328   tim.o
       660         76          0          0        492       3417   usart.o
        84         18          0          0        732       2599   usb_device.o
      1278         36          0        139          0      14265   usbd_cdc.o
       148         26          0         20       4196       4038   usbd_cdc_if.o
       644         24          0          0       1836      16624   usbd_conf.o
       916          0          0          0          0      15299   usbd_core.o
      1328         28          0          1          0      14812   usbd_ctlreq.o
       288        104          0         78        512       6113   usbd_desc.o
       132          0          0          0          0       4480   usbd_ioreq.o
       132         16          0          4         24       3180   vofa_task.o

    ----------------------------------------------------------------------
     36162       2134       1752        608      29612    1815898   Object Totals
         0          0         32          0          0          0   (incl. Generated)
        68          0          0          7          4          0   (incl. Padding)

    ----------------------------------------------------------------------

      Code (inc. data)   RO Data    RW Data    ZI Data      Debug   Library Member Name

        90          0          0          0          0          0   __dczerorl2.o
         8          0          0          0          0         68   __main.o
         0          0          0          0          0          0   __rtentry.o
        12          0          0          0          0          0   __rtentry2.o
         6          0          0          0          0          0   __rtentry4.o
        52          8          0          0          0          0   __scatter.o
        28          0          0          0          0          0   __scatter_zi.o
        48          4          0          0          0         84   _fptrap.o
        22          0          0          0          0        100   _rserrno.o
        10          0          0          0          0         68   defsig_exit.o
       172        110          0          0          0         76   defsig_fpe_inner.o
        14          0          0          0          0         80   defsig_fpe_outer.o
        50          0          0          0          0         88   defsig_general.o
        80         58          0          0          0         76   defsig_rtmem_inner.o
        14          0          0          0          0         80   defsig_rtmem_outer.o
        18          0          0          0          0         80   exit.o
        94          0          0          0          0         80   h1_alloc.o
        52          0          0          0          0         68   h1_extend.o
        78          0          0          0          0         80   h1_free.o
        14          0          0          0          0         84   h1_init.o
         6          0          0          0          0        152   heapauxi.o
         4          0          0          0          0        136   hguard.o
         0          0          0          0          0          0   indicate_semi.o
       138          0          0          0          0        168   init_alloc.o
         2          0          0          0          0          0   libinit.o
        14          0          0          0          0          0   libinit2.o
         2          0          0          0          0          0   libshutdown.o
         2          0          0          0          0          0   libshutdown2.o
         8          4          0          0         96         68   libspace.o
       238          0          0          0          0        100   lludivv7m.o
         0          0          0          0          0          0   maybetermalloc1.o
         8          4          0          0          0         68   rt_errno_addr_intlibspace.o
         8          4          0          0          0         68   rt_heap_descriptor_intlibspace.o
        78          0          0          0          0         80   rt_memclr_w.o
       138          0          0          0          0         68   rt_memcpy_v6.o
       100          0          0          0          0         80   rt_memcpy_w.o
       132          0          0          0          0         68   rt_memmove_v6.o
       122          0          0          0          0         80   rt_memmove_w.o
         2          0          0          0          0          0   rtexit.o
        10          0          0          0          0          0   rtexit2.o
        12          4          0          0          0         68   sys_exit.o
        74          0          0          0          0         80   sys_stackheap_outer.o
        14          0          0          0          0         76   sys_wrch.o
         2          0          0          0          0         68   use_no_semi.o
       708         16          0          0          0        140   d2f_clz.o
        46          0          0          0          0        116   dflt_clz.o
       448         16          0          0          0        164   dmul_clz.o
       258          4          0          0          0        156   dnaninf.o
       112          0          0          0          0        160   drenorm_clz.o
        12          0          0          0          0        116   dretinf.o
       378          0          0          0          0        168   dunder_clz.o
       492         36          0          0          0        148   except.o
        10          0          0          0          0        116   fpinit.o
        10          0          0          0          0        116   fretinf.o
       316          0          0          0          0        132   funder_clz.o
       178          0          0          0          0        116   retnan.o
       126          0          0          0          0        148   trapv.o
         0          0          0          0          0          0   usenofp.o
       300         42          0          0          0        176   asinf.o
       592         90          0          0          0        184   atan2f.o
        38          0          0          0          0        116   fpclassifyf.o
        44         12          0          0          0        464   funder.o
        62          0          0          0          0        136   sqrtf_full.o

    ----------------------------------------------------------------------
      6118        412          0          0        100       5412   Library Totals
        12          0          0          0          4          0   (incl. Padding)

    ----------------------------------------------------------------------

      Code (inc. data)   RO Data    RW Data    ZI Data      Debug   Library Name

      1976        196          0          0         96       2540   c_w.l
      3094         72          0          0          0       1796   g_wm.l
      1036        144          0          0          0       1076   m_wm.l

    ----------------------------------------------------------------------
      6118        412          0          0        100       5412   Library Totals

    ----------------------------------------------------------------------

==============================================================================


      Code (inc. data)   RO Data    RW Data    ZI Data      Debug   

     42280       2546       1752        608      29712    1780406   Grand Totals
     42280       2546       1752        268      29712    1780406   ELF Image Totals (compressed)
     42280       2546       1752        268          0          0   ROM Totals

==============================================================================

    Total RO  Size (Code + RO Data)                44032 (  43.00kB)
    Total RW  Size (RW Data + ZI Data)             30320 (  29.61kB)
    Total ROM Size (Code + RO Data + RW Data)      44300 (  43.26kB)

==============================================================================

